Component: ARM Compiler 5.06 update 7 (build 960) Tool: armlink [4d3601]

==============================================================================

Section Cross References

    startup_stm32f401xe.o(RESET) refers to startup_stm32f401xe.o(STACK) for __initial_sp
    startup_stm32f401xe.o(RESET) refers to startup_stm32f401xe.o(.text) for Reset_Handler
    startup_stm32f401xe.o(RESET) refers to stm32f4xx_it.o(i.NMI_Handler) for NMI_Handler
    startup_stm32f401xe.o(RESET) refers to stm32f4xx_it.o(i.HardFault_Handler) for HardFault_Handler
    startup_stm32f401xe.o(RESET) refers to stm32f4xx_it.o(i.MemManage_Handler) for MemManage_Handler
    startup_stm32f401xe.o(RESET) refers to stm32f4xx_it.o(i.BusFault_Handler) for BusFault_Handler
    startup_stm32f401xe.o(RESET) refers to stm32f4xx_it.o(i.UsageFault_Handler) for UsageFault_Handler
    startup_stm32f401xe.o(RESET) refers to stm32f4xx_it.o(i.SVC_Handler) for SVC_Handler
    startup_stm32f401xe.o(RESET) refers to stm32f4xx_it.o(i.DebugMon_Handler) for DebugMon_Handler
    startup_stm32f401xe.o(RESET) refers to stm32f4xx_it.o(i.PendSV_Handler) for PendSV_Handler
    startup_stm32f401xe.o(RESET) refers to stm32f4xx_it.o(i.SysTick_Handler) for SysTick_Handler
    startup_stm32f401xe.o(RESET) refers to stm32f4xx_it.o(i.TIM3_IRQHandler) for TIM3_IRQHandler
    startup_stm32f401xe.o(RESET) refers to stm32f4xx_it.o(i.DMA2_Stream0_IRQHandler) for DMA2_Stream0_IRQHandler
    startup_stm32f401xe.o(.text) refers to system_stm32f4xx.o(i.SystemInit) for SystemInit
    startup_stm32f401xe.o(.text) refers to entry.o(.ARM.Collect$$$$00000000) for __main
    mcufriend_kbv.o(i.LCD_Begin) refers to mcufriend_kbv.o(i.LCD_Reset) for LCD_Reset
    mcufriend_kbv.o(i.LCD_Begin) refers to mcufriend_kbv.o(i.init_table16) for init_table16
    mcufriend_kbv.o(i.LCD_Begin) refers to mcufriend_kbv.o(i.init_table) for init_table
    mcufriend_kbv.o(i.LCD_Begin) refers to mcufriend_kbv.o(i.LCD_SetRotation) for LCD_SetRotation
    mcufriend_kbv.o(i.LCD_Begin) refers to mcufriend_kbv.o(i.LCD_InvertDisplay) for LCD_InvertDisplay
    mcufriend_kbv.o(i.LCD_Begin) refers to mcufriend_kbv.o(i.LCD_DrawPixel) for LCD_DrawPixel
    mcufriend_kbv.o(i.LCD_Begin) refers to mcufriend_kbv.o(i.LCD_ReadPixel) for LCD_ReadPixel
    mcufriend_kbv.o(i.LCD_Begin) refers to mcufriend_kbv.o(i.LCD_PushCommand) for LCD_PushCommand
    mcufriend_kbv.o(i.LCD_Begin) refers to mcufriend_kbv.o(.data) for .data
    mcufriend_kbv.o(i.LCD_Begin) refers to mcufriend_kbv.o(.constdata) for .constdata
    mcufriend_kbv.o(i.LCD_DrawChar) refers to mcufriend_kbv.o(i.LCD_FillRect) for LCD_FillRect
    mcufriend_kbv.o(i.LCD_DrawChar) refers to mcufriend_kbv.o(i.LCD_DrawPixel) for LCD_DrawPixel
    mcufriend_kbv.o(i.LCD_DrawChar) refers to mcufriend_kbv.o(.constdata) for .constdata
    mcufriend_kbv.o(i.LCD_DrawCircle) refers to mcufriend_kbv.o(i.LCD_DrawPixel) for LCD_DrawPixel
    mcufriend_kbv.o(i.LCD_DrawCircleHelper) refers to mcufriend_kbv.o(i.LCD_DrawPixel) for LCD_DrawPixel
    mcufriend_kbv.o(i.LCD_DrawFastHLine) refers to mcufriend_kbv.o(i.LCD_FillRect) for LCD_FillRect
    mcufriend_kbv.o(i.LCD_DrawFastVLine) refers to mcufriend_kbv.o(i.LCD_FillRect) for LCD_FillRect
    mcufriend_kbv.o(i.LCD_DrawLine) refers to mcufriend_kbv.o(i.LCD_DrawPixel) for LCD_DrawPixel
    mcufriend_kbv.o(i.LCD_DrawPixel) refers to mcufriend_kbv.o(i.color565_to_555) for color565_to_555
    mcufriend_kbv.o(i.LCD_DrawPixel) refers to mcufriend_kbv.o(i.LCD_SetAddrWindow) for LCD_SetAddrWindow
    mcufriend_kbv.o(i.LCD_DrawPixel) refers to mcufriend_kbv.o(i.LCD_WriteCmdData) for LCD_WriteCmdData
    mcufriend_kbv.o(i.LCD_DrawPixel) refers to mcufriend_kbv.o(.data) for .data
    mcufriend_kbv.o(i.LCD_DrawRect) refers to mcufriend_kbv.o(i.LCD_DrawFastHLine) for LCD_DrawFastHLine
    mcufriend_kbv.o(i.LCD_DrawRect) refers to mcufriend_kbv.o(i.LCD_DrawFastVLine) for LCD_DrawFastVLine
    mcufriend_kbv.o(i.LCD_FillCircle) refers to mcufriend_kbv.o(i.LCD_DrawFastVLine) for LCD_DrawFastVLine
    mcufriend_kbv.o(i.LCD_FillCircle) refers to mcufriend_kbv.o(i.LCD_FillCircleHelper) for LCD_FillCircleHelper
    mcufriend_kbv.o(i.LCD_FillCircleHelper) refers to mcufriend_kbv.o(i.LCD_DrawFastVLine) for LCD_DrawFastVLine
    mcufriend_kbv.o(i.LCD_FillRect) refers to mcufriend_kbv.o(i.color565_to_555) for color565_to_555
    mcufriend_kbv.o(i.LCD_FillRect) refers to mcufriend_kbv.o(i.LCD_SetAddrWindow) for LCD_SetAddrWindow
    mcufriend_kbv.o(i.LCD_FillRect) refers to mcufriend_kbv.o(.data) for .data
    mcufriend_kbv.o(i.LCD_FillScreen) refers to mcufriend_kbv.o(i.LCD_FillRect) for LCD_FillRect
    mcufriend_kbv.o(i.LCD_FillScreen) refers to mcufriend_kbv.o(.data) for .data
    mcufriend_kbv.o(i.LCD_InvertDisplay) refers to mcufriend_kbv.o(i.WriteCmdParamN) for WriteCmdParamN
    mcufriend_kbv.o(i.LCD_InvertDisplay) refers to mcufriend_kbv.o(i.LCD_WriteCmdData) for LCD_WriteCmdData
[...]
    ..\Core\Src\MCUFRIEND_kbv.c              0x00000000   Number         0  mcufriend_kbv.o ABSOLUTE
    ..\Core\Src\adc.c                        0x00000000   Number         0  adc.o ABSOLUTE
    ..\Core\Src\ball.c                       0x00000000   Number         0  ball.o ABSOLUTE
    ..\Core\Src\dma.c                        0x00000000   Number         0  dma.o ABSOLUTE
    ..\Core\Src\gpio.c                       0x00000000   Number         0  gpio.o ABSOLUTE
    ..\Core\Src\main.c                       0x00000000   Number         0  main.o ABSOLUTE
    ..\Core\Src\shapes.c                     0x00000000   Number         0  shapes.o ABSOLUTE
    ..\Core\Src\stm32f4xx_hal_msp.c          0x00000000   Number         0  stm32f4xx_hal_msp.o ABSOLUTE
    ..\Core\Src\stm32f4xx_it.c               0x00000000   Number         0  stm32f4xx_it.o ABSOLUTE
    ..\Core\Src\system_stm32f4xx.c           0x00000000   Number         0  system_stm32f4xx.o ABSOLUTE
    ..\Core\Src\tetris.c                     0x00000000   Number         0  tetris.o ABSOLUTE
    ..\Core\Src\tim.c                        0x00000000   Number         0  tim.o ABSOLUTE
    ..\Core\Src\usart.c                      0x00000000   Number         0  usart.o ABSOLUTE
    ..\Drivers\STM32F4xx_HAL_Driver\Src\stm32f4xx_hal.c 0x00000000   Number         0  stm32f4xx_hal.o ABSOLUTE
    ..\Drivers\STM32F4xx_HAL_Driver\Src\stm32f4xx_hal_adc.c 0x00000000   Number         0  stm32f4xx_hal_adc.o ABSOLUTE
    ..\Drivers\STM32F4xx_HAL_Driver\Src\stm32f4xx_hal_adc_ex.c 0x00000000   Number         0  stm32f4xx_hal_adc_ex.o ABSOLUTE
    ..\Drivers\STM32F4xx_HAL_Driver\Src\stm32f4xx_hal_cortex.c 0x00000000   Number         0  stm32f4xx_hal_cortex.o ABSOLUTE
    ..\Drivers\STM32F4xx_HAL_Driver\Src\stm32f4xx_hal_dma.c 0x00000000   Number         0  stm32f4xx_hal_dma.o ABSOLUTE
    ..\Drivers\STM32F4xx_HAL_Driver\Src\stm32f4xx_hal_dma_ex.c 0x00000000   Number         0  stm32f4xx_hal_dma_ex.o ABSOLUTE
    ..\Drivers\STM32F4xx_HAL_Driver\Src\stm32f4xx_hal_exti.c 0x00000000   Number         0  stm32f4xx_hal_exti.o ABSOLUTE
    ..\Drivers\STM32F4xx_HAL_Driver\Src\stm32f4xx_hal_flash.c 0x00000000   Number         0  stm32f4xx_hal_flash.o ABSOLUTE
    ..\Drivers\STM32F4xx_HAL_Driver\Src\stm32f4xx_hal_flash_ex.c 0x00000000   Number         0  stm32f4xx_hal_flash_ex.o ABSOLUTE
    ..\Drivers\STM32F4xx_HAL_Driver\Src\stm32f4xx_hal_flash_ramfunc.c 0x00000000   Number         0  stm32f4xx_hal_flash_ramfunc.o ABSOLUTE
    ..\Drivers\STM32F4xx_HAL_Driver\Src\stm32f4xx_hal_gpio.c 0x00000000   Number         0  stm32f4xx_hal_gpio.o ABSOLUTE
    ..\Drivers\STM32F4xx_HAL_Driver\Src\stm32f4xx_hal_pwr.c 0x00000000   Number         0  stm32f4xx_hal_pwr.o ABSOLUTE
    ..\Drivers\STM32F4xx_HAL_Driver\Src\stm32f4xx_hal_pwr_ex.c 0x00000000   Number         0  stm32f4xx_hal_pwr_ex.o ABSOLUTE
    ..\Drivers\STM32F4xx_HAL_Driver\Src\stm32f4xx_hal_rcc.c 0x00000000   Number         0  stm32f4xx_hal_rcc.o ABSOLUTE
    ..\Drivers\STM32F4xx_HAL_Driver\Src\stm32f4xx_hal_rcc_ex.c 0x00000000   Number         0  stm32f4xx_hal_rcc_ex.o ABSOLUTE
    ..\Drivers\STM32F4xx_HAL_Driver\Src\stm32f4xx_hal_tim.c 0x00000000   Number         0  stm32f4xx_hal_tim.o ABSOLUTE
    ..\Drivers\STM32F4xx_HAL_Driver\Src\stm32f4xx_hal_tim_ex.c 0x00000000   Number         0  stm32f4xx_hal_tim_ex.o ABSOLUTE
    ..\Drivers\STM32F4xx_HAL_Driver\Src\stm32f4xx_hal_uart.c 0x00000000   Number         0  stm32f4xx_hal_uart.o ABSOLUTE
    ..\\Core\\Src\\MCUFRIEND_kbv.c           0x00000000   Number         0  mcufriend_kbv.o ABSOLUTE
    cdcmple.s                                0x00000000   Number         0  cdcmple.o ABSOLUTE
    cdrcmple.s                               0x00000000   Number         0  cdrcmple.o ABSOLUTE
    dc.s                                     0x00000000   Number         0  dc.o ABSOLUTE
    handlers.s                               0x00000000   Number         0  handlers.o ABSOLUTE
    init.s                                   0x00000000   Number         0  init.o ABSOLUTE
    startup_stm32f401xe.s                    0x00000000   Number         0  startup_stm32f401xe.o ABSOLUTE
    RESET                                    0x08000000   Section      404  startup_stm32f401xe.o(RESET)
    .ARM.Collect$$$$00000000                 0x08000194   Section        0  entry.o(.ARM.Collect$$$$00000000)
    .ARM.Collect$$$$00000001                 0x08000194   Section        4  entry2.o(.ARM.Collect$$$$00000001)
    .ARM.Collect$$$$00000004                 0x08000198   Section        4  entry5.o(.ARM.Collect$$$$00000004)
    .ARM.Collect$$$$00000008                 0x0800019c   Section        0  entry7b.o(.ARM.Collect$$$$00000008)
    .ARM.Collect$$$$0000000A                 0x0800019c   Section        0  entry8b.o(.ARM.Collect$$$$0000000A)
    .ARM.Collect$$$$0000000B                 0x0800019c   Section        8  entry9a.o(.ARM.Collect$$$$0000000B)
    .ARM.Collect$$$$0000000E                 0x080001a4   Section        4  entry12b.o(.ARM.Collect$$$$0000000E)
    .ARM.Collect$$$$0000000F                 0x080001a8   Section        0  entry10a.o(.ARM.Collect$$$$0000000F)
    .ARM.Collect$$$$00000011                 0x080001a8   Section        0  entry11a.o(.ARM.Collect$$$$00000011)
    .ARM.Collect$$$$00002712                 0x080001a8   Section        4  entry2.o(.ARM.Collect$$$$00002712)
    __lit__00000000                          0x080001a8   Data           4  entry2.o(.ARM.Collect$$$$00002712)
    .text                                    0x080001ac   Section       36  startup_stm32f401xe.o(.text)
    $v0                                      0x080001ac   Number         0  startup_stm32f401xe.o(.text)
    .text                                    0x080001d0   Section        0  uldiv.o(.text)
    .text                                    0x08000234   Section        0  rand.o(.text)
    .text                                    0x08000258   Section        0  memseta.o(.text)
    .text                                    0x0800027c   Section        0  dmul.o(.text)
    .text                                    0x08000360   Section        0  ddiv.o(.text)
    .text                                    0x0800043e   Section        0  f2d.o(.text)
    .text                                    0x08000464   Section        0  uidiv.o(.text)
    .text                                    0x08000490   Section        0  llshl.o(.text)
    .text                                    0x080004ae   Section        0  llushr.o(.text)
    .text                                    0x080004ce   Section        0  depilogue.o(.text)
    .text                                    0x080004ce   Section        0  iusefp.o(.text)
    .text                                    0x08000588   Section        0  dadd.o(.text)
    .text                                    0x080006d6   Section        0  dfixul.o(.text)
    .text                                    0x08000708   Section       48  cdrcmple.o(.text)
    .text                                    0x08000738   Section       36  init.o(.text)
    .text                                    0x0800075c   Section        0  llsshr.o(.text)
    .text                                    0x08000780   Section        0  __dczerorl2.o(.text)
    i.ADC_Init                               0x080007d8   Section        0  stm32f4xx_hal_adc.o(i.ADC_Init)
    ADC_Init                                 0x080007d9   Thumb Code   284  stm32f4xx_hal_adc.o(i.ADC_Init)
    i.BusFault_Handler                       0x08000900   Section        0  stm32f4xx_it.o(i.BusFault_Handler)
    i.DMA2_Stream0_IRQHandler                0x08000904   Section        0  stm32f4xx_it.o(i.DMA2_Stream0_IRQHandler)
    i.DMA_CalcBaseAndBitshift                0x08000910   Section        0  stm32f4xx_hal_dma.o(i.DMA_CalcBaseAndBitshift)
    DMA_CalcBaseAndBitshift                  0x08000911   Thumb Code    34  stm32f4xx_hal_dma.o(i.DMA_CalcBaseAndBitshift)
    i.DMA_CheckFifoParam                     0x08000938   Section        0  stm32f4xx_hal_dma.o(i.DMA_CheckFifoParam)
    DMA_CheckFifoParam                       0x08000939   Thumb Code    84  stm32f4xx_hal_dma.o(i.DMA_CheckFifoParam)
    i.DebugMon_Handler                       0x0800098c   Section        0  stm32f4xx_it.o(i.DebugMon_Handler)
    i.Error_Handler                          0x0800098e   Section        0  main.o(i.Error_Handler)
    i.HAL_ADC_ConfigChannel                  0x08000994   Section        0  stm32f4xx_hal_adc.o(i.HAL_ADC_ConfigChannel)
    i.HAL_ADC_Init                           0x08000ae0   Section        0  stm32f4xx_hal_adc.o(i.HAL_ADC_Init)
    i.HAL_ADC_MspInit                        0x08000b34   Section        0  adc.o(i.HAL_ADC_MspInit)
    i.HAL_DMA_IRQHandler                     0x08000bd0   Section        0  stm32f4xx_hal_dma.o(i.HAL_DMA_IRQHandler)
    i.HAL_DMA_Init                           0x08000d70   Section        0  stm32f4xx_hal_dma.o(i.HAL_DMA_Init)
    i.HAL_Delay                              0x08000e44   Section        0  stm32f4xx_hal.o(i.HAL_Delay)
    i.HAL_GPIO_Init                          0x08000e68   Section        0  stm32f4xx_hal_gpio.o(i.HAL_GPIO_Init)
    i.HAL_GPIO_WritePin                      0x0800100c   Section        0  stm32f4xx_hal_gpio.o(i.HAL_GPIO_WritePin)
    i.HAL_GetTick                            0x08001018   Section        0  stm32f4xx_hal.o(i.HAL_GetTick)
    i.HAL_IncTick                            0x08001024   Section        0  stm32f4xx_hal.o(i.HAL_IncTick)
    i.HAL_Init                               0x08001034   Section        0  stm32f4xx_hal.o(i.HAL_Init)
    i.HAL_InitTick                           0x08001068   Section        0  stm32f4xx_hal.o(i.HAL_InitTick)
    i.HAL_MspInit                            0x080010a8   Section        0  stm32f4xx_hal_msp.o(i.HAL_MspInit)
    i.HAL_NVIC_EnableIRQ                     0x080010dc   Section        0  stm32f4xx_hal_cortex.o(i.HAL_NVIC_EnableIRQ)
    i.HAL_NVIC_SetPriority                   0x080010f8   Section        0  stm32f4xx_hal_cortex.o(i.HAL_NVIC_SetPriority)
    i.HAL_NVIC_SetPriorityGrouping           0x08001138   Section        0  stm32f4xx_hal_cortex.o(i.HAL_NVIC_SetPriorityGrouping)
    i.HAL_RCC_ClockConfig                    0x0800115c   Section        0  stm32f4xx_hal_rcc.o(i.HAL_RCC_ClockConfig)
    i.HAL_RCC_GetPCLK1Freq                   0x08001290   Section        0  stm32f4xx_hal_rcc.o(i.HAL_RCC_GetPCLK1Freq)
    i.HAL_RCC_GetPCLK2Freq                   0x080012b0   Section        0  stm32f4xx_hal_rcc.o(i.HAL_RCC_GetPCLK2Freq)
    i.HAL_RCC_GetSysClockFreq                0x080012d0   Section        0  stm32f4xx_hal_rcc.o(i.HAL_RCC_GetSysClockFreq)
    i.HAL_RCC_OscConfig                      0x08001330   Section        0  stm32f4xx_hal_rcc.o(i.HAL_RCC_OscConfig)
    i.HAL_SYSTICK_Callback                   0x08001688   Section        0  main.o(i.HAL_SYSTICK_Callback)
    i.HAL_SYSTICK_Config                     0x080016ac   Section        0  stm32f4xx_hal_cortex.o(i.HAL_SYSTICK_Config)
    i.HAL_SYSTICK_IRQHandler                 0x080016d4   Section        0  stm32f4xx_hal_cortex.o(i.HAL_SYSTICK_IRQHandler)
    i.HAL_TIMEx_BreakCallback                0x080016dc   Section        0  stm32f4xx_hal_tim_ex.o(i.HAL_TIMEx_BreakCallback)
    i.HAL_TIMEx_CommutCallback               0x080016de   Section        0  stm32f4xx_hal_tim_ex.o(i.HAL_TIMEx_CommutCallback)
    i.HAL_TIMEx_MasterConfigSynchronization  0x080016e0   Section        0  stm32f4xx_hal_tim_ex.o(i.HAL_TIMEx_MasterConfigSynchronization)
    i.HAL_TIM_Base_Init                      0x0800175c   Section        0  stm32f4xx_hal_tim.o(i.HAL_TIM_Base_Init)
    i.HAL_TIM_Base_MspInit                   0x080017b8   Section        0  tim.o(i.HAL_TIM_Base_MspInit)
    i.HAL_TIM_ConfigClockSource              0x08001860   Section        0  stm32f4xx_hal_tim.o(i.HAL_TIM_ConfigClockSource)
    i.HAL_TIM_IC_CaptureCallback             0x0800193c   Section        0  main.o(i.HAL_TIM_IC_CaptureCallback)
    i.HAL_TIM_IC_ConfigChannel               0x08001aa8   Section        0  stm32f4xx_hal_tim.o(i.HAL_TIM_IC_ConfigChannel)
    i.HAL_TIM_IC_Init                        0x08001bc8   Section        0  stm32f4xx_hal_tim.o(i.HAL_TIM_IC_Init)
    i.HAL_TIM_IC_MspInit                     0x08001c22   Section        0  stm32f4xx_hal_tim.o(i.HAL_TIM_IC_MspInit)
    i.HAL_TIM_IC_Start_IT                    0x08001c24   Section        0  stm32f4xx_hal_tim.o(i.HAL_TIM_IC_Start_IT)
    i.HAL_TIM_IRQHandler                     0x08001d3c   Section        0  stm32f4xx_hal_tim.o(i.HAL_TIM_IRQHandler)
    i.HAL_TIM_MspPostInit                    0x08001ea4   Section        0  tim.o(i.HAL_TIM_MspPostInit)
    i.HAL_TIM_OC_DelayElapsedCallback        0x08001ef4   Section        0  stm32f4xx_hal_tim.o(i.HAL_TIM_OC_DelayElapsedCallback)
    i.HAL_TIM_PWM_ConfigChannel              0x08001ef6   Section        0  stm32f4xx_hal_tim.o(i.HAL_TIM_PWM_ConfigChannel)
    i.HAL_TIM_PWM_Init                       0x08001fc2   Section        0  stm32f4xx_hal_tim.o(i.HAL_TIM_PWM_Init)
    i.HAL_TIM_PWM_MspInit                    0x0800201c   Section        0  stm32f4xx_hal_tim.o(i.HAL_TIM_PWM_MspInit)
    i.HAL_TIM_PWM_PulseFinishedCallback      0x0800201e   Section        0  stm32f4xx_hal_tim.o(i.HAL_TIM_PWM_PulseFinishedCallback)
    i.HAL_TIM_PWM_Start                      0x08002020   Section        0  stm32f4xx_hal_tim.o(i.HAL_TIM_PWM_Start)
    i.HAL_TIM_PeriodElapsedCallback          0x080020d8   Section        0  stm32f4xx_hal_tim.o(i.HAL_TIM_PeriodElapsedCallback)
    i.HAL_TIM_TriggerCallback                0x080020da   Section        0  stm32f4xx_hal_tim.o(i.HAL_TIM_TriggerCallback)
    i.HAL_UART_Init                          0x080020dc   Section        0  stm32f4xx_hal_uart.o(i.HAL_UART_Init)
    i.HAL_UART_MspInit                       0x08002140   Section        0  usart.o(i.HAL_UART_MspInit)
    i.HAL_UART_Transmit                      0x080021a8   Section        0  stm32f4xx_hal_uart.o(i.HAL_UART_Transmit)
    i.HardFault_Handler                      0x08002258   Section        0  stm32f4xx_it.o(i.HardFault_Handler)
    i.LCD_Begin                              0x0800225c   Section        0  mcufriend_kbv.o(i.LCD_Begin)
    i.LCD_Color565                           0x08002650   Section        0  mcufriend_kbv.o(i.LCD_Color565)
    i.LCD_DrawChar                           0x08002664   Section        0  mcufriend_kbv.o(i.LCD_DrawChar)
    i.LCD_DrawPixel                          0x08002718   Section        0  mcufriend_kbv.o(i.LCD_DrawPixel)
    i.LCD_FillRect                           0x08002768   Section        0  mcufriend_kbv.o(i.LCD_FillRect)
    i.LCD_FillScreen                         0x08002a6c   Section        0  mcufriend_kbv.o(i.LCD_FillScreen)
    i.LCD_InvertDisplay                      0x08002a88   Section        0  mcufriend_kbv.o(i.LCD_InvertDisplay)
    i.LCD_Printf                             0x08002b40   Section        0  mcufriend_kbv.o(i.LCD_Printf)
    i.LCD_PushCommand                        0x08002bb8   Section        0  mcufriend_kbv.o(i.LCD_PushCommand)
    i.LCD_ReadGRAM                           0x08002bc4   Section        0  mcufriend_kbv.o(i.LCD_ReadGRAM)
    i.LCD_ReadPixel                          0x080032e8   Section        0  mcufriend_kbv.o(i.LCD_ReadPixel)
    i.LCD_Reset                              0x080032fc   Section        0  mcufriend_kbv.o(i.LCD_Reset)
    i.LCD_SetAddrWindow                      0x080033c0   Section        0  mcufriend_kbv.o(i.LCD_SetAddrWindow)
    i.LCD_SetCursor                          0x08003504   Section        0  mcufriend_kbv.o(i.LCD_SetCursor)
    i.LCD_SetRotation                        0x08003510   Section        0  mcufriend_kbv.o(i.LCD_SetRotation)
    i.LCD_SetTextColor                       0x08003834   Section        0  mcufriend_kbv.o(i.LCD_SetTextColor)
    i.LCD_VertScroll                         0x08003840   Section        0  mcufriend_kbv.o(i.LCD_VertScroll)
    i.LCD_WriteCmdData                       0x080039bc   Section        0  mcufriend_kbv.o(i.LCD_WriteCmdData)
    i.MX_ADC1_Init                           0x080039c0   Section        0  adc.o(i.MX_ADC1_Init)
    i.MX_DMA_Init                            0x08003a24   Section        0  dma.o(i.MX_DMA_Init)
    i.MX_GPIO_Init                           0x08003a50   Section        0  gpio.o(i.MX_GPIO_Init)
    i.MX_TIM2_Init                           0x08003b2c   Section        0  tim.o(i.MX_TIM2_Init)
    i.MX_TIM3_Init                           0x08003bc8   Section        0  tim.o(i.MX_TIM3_Init)
    i.MX_TIM4_Init                           0x08003c70   Section        0  tim.o(i.MX_TIM4_Init)
    i.MX_USART2_UART_Init                    0x08003cd4   Section        0  usart.o(i.MX_USART2_UART_Init)
    i.MemManage_Handler                      0x08003d0c   Section        0  stm32f4xx_it.o(i.MemManage_Handler)
    i.NMI_Handler                            0x08003d0e   Section        0  stm32f4xx_it.o(i.NMI_Handler)
    i.PendSV_Handler                         0x08003d10   Section        0  stm32f4xx_it.o(i.PendSV_Handler)
    i.SVC_Handler                            0x08003d12   Section        0  stm32f4xx_it.o(i.SVC_Handler)
    i.SysTick_Handler                        0x08003d14   Section        0  stm32f4xx_it.o(i.SysTick_Handler)
    i.SystemClock_Config                     0x08003d24   Section        0  main.o(i.SystemClock_Config)
    i.SystemInit                             0x08003dbc   Section        0  system_stm32f4xx.o(i.SystemInit)
    i.TIM3_IRQHandler                        0x08003dcc   Section        0  stm32f4xx_it.o(i.TIM3_IRQHandler)
    i.TIM_Base_SetConfig                     0x08003dd8   Section        0  stm32f4xx_hal_tim.o(i.TIM_Base_SetConfig)
    i.TIM_CCxChannelCmd                      0x08003e70   Section        0  stm32f4xx_hal_tim.o(i.TIM_CCxChannelCmd)
    i.TIM_ETR_SetConfig                      0x08003e8a   Section        0  stm32f4xx_hal_tim.o(i.TIM_ETR_SetConfig)
    i.TIM_ITRx_SetConfig                     0x08003e9e   Section        0  stm32f4xx_hal_tim.o(i.TIM_ITRx_SetConfig)
    TIM_ITRx_SetConfig                       0x08003e9f   Thumb Code    16  stm32f4xx_hal_tim.o(i.TIM_ITRx_SetConfig)
    i.TIM_OC1_SetConfig                      0x08003eb0   Section        0  stm32f4xx_hal_tim.o(i.TIM_OC1_SetConfig)
    TIM_OC1_SetConfig                        0x08003eb1   Thumb Code    82  stm32f4xx_hal_tim.o(i.TIM_OC1_SetConfig)
    i.TIM_OC2_SetConfig                      0x08003f08   Section        0  stm32f4xx_hal_tim.o(i.TIM_OC2_SetConfig)
    i.TIM_OC3_SetConfig                      0x08003f64   Section        0  stm32f4xx_hal_tim.o(i.TIM_OC3_SetConfig)
    TIM_OC3_SetConfig                        0x08003f65   Thumb Code    84  stm32f4xx_hal_tim.o(i.TIM_OC3_SetConfig)
    i.TIM_OC4_SetConfig                      0x08003fbc   Section        0  stm32f4xx_hal_tim.o(i.TIM_OC4_SetConfig)
    TIM_OC4_SetConfig                        0x08003fbd   Thumb Code    64  stm32f4xx_hal_tim.o(i.TIM_OC4_SetConfig)
    i.TIM_TI1_ConfigInputStage               0x08004000   Section        0  stm32f4xx_hal_tim.o(i.TIM_TI1_ConfigInputStage)
    TIM_TI1_ConfigInputStage                 0x08004001   Thumb Code    34  stm32f4xx_hal_tim.o(i.TIM_TI1_ConfigInputStage)
    i.TIM_TI1_SetConfig                      0x08004024   Section        0  stm32f4xx_hal_tim.o(i.TIM_TI1_SetConfig)
    i.TIM_TI2_ConfigInputStage               0x08004090   Section        0  stm32f4xx_hal_tim.o(i.TIM_TI2_ConfigInputStage)
    TIM_TI2_ConfigInputStage                 0x08004091   Thumb Code    36  stm32f4xx_hal_tim.o(i.TIM_TI2_ConfigInputStage)
    i.TIM_TI2_SetConfig                      0x080040b4   Section        0  stm32f4xx_hal_tim.o(i.TIM_TI2_SetConfig)
    TIM_TI2_SetConfig                        0x080040b5   Thumb Code    54  stm32f4xx_hal_tim.o(i.TIM_TI2_SetConfig)
    i.UART_SetConfig                         0x080040ec   Section        0  stm32f4xx_hal_uart.o(i.UART_SetConfig)
    UART_SetConfig                           0x080040ed   Thumb Code   258  stm32f4xx_hal_uart.o(i.UART_SetConfig)
    i.UART_WaitOnFlagUntilTimeout            0x080041f8   Section        0  stm32f4xx_hal_uart.o(i.UART_WaitOnFlagUntilTimeout)
    UART_WaitOnFlagUntilTimeout              0x080041f9   Thumb Code   118  stm32f4xx_hal_uart.o(i.UART_WaitOnFlagUntilTimeout)
    i.UsageFault_Handler                     0x0800426e   Section        0  stm32f4xx_it.o(i.UsageFault_Handler)
    i.WriteCmdParam4                         0x08004270   Section        0  mcufriend_kbv.o(i.WriteCmdParam4)
    WriteCmdParam4                           0x08004271   Thumb Code    30  mcufriend_kbv.o(i.WriteCmdParam4)
    i.WriteCmdParamN                         0x08004290   Section        0  mcufriend_kbv.o(i.WriteCmdParamN)
    WriteCmdParamN                           0x08004291   Thumb Code   800  mcufriend_kbv.o(i.WriteCmdParamN)
    i.__0printf                              0x080045c0   Section        0  printfa.o(i.__0printf)
    i.__0sprintf                             0x080045e0   Section        0  printfa.o(i.__0sprintf)
    i.__0vsprintf                            0x08004608   Section        0  printfa.o(i.__0vsprintf)
    i.__NVIC_SetPriority                     0x0800462c   Section        0  stm32f4xx_hal_cortex.o(i.__NVIC_SetPriority)
    __NVIC_SetPriority                       0x0800462d   Thumb Code    32  stm32f4xx_hal_cortex.o(i.__NVIC_SetPriority)
    i.__scatterload_copy                     0x0800464c   Section       14  handlers.o(i.__scatterload_copy)
    i.__scatterload_null                     0x0800465a   Section        2  handlers.o(i.__scatterload_null)
    i.__scatterload_zeroinit                 0x0800465c   Section       14  handlers.o(i.__scatterload_zeroinit)
    i._fp_digits                             0x0800466c   Section        0  printfa.o(i._fp_digits)
    _fp_digits                               0x0800466d   Thumb Code   366  printfa.o(i._fp_digits)
    i._printf_core                           0x080047f0   Section        0  printfa.o(i._printf_core)
    _printf_core                             0x080047f1   Thumb Code  1704  printfa.o(i._printf_core)
    i._printf_post_padding                   0x08004ea4   Section        0  printfa.o(i._printf_post_padding)
    _printf_post_padding                     0x08004ea5   Thumb Code    36  printfa.o(i._printf_post_padding)
    i._printf_pre_padding                    0x08004ec8   Section        0  printfa.o(i._printf_pre_padding)
    _printf_pre_padding                      0x08004ec9   Thumb Code    46  printfa.o(i._printf_pre_padding)
    i._sputc                                 0x08004ef6   Section        0  printfa.o(i._sputc)
    _sputc                                   0x08004ef7   Thumb Code    10  printfa.o(i._sputc)
    i.color565_to_555                        0x08004f00   Section        0  mcufriend_kbv.o(i.color565_to_555)
    color565_to_555                          0x08004f01   Thumb Code    20  mcufriend_kbv.o(i.color565_to_555)
    i.copyTetrimino                          0x08004f14   Section        0  tetris.o(i.copyTetrimino)
    i.delay                                  0x08004f26   Section        0  mcufriend_kbv.o(i.delay)
    i.detectBlockCollision                   0x08004f44   Section        0  tetris.o(i.detectBlockCollision)
    i.detectCollision                        0x08004fc0   Section        0  tetris.o(i.detectCollision)
    i.detectWallCollision                    0x08004fd8   Section        0  tetris.o(i.detectWallCollision)
    i.displaceTetrimino                      0x08005048   Section        0  tetris.o(i.displaceTetrimino)
    i.displayField                           0x08005094   Section        0  tetris.o(i.displayField)
    i.displayNDeletedLines                   0x08005100   Section        0  tetris.o(i.displayNDeletedLines)
    i.displayPreviewTetrimino                0x08005130   Section        0  tetris.o(i.displayPreviewTetrimino)
    i.displayScore                           0x0800519c   Section        0  tetris.o(i.displayScore)
    i.displayTetrimino                       0x080051cc   Section        0  tetris.o(i.displayTetrimino)
    i.eraseLine                              0x08005240   Section        0  tetris.o(i.eraseLine)
    i.erasePreviewTetrimino                  0x08005270   Section        0  tetris.o(i.erasePreviewTetrimino)
    i.eraseTetrimino                         0x08005288   Section        0  tetris.o(i.eraseTetrimino)
    i.fputc                                  0x080052f4   Section        0  main.o(i.fputc)
    i.init_table                             0x0800530c   Section        0  mcufriend_kbv.o(i.init_table)
    init_table                               0x0800530d   Thumb Code    76  mcufriend_kbv.o(i.init_table)
    i.init_table16                           0x08005358   Section        0  mcufriend_kbv.o(i.init_table16)
    init_table16                             0x08005359   Thumb Code    46  mcufriend_kbv.o(i.init_table16)
    i.initializeField                        0x08005388   Section        0  tetris.o(i.initializeField)
    i.main                                   0x080053cc   Section        0  main.o(i.main)
    i.resetTetrimino                         0x080056f0   Section        0  tetris.o(i.resetTetrimino)
    i.rotateTetrimino                        0x08005734   Section        0  tetris.o(i.rotateTetrimino)
    i.updateField                            0x0800576c   Section        0  tetris.o(i.updateField)
    i.writecmddata                           0x08005858   Section        0  mcufriend_kbv.o(i.writecmddata)
    writecmddata                             0x08005859   Thumb Code   474  mcufriend_kbv.o(i.writecmddata)
    .constdata                               0x08005a40   Section     2457  mcufriend_kbv.o(.constdata)
    NT35310_regValues                        0x08005a40   Data           2  mcufriend_kbv.o(.constdata)
    HX8357C_regValues                        0x08005a42   Data           2  mcufriend_kbv.o(.constdata)
    R61511_regValues                         0x08005a44   Data           3  mcufriend_kbv.o(.constdata)
    RM68140_regValues_max                    0x08005a47   Data           3  mcufriend_kbv.o(.constdata)
    ILI9329_regValues                        0x08005a4a   Data           3  mcufriend_kbv.o(.constdata)
    R61520_regValues                         0x08005a4d   Data           6  mcufriend_kbv.o(.constdata)
    wake_on                                  0x08005a53   Data           6  mcufriend_kbv.o(.constdata)
    font                                     0x08005a59   Data         640  mcufriend_kbv.o(.constdata)
    S6D0154_regValues                        0x08005cda   Data         156  mcufriend_kbv.o(.constdata)
    R61526_regValues                         0x08005d76   Data          12  mcufriend_kbv.o(.constdata)
    LGDP4535_regValues                       0x08005d82   Data         156  mcufriend_kbv.o(.constdata)
    ST7781_regValues                         0x08005e1e   Data         144  mcufriend_kbv.o(.constdata)
    ST7789_regValues                         0x08005eae   Data          65  mcufriend_kbv.o(.constdata)
    FK8031_regValues                         0x08005eef   Data          18  mcufriend_kbv.o(.constdata)
    HX8347G_2_regValues                      0x08005f01   Data         112  mcufriend_kbv.o(.constdata)
    HX8357_99_regValues                      0x08005f71   Data          29  mcufriend_kbv.o(.constdata)
    ILI9327_regValues                        0x08005f8e   Data          30  mcufriend_kbv.o(.constdata)
    ILI9341_regValues_2_4                    0x08005fac   Data         101  mcufriend_kbv.o(.constdata)
    ILI9486_regValues                        0x08006011   Data          59  mcufriend_kbv.o(.constdata)
    R61505V_regValues                        0x0800604c   Data         176  mcufriend_kbv.o(.constdata)
    R61509V_regValues                        0x080060fc   Data         192  mcufriend_kbv.o(.constdata)
    ILI9320_regValues                        0x080061bc   Data         216  mcufriend_kbv.o(.constdata)
    ILI9325_regValues                        0x08006294   Data         204  mcufriend_kbv.o(.constdata)
    ILI9481_regValues                        0x08006360   Data          69  mcufriend_kbv.o(.constdata)
    ILI9488_regValues_max                    0x080063a5   Data          43  mcufriend_kbv.o(.constdata)
    reset_off                                0x080063d0   Data           9  mcufriend_kbv.o(.constdata)
    .constdata                               0x080063dc   Section       32  tetris.o(.constdata)
    .constdata                               0x080063fc   Section        8  stm32f4xx_hal_dma.o(.constdata)
    flagBitshiftOffset                       0x080063fc   Data           8  stm32f4xx_hal_dma.o(.constdata)
    .constdata                               0x08006404   Section       16  system_stm32f4xx.o(.constdata)
    .constdata                               0x08006414   Section        8  system_stm32f4xx.o(.constdata)
    .conststring                             0x0800641c   Section      193  main.o(.conststring)
    .data                                    0x20000000   Section       48  mcufriend_kbv.o(.data)
    done_reset                               0x20000004   Data           1  mcufriend_kbv.o(.data)
    is8347                                   0x20000005   Data           1  mcufriend_kbv.o(.data)
    is555                                    0x20000006   Data           1  mcufriend_kbv.o(.data)
    .data                                    0x20000030   Section      448  shapes.o(.data)
    .data                                    0x200001f0   Section       20  tetris.o(.data)
    .data                                    0x20000204   Section       48  main.o(.data)
    .data                                    0x20000234   Section       12  stm32f4xx_hal.o(.data)
    .data                                    0x20000240   Section        4  system_stm32f4xx.o(.data)
    .data                                    0x20000244   Section        4  rand.o(.data)
    _rand_state                              0x20000244   Data           4  rand.o(.data)
    .data                                    0x20000248   Section        4  stdout.o(.data)
    .bss                                     0x2000024c   Section      256  mcufriend_kbv.o(.bss)
    buf                                      0x2000024c   Data         256  mcufriend_kbv.o(.bss)
    .bss                                     0x2000034c   Section      216  tetris.o(.bss)
    .bss                                     0x20000424   Section       32  main.o(.bss)
    .bss                                     0x20000444   Section      168  adc.o(.bss)
    .bss                                     0x200004ec   Section      216  tim.o(.bss)
    .bss                                     0x200005c4   Section       68  usart.o(.bss)
    STACK                                    0x20000608   Section     1024  startup_stm32f401xe.o(STACK)

    Global Symbols

    Symbol Name                              Value     Ov Type        Size  Object(Section)

    BuildAttributes$$THM_ISAv4$E$P$D$K$B$S$7EM$VFPi3$EXTD16$VFPS$VFMA$PE$A:L22UL41UL21$X:L11$S22US41US21$IEEE1$IW$USESV6$~STKCKD$USESV7$~SHL$OTIME$ROPI$IEEEJ$EBA8$MICROLIB$REQ8$PRES8$EABIv2 0x00000000   Number         0  anon$$obj.o ABSOLUTE
    __ARM_use_no_argv                        0x00000000   Number         0  main.o ABSOLUTE
    _printf_a                                0x00000000   Number         0  stubs.o ABSOLUTE
    _printf_c                                0x00000000   Number         0  stubs.o ABSOLUTE
    _printf_charcount                        0x00000000   Number         0  stubs.o ABSOLUTE
    _printf_d                                0x00000000   Number         0  stubs.o ABSOLUTE
    _printf_e                                0x00000000   Number         0  stubs.o ABSOLUTE
    _printf_f                                0x00000000   Number         0  stubs.o ABSOLUTE
    _printf_flags                            0x00000000   Number         0  stubs.o ABSOLUTE
    _printf_fp_dec                           0x00000000   Number         0  stubs.o ABSOLUTE
    _printf_fp_hex                           0x00000000   Number         0  stubs.o ABSOLUTE
    _printf_g                                0x00000000   Number         0  stubs.o ABSOLUTE
    _printf_i                                0x00000000   Number         0  stubs.o ABSOLUTE
    _printf_int_dec                          0x00000000   Number         0  stubs.o ABSOLUTE
    _printf_l                                0x00000000   Number         0  stubs.o ABSOLUTE
    _printf_lc                               0x00000000   Number         0  stubs.o ABSOLUTE
    _printf_ll                               0x00000000   Number         0  stubs.o ABSOLUTE
    _printf_lld                              0x00000000   Number         0  stubs.o ABSOLUTE
    _printf_lli                              0x00000000   Number         0  stubs.o ABSOLUTE
    _printf_llo                              0x00000000   Number         0  stubs.o ABSOLUTE
    _printf_llu                              0x00000000   Number         0  stubs.o ABSOLUTE
    _printf_llx                              0x00000000   Number         0  stubs.o ABSOLUTE
    _printf_longlong_dec                     0x00000000   Number         0  stubs.o ABSOLUTE
    _printf_longlong_hex                     0x00000000   Number         0  stubs.o ABSOLUTE
    _printf_longlong_oct                     0x00000000   Number         0  stubs.o ABSOLUTE
    _printf_ls                               0x00000000   Number         0  stubs.o ABSOLUTE
    _printf_mbtowc                           0x00000000   Number         0  stubs.o ABSOLUTE
    _printf_n                                0x00000000   Number         0  stubs.o ABSOLUTE
    _printf_o                                0x00000000   Number         0  stubs.o ABSOLUTE
    _printf_p                                0x00000000   Number         0  stubs.o ABSOLUTE
    _printf_percent                          0x00000000   Number         0  stubs.o ABSOLUTE
    _printf_pre_padding                      0x00000000   Number         0  stubs.o ABSOLUTE
    _printf_return_value                     0x00000000   Number         0  stubs.o ABSOLUTE
    _printf_s                                0x00000000   Number         0  stubs.o ABSOLUTE
    _printf_sizespec                         0x00000000   Number         0  stubs.o ABSOLUTE
    _printf_str                              0x00000000   Number         0  stubs.o ABSOLUTE
    _printf_truncate_signed                  0x00000000   Number         0  stubs.o ABSOLUTE
    _printf_truncate_unsigned                0x00000000   Number         0  stubs.o ABSOLUTE
    _printf_u                                0x00000000   Number         0  stubs.o ABSOLUTE
    _printf_wc                               0x00000000   Number         0  stubs.o ABSOLUTE
    _printf_wctomb                           0x00000000   Number         0  stubs.o ABSOLUTE
    _printf_widthprec                        0x00000000   Number         0  stubs.o ABSOLUTE
    _printf_x                                0x00000000   Number         0  stubs.o ABSOLUTE
    __arm_fini_                               - Undefined Weak Reference
    __cpp_initialize__aeabi_                  - Undefined Weak Reference
    __cxa_finalize                            - Undefined Weak Reference
    _clock_init                               - Undefined Weak Reference
    _microlib_exit                            - Undefined Weak Reference
    __Vectors_Size                           0x00000194   Number         0  startup_stm32f401xe.o ABSOLUTE
    __Vectors                                0x08000000   Data           4  startup_stm32f401xe.o(RESET)
    __Vectors_End                            0x08000194   Data           0  startup_stm32f401xe.o(RESET)
    __main                                   0x08000195   Thumb Code     0  entry.o(.ARM.Collect$$$$00000000)
    _main_stk                                0x08000195   Thumb Code     0  entry2.o(.ARM.Collect$$$$00000001)
    _main_scatterload                        0x08000199   Thumb Code     0  entry5.o(.ARM.Collect$$$$00000004)
    __main_after_scatterload                 0x0800019d   Thumb Code     0  entry5.o(.ARM.Collect$$$$00000004)
    _main_clock                              0x0800019d   Thumb Code     0  entry7b.o(.ARM.Collect$$$$00000008)
    _main_cpp_init                           0x0800019d   Thumb Code     0  entry8b.o(.ARM.Collect$$$$0000000A)
    _main_init                               0x0800019d   Thumb Code     0  entry9a.o(.ARM.Collect$$$$0000000B)
    __rt_lib_shutdown_fini                   0x080001a5   Thumb Code     0  entry12b.o(.ARM.Collect$$$$0000000E)
    __rt_final_cpp                           0x080001a9   Thumb Code     0  entry10a.o(.ARM.Collect$$$$0000000F)
    __rt_final_exit                          0x080001a9   Thumb Code     0  entry11a.o(.ARM.Collect$$$$00000011)
    Reset_Handler                            0x080001ad   Thumb Code     8  startup_stm32f401xe.o(.text)
    ADC_IRQHandler                           0x080001c7   Thumb Code     0  startup_stm32f401xe.o(.text)
    DMA1_Stream0_IRQHandler                  0x080001c7   Thumb Code     0  startup_stm32f401xe.o(.text)
    DMA1_Stream1_IRQHandler                  0x080001c7   Thumb Code     0  startup_stm32f401xe.o(.text)
    DMA1_Stream2_IRQHandler                  0x080001c7   Thumb Code     0  startup_stm32f401xe.o(.text)
    DMA1_Stream3_IRQHandler                  0x080001c7   Thumb Code     0  startup_stm32f401xe.o(.text)
    DMA1_Stream4_IRQHandler                  0x080001c7   Thumb Code     0  startup_stm32f401xe.o(.text)
    DMA1_Stream5_IRQHandler                  0x080001c7   Thumb Code     0  startup_stm32f401xe.o(.text)
    DMA1_Stream6_IRQHandler                  0x080001c7   Thumb Code     0  startup_stm32f401xe.o(.text)
    DMA1_Stream7_IRQHandler                  0x080001c7   Thumb Code     0  startup_stm32f401xe.o(.text)
    DMA2_Stream1_IRQHandler                  0x080001c7   Thumb Code     0  startup_stm32f401xe.o(.text)
    DMA2_Stream2_IRQHandler                  0x080001c7   Thumb Code     0  startup_stm32f401xe.o(.text)
    DMA2_Stream3_IRQHandler                  0x080001c7   Thumb Code     0  startup_stm32f401xe.o(.text)
    DMA2_Stream4_IRQHandler                  0x080001c7   Thumb Code     0  startup_stm32f401xe.o(.text)
    DMA2_Stream5_IRQHandler                  0x080001c7   Thumb Code     0  startup_stm32f401xe.o(.text)
    DMA2_Stream6_IRQHandler                  0x080001c7   Thumb Code     0  startup_stm32f401xe.o(.text)
    DMA2_Stream7_IRQHandler                  0x080001c7   Thumb Code     0  startup_stm32f401xe.o(.text)
    EXTI0_IRQHandler                         0x080001c7   Thumb Code     0  startup_stm32f401xe.o(.text)
    EXTI15_10_IRQHandler                     0x080001c7   Thumb Code     0  startup_stm32f401xe.o(.text)
    EXTI1_IRQHandler                         0x080001c7   Thumb Code     0  startup_stm32f401xe.o(.text)
    EXTI2_IRQHandler                         0x080001c7   Thumb Code     0  startup_stm32f401xe.o(.text)
    EXTI3_IRQHandler                         0x080001c7   Thumb Code     0  startup_stm32f401xe.o(.text)
    EXTI4_IRQHandler                         0x080001c7   Thumb Code     0  startup_stm32f401xe.o(.text)
    EXTI9_5_IRQHandler                       0x080001c7   Thumb Code     0  startup_stm32f401xe.o(.text)
    FLASH_IRQHandler                         0x080001c7   Thumb Code     0  startup_stm32f401xe.o(.text)
    FPU_IRQHandler                           0x080001c7   Thumb Code     0  startup_stm32f401xe.o(.text)
    I2C1_ER_IRQHandler                       0x080001c7   Thumb Code     0  startup_stm32f401xe.o(.text)
    I2C1_EV_IRQHandler                       0x080001c7   Thumb Code     0  startup_stm32f401xe.o(.text)
    I2C2_ER_IRQHandler                       0x080001c7   Thumb Code     0  startup_stm32f401xe.o(.text)
    I2C2_EV_IRQHandler                       0x080001c7   Thumb Code     0  startup_stm32f401xe.o(.text)
    I2C3_ER_IRQHandler                       0x080001c7   Thumb Code     0  startup_stm32f401xe.o(.text)
    I2C3_EV_IRQHandler                       0x080001c7   Thumb Code     0  startup_stm32f401xe.o(.text)
    OTG_FS_IRQHandler                        0x080001c7   Thumb Code     0  startup_stm32f401xe.o(.text)
    OTG_FS_WKUP_IRQHandler                   0x080001c7   Thumb Code     0  startup_stm32f401xe.o(.text)
    PVD_IRQHandler                           0x080001c7   Thumb Code     0  startup_stm32f401xe.o(.text)
    RCC_IRQHandler                           0x080001c7   Thumb Code     0  startup_stm32f401xe.o(.text)
    RTC_Alarm_IRQHandler                     0x080001c7   Thumb Code     0  startup_stm32f401xe.o(.text)
    RTC_WKUP_IRQHandler                      0x080001c7   Thumb Code     0  startup_stm32f401xe.o(.text)
    SDIO_IRQHandler                          0x080001c7   Thumb Code     0  startup_stm32f401xe.o(.text)
    SPI1_IRQHandler                          0x080001c7   Thumb Code     0  startup_stm32f401xe.o(.text)
    SPI2_IRQHandler                          0x080001c7   Thumb Code     0  startup_stm32f401xe.o(.text)
    SPI3_IRQHandler                          0x080001c7   Thumb Code     0  startup_stm32f401xe.o(.text)
    SPI4_IRQHandler                          0x080001c7   Thumb Code     0  startup_stm32f401xe.o(.text)
    TAMP_STAMP_IRQHandler                    0x080001c7   Thumb Code     0  startup_stm32f401xe.o(.text)
    TIM1_BRK_TIM9_IRQHandler                 0x080001c7   Thumb Code     0  startup_stm32f401xe.o(.text)
    TIM1_CC_IRQHandler                       0x080001c7   Thumb Code     0  startup_stm32f401xe.o(.text)
    TIM1_TRG_COM_TIM11_IRQHandler            0x080001c7   Thumb Code     0  startup_stm32f401xe.o(.text)
    TIM1_UP_TIM10_IRQHandler                 0x080001c7   Thumb Code     0  startup_stm32f401xe.o(.text)
    TIM2_IRQHandler                          0x080001c7   Thumb Code     0  startup_stm32f401xe.o(.text)
    TIM4_IRQHandler                          0x080001c7   Thumb Code     0  startup_stm32f401xe.o(.text)
    TIM5_IRQHandler                          0x080001c7   Thumb Code     0  startup_stm32f401xe.o(.text)
    USART1_IRQHandler                        0x080001c7   Thumb Code     0  startup_stm32f401xe.o(.text)
    USART2_IRQHandler                        0x080001c7   Thumb Code     0  startup_stm32f401xe.o(.text)
    USART6_IRQHandler                        0x080001c7   Thumb Code     0  startup_stm32f401xe.o(.text)
    WWDG_IRQHandler                          0x080001c7   Thumb Code     0  startup_stm32f401xe.o(.text)
    __aeabi_uldivmod                         0x080001d1   Thumb Code    98  uldiv.o(.text)
    rand                                     0x08000235   Thumb Code    20  rand.o(.text)
    srand                                    0x08000249   Thumb Code     6  rand.o(.text)
    __aeabi_memset                           0x08000259   Thumb Code    14  memseta.o(.text)
    __aeabi_memset4                          0x08000259   Thumb Code     0  memseta.o(.text)
    __aeabi_memset8                          0x08000259   Thumb Code     0  memseta.o(.text)
    __aeabi_memclr                           0x08000267   Thumb Code     4  memseta.o(.text)
    __aeabi_memclr4                          0x08000267   Thumb Code     0  memseta.o(.text)
    __aeabi_memclr8                          0x08000267   Thumb Code     0  memseta.o(.text)
    _memset$wrapper                          0x0800026b   Thumb Code    18  memseta.o(.text)
    __aeabi_dmul                             0x0800027d   Thumb Code   228  dmul.o(.text)
    __aeabi_ddiv                             0x08000361   Thumb Code   222  ddiv.o(.text)
    __aeabi_f2d                              0x0800043f   Thumb Code    38  f2d.o(.text)
    __aeabi_uidiv                            0x08000465   Thumb Code     0  uidiv.o(.text)
    __aeabi_uidivmod                         0x08000465   Thumb Code    44  uidiv.o(.text)
    __aeabi_llsl                             0x08000491   Thumb Code    30  llshl.o(.text)
    _ll_shift_l                              0x08000491   Thumb Code     0  llshl.o(.text)
    __aeabi_llsr                             0x080004af   Thumb Code    32  llushr.o(.text)
    _ll_ushift_r                             0x080004af   Thumb Code     0  llushr.o(.text)
    __I$use$fp                               0x080004cf   Thumb Code     0  iusefp.o(.text)
    _double_round                            0x080004cf   Thumb Code    30  depilogue.o(.text)
    _double_epilogue                         0x080004ed   Thumb Code   156  depilogue.o(.text)
    __aeabi_dadd                             0x08000589   Thumb Code   322  dadd.o(.text)
    __aeabi_dsub                             0x080006cb   Thumb Code     6  dadd.o(.text)
    __aeabi_drsub                            0x080006d1   Thumb Code     6  dadd.o(.text)
    __aeabi_d2ulz                            0x080006d7   Thumb Code    48  dfixul.o(.text)
    __aeabi_cdrcmple                         0x08000709   Thumb Code    48  cdrcmple.o(.text)
    __scatterload                            0x08000739   Thumb Code    28  init.o(.text)
    __scatterload_rt2                        0x08000739   Thumb Code     0  init.o(.text)
    __aeabi_lasr                             0x0800075d   Thumb Code    36  llsshr.o(.text)
    _ll_sshift_r                             0x0800075d   Thumb Code     0  llsshr.o(.text)
    __decompress                             0x08000781   Thumb Code     0  __dczerorl2.o(.text)
    __decompress1                            0x08000781   Thumb Code    86  __dczerorl2.o(.text)
    BusFault_Handler                         0x08000901   Thumb Code     2  stm32f4xx_it.o(i.BusFault_Handler)
    DMA2_Stream0_IRQHandler                  0x08000905   Thumb Code     6  stm32f4xx_it.o(i.DMA2_Stream0_IRQHandler)
    DebugMon_Handler                         0x0800098d   Thumb Code     2  stm32f4xx_it.o(i.DebugMon_Handler)
    Error_Handler                            0x0800098f   Thumb Code     4  main.o(i.Error_Handler)
    HAL_ADC_ConfigChannel                    0x08000995   Thumb Code   316  stm32f4xx_hal_adc.o(i.HAL_ADC_ConfigChannel)
    HAL_ADC_Init                             0x08000ae1   Thumb Code    84  stm32f4xx_hal_adc.o(i.HAL_ADC_Init)
    HAL_ADC_MspInit                          0x08000b35   Thumb Code   134  adc.o(i.HAL_ADC_MspInit)
    HAL_DMA_IRQHandler                       0x08000bd1   Thumb Code   412  stm32f4xx_hal_dma.o(i.HAL_DMA_IRQHandler)
    HAL_DMA_Init                             0x08000d71   Thumb Code   206  stm32f4xx_hal_dma.o(i.HAL_DMA_Init)
    HAL_Delay                                0x08000e45   Thumb Code    32  stm32f4xx_hal.o(i.HAL_Delay)
    HAL_GPIO_Init                            0x08000e69   Thumb Code   388  stm32f4xx_hal_gpio.o(i.HAL_GPIO_Init)
    HAL_GPIO_WritePin                        0x0800100d   Thumb Code    10  stm32f4xx_hal_gpio.o(i.HAL_GPIO_WritePin)
    HAL_GetTick                              0x08001019   Thumb Code     6  stm32f4xx_hal.o(i.HAL_GetTick)
    HAL_IncTick                              0x08001025   Thumb Code    12  stm32f4xx_hal.o(i.HAL_IncTick)
    HAL_Init                                 0x08001035   Thumb Code    48  stm32f4xx_hal.o(i.HAL_Init)
    HAL_InitTick                             0x08001069   Thumb Code    54  stm32f4xx_hal.o(i.HAL_InitTick)
    HAL_MspInit                              0x080010a9   Thumb Code    48  stm32f4xx_hal_msp.o(i.HAL_MspInit)
    HAL_NVIC_EnableIRQ                       0x080010dd   Thumb Code    26  stm32f4xx_hal_cortex.o(i.HAL_NVIC_EnableIRQ)
    HAL_NVIC_SetPriority                     0x080010f9   Thumb Code    60  stm32f4xx_hal_cortex.o(i.HAL_NVIC_SetPriority)
    HAL_NVIC_SetPriorityGrouping             0x08001139   Thumb Code    26  stm32f4xx_hal_cortex.o(i.HAL_NVIC_SetPriorityGrouping)
    HAL_RCC_ClockConfig                      0x0800115d   Thumb Code   288  stm32f4xx_hal_rcc.o(i.HAL_RCC_ClockConfig)
    HAL_RCC_GetPCLK1Freq                     0x08001291   Thumb Code    20  stm32f4xx_hal_rcc.o(i.HAL_RCC_GetPCLK1Freq)
    HAL_RCC_GetPCLK2Freq                     0x080012b1   Thumb Code    20  stm32f4xx_hal_rcc.o(i.HAL_RCC_GetPCLK2Freq)
    HAL_RCC_GetSysClockFreq                  0x080012d1   Thumb Code    88  stm32f4xx_hal_rcc.o(i.HAL_RCC_GetSysClockFreq)
    HAL_RCC_OscConfig                        0x08001331   Thumb Code   836  stm32f4xx_hal_rcc.o(i.HAL_RCC_OscConfig)
    HAL_SYSTICK_Callback                     0x08001689   Thumb Code    30  main.o(i.HAL_SYSTICK_Callback)
    HAL_SYSTICK_Config                       0x080016ad   Thumb Code    40  stm32f4xx_hal_cortex.o(i.HAL_SYSTICK_Config)
    HAL_SYSTICK_IRQHandler                   0x080016d5   Thumb Code     8  stm32f4xx_hal_cortex.o(i.HAL_SYSTICK_IRQHandler)
    HAL_TIMEx_BreakCallback                  0x080016dd   Thumb Code     2  stm32f4xx_hal_tim_ex.o(i.HAL_TIMEx_BreakCallback)
    HAL_TIMEx_CommutCallback                 0x080016df   Thumb Code     2  stm32f4xx_hal_tim_ex.o(i.HAL_TIMEx_CommutCallback)
    HAL_TIMEx_MasterConfigSynchronization    0x080016e1   Thumb Code   104  stm32f4xx_hal_tim_ex.o(i.HAL_TIMEx_MasterConfigSynchronization)
    HAL_TIM_Base_Init                        0x0800175d   Thumb Code    90  stm32f4xx_hal_tim.o(i.HAL_TIM_Base_Init)
    HAL_TIM_Base_MspInit                     0x080017b9   Thumb Code   152  tim.o(i.HAL_TIM_Base_MspInit)
    HAL_TIM_ConfigClockSource                0x08001861   Thumb Code   220  stm32f4xx_hal_tim.o(i.HAL_TIM_ConfigClockSource)
    HAL_TIM_IC_CaptureCallback               0x0800193d   Thumb Code   344  main.o(i.HAL_TIM_IC_CaptureCallback)
    HAL_TIM_IC_ConfigChannel                 0x08001aa9   Thumb Code   288  stm32f4xx_hal_tim.o(i.HAL_TIM_IC_ConfigChannel)
    HAL_TIM_IC_Init                          0x08001bc9   Thumb Code    90  stm32f4xx_hal_tim.o(i.HAL_TIM_IC_Init)
    HAL_TIM_IC_MspInit                       0x08001c23   Thumb Code     2  stm32f4xx_hal_tim.o(i.HAL_TIM_IC_MspInit)
    HAL_TIM_IC_Start_IT                      0x08001c25   Thumb Code   260  stm32f4xx_hal_tim.o(i.HAL_TIM_IC_Start_IT)
    HAL_TIM_IRQHandler                       0x08001d3d   Thumb Code   358  stm32f4xx_hal_tim.o(i.HAL_TIM_IRQHandler)
    HAL_TIM_MspPostInit                      0x08001ea5   Thumb Code    72  tim.o(i.HAL_TIM_MspPostInit)
    HAL_TIM_OC_DelayElapsedCallback          0x08001ef5   Thumb Code     2  stm32f4xx_hal_tim.o(i.HAL_TIM_OC_DelayElapsedCallback)
    HAL_TIM_PWM_ConfigChannel                0x08001ef7   Thumb Code   204  stm32f4xx_hal_tim.o(i.HAL_TIM_PWM_ConfigChannel)
    HAL_TIM_PWM_Init                         0x08001fc3   Thumb Code    90  stm32f4xx_hal_tim.o(i.HAL_TIM_PWM_Init)
    HAL_TIM_PWM_MspInit                      0x0800201d   Thumb Code     2  stm32f4xx_hal_tim.o(i.HAL_TIM_PWM_MspInit)
    HAL_TIM_PWM_PulseFinishedCallback        0x0800201f   Thumb Code     2  stm32f4xx_hal_tim.o(i.HAL_TIM_PWM_PulseFinishedCallback)
    HAL_TIM_PWM_Start                        0x08002021   Thumb Code   162  stm32f4xx_hal_tim.o(i.HAL_TIM_PWM_Start)
    HAL_TIM_PeriodElapsedCallback            0x080020d9   Thumb Code     2  stm32f4xx_hal_tim.o(i.HAL_TIM_PeriodElapsedCallback)
    HAL_TIM_TriggerCallback                  0x080020db   Thumb Code     2  stm32f4xx_hal_tim.o(i.HAL_TIM_TriggerCallback)
    HAL_UART_Init                            0x080020dd   Thumb Code    98  stm32f4xx_hal_uart.o(i.HAL_UART_Init)
    HAL_UART_MspInit                         0x08002141   Thumb Code    90  usart.o(i.HAL_UART_MspInit)
    HAL_UART_Transmit                        0x080021a9   Thumb Code   176  stm32f4xx_hal_uart.o(i.HAL_UART_Transmit)
    HardFault_Handler                        0x08002259   Thumb Code     2  stm32f4xx_it.o(i.HardFault_Handler)
    LCD_Begin                                0x0800225d   Thumb Code   980  mcufriend_kbv.o(i.LCD_Begin)
    LCD_Color565                             0x08002651   Thumb Code    20  mcufriend_kbv.o(i.LCD_Color565)
    LCD_DrawChar                             0x08002665   Thumb Code   174  mcufriend_kbv.o(i.LCD_DrawChar)
    LCD_DrawPixel                            0x08002719   Thumb Code    74  mcufriend_kbv.o(i.LCD_DrawPixel)
    LCD_FillRect                             0x08002769   Thumb Code   754  mcufriend_kbv.o(i.LCD_FillRect)
    LCD_FillScreen                           0x08002a6d   Thumb Code    24  mcufriend_kbv.o(i.LCD_FillScreen)
    LCD_InvertDisplay                        0x08002a89   Thumb Code   180  mcufriend_kbv.o(i.LCD_InvertDisplay)
    LCD_Printf                               0x08002b41   Thumb Code   112  mcufriend_kbv.o(i.LCD_Printf)
    LCD_PushCommand                          0x08002bb9   Thumb Code    10  mcufriend_kbv.o(i.LCD_PushCommand)
    LCD_ReadGRAM                             0x08002bc5   Thumb Code  1802  mcufriend_kbv.o(i.LCD_ReadGRAM)
    LCD_ReadPixel                            0x080032e9   Thumb Code    20  mcufriend_kbv.o(i.LCD_ReadPixel)
    LCD_Reset                                0x080032fd   Thumb Code   170  mcufriend_kbv.o(i.LCD_Reset)
    LCD_SetAddrWindow                        0x080033c1   Thumb Code   320  mcufriend_kbv.o(i.LCD_SetAddrWindow)
    LCD_SetCursor                            0x08003505   Thumb Code     8  mcufriend_kbv.o(i.LCD_SetCursor)
    LCD_SetRotation                          0x08003511   Thumb Code   798  mcufriend_kbv.o(i.LCD_SetRotation)
    LCD_SetTextColor                         0x08003835   Thumb Code     8  mcufriend_kbv.o(i.LCD_SetTextColor)
    LCD_VertScroll                           0x08003841   Thumb Code   374  mcufriend_kbv.o(i.LCD_VertScroll)
    LCD_WriteCmdData                         0x080039bd   Thumb Code     4  mcufriend_kbv.o(i.LCD_WriteCmdData)
    MX_ADC1_Init                             0x080039c1   Thumb Code    92  adc.o(i.MX_ADC1_Init)
    MX_DMA_Init                              0x08003a25   Thumb Code    40  dma.o(i.MX_DMA_Init)
    MX_GPIO_Init                             0x08003a51   Thumb Code   206  gpio.o(i.MX_GPIO_Init)
    MX_TIM2_Init                             0x08003b2d   Thumb Code   146  tim.o(i.MX_TIM2_Init)
    MX_TIM3_Init                             0x08003bc9   Thumb Code   158  tim.o(i.MX_TIM3_Init)
    MX_TIM4_Init                             0x08003c71   Thumb Code    92  tim.o(i.MX_TIM4_Init)
    MX_USART2_UART_Init                      0x08003cd5   Thumb Code    48  usart.o(i.MX_USART2_UART_Init)
    MemManage_Handler                        0x08003d0d   Thumb Code     2  stm32f4xx_it.o(i.MemManage_Handler)
    NMI_Handler                              0x08003d0f   Thumb Code     2  stm32f4xx_it.o(i.NMI_Handler)
    PendSV_Handler                           0x08003d11   Thumb Code     2  stm32f4xx_it.o(i.PendSV_Handler)
    SVC_Handler                              0x08003d13   Thumb Code     2  stm32f4xx_it.o(i.SVC_Handler)
    SysTick_Handler                          0x08003d15   Thumb Code    14  stm32f4xx_it.o(i.SysTick_Handler)
    SystemClock_Config                       0x08003d25   Thumb Code   142  main.o(i.SystemClock_Config)
    SystemInit                               0x08003dbd   Thumb Code    12  system_stm32f4xx.o(i.SystemInit)
    TIM3_IRQHandler                          0x08003dcd   Thumb Code     6  stm32f4xx_it.o(i.TIM3_IRQHandler)
    TIM_Base_SetConfig                       0x08003dd9   Thumb Code   122  stm32f4xx_hal_tim.o(i.TIM_Base_SetConfig)
    TIM_CCxChannelCmd                        0x08003e71   Thumb Code    26  stm32f4xx_hal_tim.o(i.TIM_CCxChannelCmd)
    TIM_ETR_SetConfig                        0x08003e8b   Thumb Code    20  stm32f4xx_hal_tim.o(i.TIM_ETR_SetConfig)
    TIM_OC2_SetConfig                        0x08003f09   Thumb Code    86  stm32f4xx_hal_tim.o(i.TIM_OC2_SetConfig)
    TIM_TI1_SetConfig                        0x08004025   Thumb Code    88  stm32f4xx_hal_tim.o(i.TIM_TI1_SetConfig)
    UsageFault_Handler                       0x0800426f   Thumb Code     2  stm32f4xx_it.o(i.UsageFault_Handler)
    __0printf                                0x080045c1   Thumb Code    22  printfa.o(i.__0printf)
    __1printf                                0x080045c1   Thumb Code     0  printfa.o(i.__0printf)
    __2printf                                0x080045c1   Thumb Code     0  printfa.o(i.__0printf)
    __c89printf                              0x080045c1   Thumb Code     0  printfa.o(i.__0printf)
    printf                                   0x080045c1   Thumb Code     0  printfa.o(i.__0printf)
    __0sprintf                               0x080045e1   Thumb Code    34  printfa.o(i.__0sprintf)
    __1sprintf                               0x080045e1   Thumb Code     0  printfa.o(i.__0sprintf)
    __2sprintf                               0x080045e1   Thumb Code     0  printfa.o(i.__0sprintf)
    __c89sprintf                             0x080045e1   Thumb Code     0  printfa.o(i.__0sprintf)
    sprintf                                  0x080045e1   Thumb Code     0  printfa.o(i.__0sprintf)
    __0vsprintf                              0x08004609   Thumb Code    30  printfa.o(i.__0vsprintf)
    __1vsprintf                              0x08004609   Thumb Code     0  printfa.o(i.__0vsprintf)
    __2vsprintf                              0x08004609   Thumb Code     0  printfa.o(i.__0vsprintf)
    __c89vsprintf                            0x08004609   Thumb Code     0  printfa.o(i.__0vsprintf)
    vsprintf                                 0x08004609   Thumb Code     0  printfa.o(i.__0vsprintf)
    __scatterload_copy                       0x0800464d   Thumb Code    14  handlers.o(i.__scatterload_copy)
    __scatterload_null                       0x0800465b   Thumb Code     2  handlers.o(i.__scatterload_null)
    __scatterload_zeroinit                   0x0800465d   Thumb Code    14  handlers.o(i.__scatterload_zeroinit)
    copyTetrimino                            0x08004f15   Thumb Code    18  tetris.o(i.copyTetrimino)
    delay                                    0x08004f27   Thumb Code    30  mcufriend_kbv.o(i.delay)
    detectBlockCollision                     0x08004f45   Thumb Code   110  tetris.o(i.detectBlockCollision)
    detectCollision                          0x08004fc1   Thumb Code    24  tetris.o(i.detectCollision)
    detectWallCollision                      0x08004fd9   Thumb Code   106  tetris.o(i.detectWallCollision)
    displaceTetrimino                        0x08005049   Thumb Code    76  tetris.o(i.displaceTetrimino)
    displayField                             0x08005095   Thumb Code   100  tetris.o(i.displayField)
    displayNDeletedLines                     0x08005101   Thumb Code    40  tetris.o(i.displayNDeletedLines)
    displayPreviewTetrimino                  0x08005131   Thumb Code    94  tetris.o(i.displayPreviewTetrimino)
    displayScore                             0x0800519d   Thumb Code    40  tetris.o(i.displayScore)
    displayTetrimino                         0x080051cd   Thumb Code   106  tetris.o(i.displayTetrimino)
    eraseLine                                0x08005241   Thumb Code    44  tetris.o(i.eraseLine)
    erasePreviewTetrimino                    0x08005271   Thumb Code    22  tetris.o(i.erasePreviewTetrimino)
    eraseTetrimino                           0x08005289   Thumb Code   102  tetris.o(i.eraseTetrimino)
    fputc                                    0x080052f5   Thumb Code    20  main.o(i.fputc)
    initializeField                          0x08005389   Thumb Code    60  tetris.o(i.initializeField)
    main                                     0x080053cd   Thumb Code   750  main.o(i.main)
    resetTetrimino                           0x080056f1   Thumb Code    64  tetris.o(i.resetTetrimino)
    rotateTetrimino                          0x08005735   Thumb Code    54  tetris.o(i.rotateTetrimino)
    updateField                              0x0800576d   Thumb Code   218  tetris.o(i.updateField)
    TETRIMINO_COLORS                         0x080063dc   Data          14  tetris.o(.constdata)
    linePoints                               0x080063ec   Data          16  tetris.o(.constdata)
    AHBPrescTable                            0x08006404   Data          16  system_stm32f4xx.o(.constdata)
    APBPrescTable                            0x08006414   Data           8  system_stm32f4xx.o(.constdata)
    Region$$Table$$Base                      0x080064e0   Number         0  anon$$obj.o(Region$$Table)
    Region$$Table$$Limit                     0x08006500   Number         0  anon$$obj.o(Region$$Table)
    textsize_x                               0x20000000   Data           1  mcufriend_kbv.o(.data)
    textsize_y                               0x20000001   Data           1  mcufriend_kbv.o(.data)
    rotation                                 0x20000002   Data           1  mcufriend_kbv.o(.data)
    wrap                                     0x20000003   Data           1  mcufriend_kbv.o(.data)
    WIDTH                                    0x20000008   Data           2  mcufriend_kbv.o(.data)
    HEIGHT                                   0x2000000a   Data           2  mcufriend_kbv.o(.data)
    _width                                   0x2000000c   Data           2  mcufriend_kbv.o(.data)
    _height                                  0x2000000e   Data           2  mcufriend_kbv.o(.data)
    cursor_x                                 0x20000010   Data           2  mcufriend_kbv.o(.data)
    cursor_y                                 0x20000012   Data           2  mcufriend_kbv.o(.data)
    textcolor                                0x20000014   Data           2  mcufriend_kbv.o(.data)
    textbgcolor                              0x20000016   Data           2  mcufriend_kbv.o(.data)
    _lcd_xor                                 0x20000018   Data           2  mcufriend_kbv.o(.data)
    _lcd_capable                             0x2000001a   Data           2  mcufriend_kbv.o(.data)
    _lcd_ID                                  0x2000001c   Data           2  mcufriend_kbv.o(.data)
    _lcd_rev                                 0x2000001e   Data           2  mcufriend_kbv.o(.data)
    _lcd_madctl                              0x20000020   Data           2  mcufriend_kbv.o(.data)
    _MC                                      0x20000022   Data           2  mcufriend_kbv.o(.data)
    _MP                                      0x20000024   Data           2  mcufriend_kbv.o(.data)
    _MW                                      0x20000026   Data           2  mcufriend_kbv.o(.data)
    _SC                                      0x20000028   Data           2  mcufriend_kbv.o(.data)
    _EC                                      0x2000002a   Data           2  mcufriend_kbv.o(.data)
    _SP                                      0x2000002c   Data           2  mcufriend_kbv.o(.data)
    _EP                                      0x2000002e   Data           2  mcufriend_kbv.o(.data)
    TETRIMINOS                               0x20000030   Data         448  shapes.o(.data)
    score                                    0x200001f0   Data           4  tetris.o(.data)
    nDeletedLines                            0x200001f4   Data           4  tetris.o(.data)
    tetrimino                                0x200001f8   Data           6  tetris.o(.data)
    previewTetrimino                         0x200001fe   Data           6  tetris.o(.data)
    token25                                  0x20000204   Data           4  main.o(.data)
    local_time                               0x20000208   Data           4  main.o(.data)
    DifferenceX                              0x2000020c   Data           4  main.o(.data)
    IC_Val1                                  0x20000210   Data           4  main.o(.data)
    IC_Val2                                  0x20000214   Data           4  main.o(.data)
    Is_First_CapturedX                       0x20000218   Data           4  main.o(.data)
    DistanceX                                0x2000021c   Data           4  main.o(.data)
    DifferenceY                              0x20000220   Data           4  main.o(.data)
    IC_Val3                                  0x20000224   Data           4  main.o(.data)
    IC_Val4                                  0x20000228   Data           4  main.o(.data)
    Is_First_CapturedY                       0x2000022c   Data           4  main.o(.data)
    DistanceY                                0x20000230   Data           4  main.o(.data)
    uwTickFreq                               0x20000234   Data           1  stm32f4xx_hal.o(.data)
    uwTickPrio                               0x20000238   Data           4  stm32f4xx_hal.o(.data)
    uwTick                                   0x2000023c   Data           4  stm32f4xx_hal.o(.data)
    SystemCoreClock                          0x20000240   Data           4  system_stm32f4xx.o(.data)
    __stdout                                 0x20000248   Data           4  stdout.o(.data)
    Field                                    0x2000034c   Data         216  tetris.o(.bss)
    tab_valueX                               0x20000424   Data          16  main.o(.bss)
    tab_valueY                               0x20000434   Data          16  main.o(.bss)
    hadc1                                    0x20000444   Data          72  adc.o(.bss)
    hdma_adc1                                0x2000048c   Data          96  adc.o(.bss)
    htim2                                    0x200004ec   Data          72  tim.o(.bss)
    htim3                                    0x20000534   Data          72  tim.o(.bss)
    htim4                                    0x2000057c   Data          72  tim.o(.bss)
    huart2                                   0x200005c4   Data          68  usart.o(.bss)
    __initial_sp                             0x20000a08   Data           0  startup_stm32f401xe.o(STACK)



==============================================================================

Memory Map of the image

  Image Entry point : 0x08000195

  Load Region LR_IROM1 (Base: 0x08000000, Size: 0x0000674c, Max: 0x00080000, ABSOLUTE, COMPRESSED[0x0000656c])

    Execution Region ER_IROM1 (Exec base: 0x08000000, Load base: 0x08000000, Size: 0x00006500, Max: 0x00080000, ABSOLUTE)

    Exec Addr    Load Addr    Size         Type   Attr      Idx    E Section Name        Object

    0x08000000   0x08000000   0x00000194   Data   RO            3    RESET               startup_stm32f401xe.o
    0x08000194   0x08000194   0x00000000   Code   RO         3841  * .ARM.Collect$$$$00000000  mc_w.l(entry.o)
    0x08000194   0x08000194   0x00000004   Code   RO         4122    .ARM.Collect$$$$00000001  mc_w.l(entry2.o)
    0x08000198   0x08000198   0x00000004   Code   RO         4125    .ARM.Collect$$$$00000004  mc_w.l(entry5.o)
    0x0800019c   0x0800019c   0x00000000   Code   RO         4127    .ARM.Collect$$$$00000008  mc_w.l(entry7b.o)
    0x0800019c   0x0800019c   0x00000000   Code   RO         4129    .ARM.Collect$$$$0000000A  mc_w.l(entry8b.o)
    0x0800019c   0x0800019c   0x00000008   Code   RO         4130    .ARM.Collect$$$$0000000B  mc_w.l(entry9a.o)
    0x080001a4   0x080001a4   0x00000004   Code   RO         4137    .ARM.Collect$$$$0000000E  mc_w.l(entry12b.o)
    0x080001a8   0x080001a8   0x00000000   Code   RO         4132    .ARM.Collect$$$$0000000F  mc_w.l(entry10a.o)
    0x080001a8   0x080001a8   0x00000000   Code   RO         4134    .ARM.Collect$$$$00000011  mc_w.l(entry11a.o)
    0x080001a8   0x080001a8   0x00000004   Code   RO         4123    .ARM.Collect$$$$00002712  mc_w.l(entry2.o)
    0x080001ac   0x080001ac   0x00000024   Code   RO            4    .text               startup_stm32f401xe.o
    0x080001d0   0x080001d0   0x00000062   Code   RO         3844    .text               mc_w.l(uldiv.o)
    0x08000232   0x08000232   0x00000002   PAD
    0x08000234   0x08000234   0x00000024   Code   RO         3846    .text               mc_w.l(rand.o)
    0x08000258   0x08000258   0x00000024   Code   RO         3849    .text               mc_w.l(memseta.o)
    0x0800027c   0x0800027c   0x000000e4   Code   RO         4112    .text               mf_w.l(dmul.o)
    0x08000360   0x08000360   0x000000de   Code   RO         4114    .text               mf_w.l(ddiv.o)
    0x0800043e   0x0800043e   0x00000026   Code   RO         4120    .text               mf_w.l(f2d.o)
    0x08000464   0x08000464   0x0000002c   Code   RO         4139    .text               mc_w.l(uidiv.o)
    0x08000490   0x08000490   0x0000001e   Code   RO         4141    .text               mc_w.l(llshl.o)
    0x080004ae   0x080004ae   0x00000020   Code   RO         4143    .text               mc_w.l(llushr.o)
    0x080004ce   0x080004ce   0x00000000   Code   RO         4152    .text               mc_w.l(iusefp.o)
    0x080004ce   0x080004ce   0x000000ba   Code   RO         4153    .text               mf_w.l(depilogue.o)
    0x08000588   0x08000588   0x0000014e   Code   RO         4155    .text               mf_w.l(dadd.o)
    0x080006d6   0x080006d6   0x00000030   Code   RO         4159    .text               mf_w.l(dfixul.o)
    0x08000706   0x08000706   0x00000002   PAD
    0x08000708   0x08000708   0x00000030   Code   RO         4163    .text               mf_w.l(cdrcmple.o)
    0x08000738   0x08000738   0x00000024   Code   RO         4165    .text               mc_w.l(init.o)
    0x0800075c   0x0800075c   0x00000024   Code   RO         4167    .text               mc_w.l(llsshr.o)
    0x08000780   0x08000780   0x00000056   Code   RO         4177    .text               mc_w.l(__dczerorl2.o)
    0x080007d6   0x080007d6   0x00000002   PAD
    0x080007d8   0x080007d8   0x00000128   Code   RO         1009    i.ADC_Init          stm32f4xx_hal_adc.o
    0x08000900   0x08000900   0x00000002   Code   RO          894    i.BusFault_Handler  stm32f4xx_it.o
    0x08000902   0x08000902   0x00000002   PAD
    0x08000904   0x08000904   0x0000000c   Code   RO          895    i.DMA2_Stream0_IRQHandler  stm32f4xx_it.o
    0x08000910   0x08000910   0x00000028   Code   RO         1767    i.DMA_CalcBaseAndBitshift  stm32f4xx_hal_dma.o
    0x08000938   0x08000938   0x00000054   Code   RO         1768    i.DMA_CheckFifoParam  stm32f4xx_hal_dma.o
    0x0800098c   0x0800098c   0x00000002   Code   RO          896    i.DebugMon_Handler  stm32f4xx_it.o
    0x0800098e   0x0800098e   0x00000004   Code   RO          583    i.Error_Handler     main.o
    0x08000992   0x08000992   0x00000002   PAD
    0x08000994   0x08000994   0x0000014c   Code   RO         1011    i.HAL_ADC_ConfigChannel  stm32f4xx_hal_adc.o
    0x08000ae0   0x08000ae0   0x00000054   Code   RO         1020    i.HAL_ADC_Init      stm32f4xx_hal_adc.o
    0x08000b34   0x08000b34   0x0000009c   Code   RO          727    i.HAL_ADC_MspInit   adc.o
    0x08000bd0   0x08000bd0   0x000001a0   Code   RO         1775    i.HAL_DMA_IRQHandler  stm32f4xx_hal_dma.o
    0x08000d70   0x08000d70   0x000000d4   Code   RO         1776    i.HAL_DMA_Init      stm32f4xx_hal_dma.o
    0x08000e44   0x08000e44   0x00000024   Code   RO         2213    i.HAL_Delay         stm32f4xx_hal.o
    0x08000e68   0x08000e68   0x000001a4   Code   RO         1663    i.HAL_GPIO_Init     stm32f4xx_hal_gpio.o
    0x0800100c   0x0800100c   0x0000000a   Code   RO         1667    i.HAL_GPIO_WritePin  stm32f4xx_hal_gpio.o
    0x08001016   0x08001016   0x00000002   PAD
    0x08001018   0x08001018   0x0000000c   Code   RO         2219    i.HAL_GetTick       stm32f4xx_hal.o
    0x08001024   0x08001024   0x00000010   Code   RO         2225    i.HAL_IncTick       stm32f4xx_hal.o
    0x08001034   0x08001034   0x00000034   Code   RO         2226    i.HAL_Init          stm32f4xx_hal.o
    0x08001068   0x08001068   0x00000040   Code   RO         2227    i.HAL_InitTick      stm32f4xx_hal.o
    0x080010a8   0x080010a8   0x00000034   Code   RO          982    i.HAL_MspInit       stm32f4xx_hal_msp.o
    0x080010dc   0x080010dc   0x0000001a   Code   RO         2076    i.HAL_NVIC_EnableIRQ  stm32f4xx_hal_cortex.o
    0x080010f6   0x080010f6   0x00000002   PAD
    0x080010f8   0x080010f8   0x00000040   Code   RO         2082    i.HAL_NVIC_SetPriority  stm32f4xx_hal_cortex.o
    0x08001138   0x08001138   0x00000024   Code   RO         2083    i.HAL_NVIC_SetPriorityGrouping  stm32f4xx_hal_cortex.o
    0x0800115c   0x0800115c   0x00000134   Code   RO         1285    i.HAL_RCC_ClockConfig  stm32f4xx_hal_rcc.o
    0x08001290   0x08001290   0x00000020   Code   RO         1292    i.HAL_RCC_GetPCLK1Freq  stm32f4xx_hal_rcc.o
    0x080012b0   0x080012b0   0x00000020   Code   RO         1293    i.HAL_RCC_GetPCLK2Freq  stm32f4xx_hal_rcc.o
    0x080012d0   0x080012d0   0x00000060   Code   RO         1294    i.HAL_RCC_GetSysClockFreq  stm32f4xx_hal_rcc.o
    0x08001330   0x08001330   0x00000358   Code   RO         1297    i.HAL_RCC_OscConfig  stm32f4xx_hal_rcc.o
    0x08001688   0x08001688   0x00000024   Code   RO          584    i.HAL_SYSTICK_Callback  main.o
    0x080016ac   0x080016ac   0x00000028   Code   RO         2087    i.HAL_SYSTICK_Config  stm32f4xx_hal_cortex.o
    0x080016d4   0x080016d4   0x00000008   Code   RO         2088    i.HAL_SYSTICK_IRQHandler  stm32f4xx_hal_cortex.o
    0x080016dc   0x080016dc   0x00000002   Code   RO         3170    i.HAL_TIMEx_BreakCallback  stm32f4xx_hal_tim_ex.o
    0x080016de   0x080016de   0x00000002   Code   RO         3171    i.HAL_TIMEx_CommutCallback  stm32f4xx_hal_tim_ex.o
    0x080016e0   0x080016e0   0x0000007c   Code   RO         3189    i.HAL_TIMEx_MasterConfigSynchronization  stm32f4xx_hal_tim_ex.o
    0x0800175c   0x0800175c   0x0000005a   Code   RO         2466    i.HAL_TIM_Base_Init  stm32f4xx_hal_tim.o
    0x080017b6   0x080017b6   0x00000002   PAD
    0x080017b8   0x080017b8   0x000000a8   Code   RO          793    i.HAL_TIM_Base_MspInit  tim.o
    0x08001860   0x08001860   0x000000dc   Code   RO         2475    i.HAL_TIM_ConfigClockSource  stm32f4xx_hal_tim.o
    0x0800193c   0x0800193c   0x0000016c   Code   RO          585    i.HAL_TIM_IC_CaptureCallback  main.o
    0x08001aa8   0x08001aa8   0x00000120   Code   RO         2502    i.HAL_TIM_IC_ConfigChannel  stm32f4xx_hal_tim.o
    0x08001bc8   0x08001bc8   0x0000005a   Code   RO         2505    i.HAL_TIM_IC_Init   stm32f4xx_hal_tim.o
    0x08001c22   0x08001c22   0x00000002   Code   RO         2507    i.HAL_TIM_IC_MspInit  stm32f4xx_hal_tim.o
    0x08001c24   0x08001c24   0x00000118   Code   RO         2510    i.HAL_TIM_IC_Start_IT  stm32f4xx_hal_tim.o
    0x08001d3c   0x08001d3c   0x00000166   Code   RO         2514    i.HAL_TIM_IRQHandler  stm32f4xx_hal_tim.o
    0x08001ea2   0x08001ea2   0x00000002   PAD
    0x08001ea4   0x08001ea4   0x00000050   Code   RO          794    i.HAL_TIM_MspPostInit  tim.o
    0x08001ef4   0x08001ef4   0x00000002   Code   RO         2517    i.HAL_TIM_OC_DelayElapsedCallback  stm32f4xx_hal_tim.o
    0x08001ef6   0x08001ef6   0x000000cc   Code   RO         2538    i.HAL_TIM_PWM_ConfigChannel  stm32f4xx_hal_tim.o
    0x08001fc2   0x08001fc2   0x0000005a   Code   RO         2541    i.HAL_TIM_PWM_Init  stm32f4xx_hal_tim.o
    0x0800201c   0x0800201c   0x00000002   Code   RO         2543    i.HAL_TIM_PWM_MspInit  stm32f4xx_hal_tim.o
    0x0800201e   0x0800201e   0x00000002   Code   RO         2544    i.HAL_TIM_PWM_PulseFinishedCallback  stm32f4xx_hal_tim.o
    0x08002020   0x08002020   0x000000b8   Code   RO         2546    i.HAL_TIM_PWM_Start  stm32f4xx_hal_tim.o
    0x080020d8   0x080020d8   0x00000002   Code   RO         2552    i.HAL_TIM_PeriodElapsedCallback  stm32f4xx_hal_tim.o
    0x080020da   0x080020da   0x00000002   Code   RO         2557    i.HAL_TIM_TriggerCallback  stm32f4xx_hal_tim.o
    0x080020dc   0x080020dc   0x00000062   Code   RO         3466    i.HAL_UART_Init     stm32f4xx_hal_uart.o
    0x0800213e   0x0800213e   0x00000002   PAD
    0x08002140   0x08002140   0x00000068   Code   RO          853    i.HAL_UART_MspInit  usart.o
    0x080021a8   0x080021a8   0x000000b0   Code   RO         3474    i.HAL_UART_Transmit  stm32f4xx_hal_uart.o
    0x08002258   0x08002258   0x00000002   Code   RO          897    i.HardFault_Handler  stm32f4xx_it.o
    0x0800225a   0x0800225a   0x00000002   PAD
    0x0800225c   0x0800225c   0x000003f4   Code   RO           13    i.LCD_Begin         mcufriend_kbv.o
    0x08002650   0x08002650   0x00000014   Code   RO           14    i.LCD_Color565      mcufriend_kbv.o
    0x08002664   0x08002664   0x000000b4   Code   RO           15    i.LCD_DrawChar      mcufriend_kbv.o
    0x08002718   0x08002718   0x00000050   Code   RO           21    i.LCD_DrawPixel     mcufriend_kbv.o
    0x08002768   0x08002768   0x00000304   Code   RO           25    i.LCD_FillRect      mcufriend_kbv.o
    0x08002a6c   0x08002a6c   0x0000001c   Code   RO           26    i.LCD_FillScreen    mcufriend_kbv.o
    0x08002a88   0x08002a88   0x000000b8   Code   RO           27    i.LCD_InvertDisplay  mcufriend_kbv.o
    0x08002b40   0x08002b40   0x00000078   Code   RO           28    i.LCD_Printf        mcufriend_kbv.o
    0x08002bb8   0x08002bb8   0x0000000a   Code   RO           32    i.LCD_PushCommand   mcufriend_kbv.o
    0x08002bc2   0x08002bc2   0x00000002   PAD
    0x08002bc4   0x08002bc4   0x00000724   Code   RO           33    i.LCD_ReadGRAM      mcufriend_kbv.o
    0x080032e8   0x080032e8   0x00000014   Code   RO           35    i.LCD_ReadPixel     mcufriend_kbv.o
    0x080032fc   0x080032fc   0x000000c4   Code   RO           39    i.LCD_Reset         mcufriend_kbv.o
    0x080033c0   0x080033c0   0x00000144   Code   RO           40    i.LCD_SetAddrWindow  mcufriend_kbv.o
    0x08003504   0x08003504   0x0000000c   Code   RO           41    i.LCD_SetCursor     mcufriend_kbv.o
    0x08003510   0x08003510   0x00000324   Code   RO           42    i.LCD_SetRotation   mcufriend_kbv.o
    0x08003834   0x08003834   0x0000000c   Code   RO           43    i.LCD_SetTextColor  mcufriend_kbv.o
    0x08003840   0x08003840   0x0000017c   Code   RO           45    i.LCD_VertScroll    mcufriend_kbv.o
    0x080039bc   0x080039bc   0x00000004   Code   RO           46    i.LCD_WriteCmdData  mcufriend_kbv.o
    0x080039c0   0x080039c0   0x00000064   Code   RO          728    i.MX_ADC1_Init      adc.o
    0x08003a24   0x08003a24   0x0000002c   Code   RO          768    i.MX_DMA_Init       dma.o
    0x08003a50   0x08003a50   0x000000dc   Code   RO          702    i.MX_GPIO_Init      gpio.o
    0x08003b2c   0x08003b2c   0x0000009c   Code   RO          795    i.MX_TIM2_Init      tim.o
    0x08003bc8   0x08003bc8   0x000000a8   Code   RO          796    i.MX_TIM3_Init      tim.o
    0x08003c70   0x08003c70   0x00000064   Code   RO          797    i.MX_TIM4_Init      tim.o
    0x08003cd4   0x08003cd4   0x00000038   Code   RO          854    i.MX_USART2_UART_Init  usart.o
    0x08003d0c   0x08003d0c   0x00000002   Code   RO          898    i.MemManage_Handler  stm32f4xx_it.o
    0x08003d0e   0x08003d0e   0x00000002   Code   RO          899    i.NMI_Handler       stm32f4xx_it.o
    0x08003d10   0x08003d10   0x00000002   Code   RO          900    i.PendSV_Handler    stm32f4xx_it.o
    0x08003d12   0x08003d12   0x00000002   Code   RO          901    i.SVC_Handler       stm32f4xx_it.o
    0x08003d14   0x08003d14   0x0000000e   Code   RO          902    i.SysTick_Handler   stm32f4xx_it.o
    0x08003d22   0x08003d22   0x00000002   PAD
    0x08003d24   0x08003d24   0x00000098   Code   RO          586    i.SystemClock_Config  main.o
    0x08003dbc   0x08003dbc   0x00000010   Code   RO         3795    i.SystemInit        system_stm32f4xx.o
    0x08003dcc   0x08003dcc   0x0000000c   Code   RO          903    i.TIM3_IRQHandler   stm32f4xx_it.o
    0x08003dd8   0x08003dd8   0x00000098   Code   RO         2559    i.TIM_Base_SetConfig  stm32f4xx_hal_tim.o
    0x08003e70   0x08003e70   0x0000001a   Code   RO         2560    i.TIM_CCxChannelCmd  stm32f4xx_hal_tim.o
    0x08003e8a   0x08003e8a   0x00000014   Code   RO         2570    i.TIM_ETR_SetConfig  stm32f4xx_hal_tim.o
    0x08003e9e   0x08003e9e   0x00000010   Code   RO         2571    i.TIM_ITRx_SetConfig  stm32f4xx_hal_tim.o
    0x08003eae   0x08003eae   0x00000002   PAD
    0x08003eb0   0x08003eb0   0x00000058   Code   RO         2572    i.TIM_OC1_SetConfig  stm32f4xx_hal_tim.o
    0x08003f08   0x08003f08   0x0000005c   Code   RO         2573    i.TIM_OC2_SetConfig  stm32f4xx_hal_tim.o
    0x08003f64   0x08003f64   0x00000058   Code   RO         2574    i.TIM_OC3_SetConfig  stm32f4xx_hal_tim.o
    0x08003fbc   0x08003fbc   0x00000044   Code   RO         2575    i.TIM_OC4_SetConfig  stm32f4xx_hal_tim.o
    0x08004000   0x08004000   0x00000022   Code   RO         2577    i.TIM_TI1_ConfigInputStage  stm32f4xx_hal_tim.o
    0x08004022   0x08004022   0x00000002   PAD
    0x08004024   0x08004024   0x0000006c   Code   RO         2578    i.TIM_TI1_SetConfig  stm32f4xx_hal_tim.o
    0x08004090   0x08004090   0x00000024   Code   RO         2579    i.TIM_TI2_ConfigInputStage  stm32f4xx_hal_tim.o
    0x080040b4   0x080040b4   0x00000036   Code   RO         2580    i.TIM_TI2_SetConfig  stm32f4xx_hal_tim.o
    0x080040ea   0x080040ea   0x00000002   PAD
    0x080040ec   0x080040ec   0x0000010c   Code   RO         3492    i.UART_SetConfig    stm32f4xx_hal_uart.o
    0x080041f8   0x080041f8   0x00000076   Code   RO         3495    i.UART_WaitOnFlagUntilTimeout  stm32f4xx_hal_uart.o
    0x0800426e   0x0800426e   0x00000002   Code   RO          904    i.UsageFault_Handler  stm32f4xx_it.o
    0x08004270   0x08004270   0x0000001e   Code   RO           47    i.WriteCmdParam4    mcufriend_kbv.o
    0x0800428e   0x0800428e   0x00000002   PAD
    0x08004290   0x08004290   0x00000330   Code   RO           48    i.WriteCmdParamN    mcufriend_kbv.o
    0x080045c0   0x080045c0   0x00000020   Code   RO         4084    i.__0printf         mc_w.l(printfa.o)
    0x080045e0   0x080045e0   0x00000028   Code   RO         4086    i.__0sprintf        mc_w.l(printfa.o)
    0x08004608   0x08004608   0x00000024   Code   RO         4090    i.__0vsprintf       mc_w.l(printfa.o)
    0x0800462c   0x0800462c   0x00000020   Code   RO         2089    i.__NVIC_SetPriority  stm32f4xx_hal_cortex.o
    0x0800464c   0x0800464c   0x0000000e   Code   RO         4171    i.__scatterload_copy  mc_w.l(handlers.o)
    0x0800465a   0x0800465a   0x00000002   Code   RO         4172    i.__scatterload_null  mc_w.l(handlers.o)
    0x0800465c   0x0800465c   0x0000000e   Code   RO         4173    i.__scatterload_zeroinit  mc_w.l(handlers.o)
    0x0800466a   0x0800466a   0x00000002   PAD
    0x0800466c   0x0800466c   0x00000184   Code   RO         4091    i._fp_digits        mc_w.l(printfa.o)
    0x080047f0   0x080047f0   0x000006b4   Code   RO         4092    i._printf_core      mc_w.l(printfa.o)
    0x08004ea4   0x08004ea4   0x00000024   Code   RO         4093    i._printf_post_padding  mc_w.l(printfa.o)
    0x08004ec8   0x08004ec8   0x0000002e   Code   RO         4094    i._printf_pre_padding  mc_w.l(printfa.o)
    0x08004ef6   0x08004ef6   0x0000000a   Code   RO         4096    i._sputc            mc_w.l(printfa.o)
    0x08004f00   0x08004f00   0x00000014   Code   RO           49    i.color565_to_555   mcufriend_kbv.o
    0x08004f14   0x08004f14   0x00000012   Code   RO          449    i.copyTetrimino     tetris.o
    0x08004f26   0x08004f26   0x0000001e   Code   RO           50    i.delay             mcufriend_kbv.o
    0x08004f44   0x08004f44   0x0000007c   Code   RO          450    i.detectBlockCollision  tetris.o
    0x08004fc0   0x08004fc0   0x00000018   Code   RO          451    i.detectCollision   tetris.o
    0x08004fd8   0x08004fd8   0x00000070   Code   RO          452    i.detectWallCollision  tetris.o
    0x08005048   0x08005048   0x0000004c   Code   RO          453    i.displaceTetrimino  tetris.o
    0x08005094   0x08005094   0x0000006c   Code   RO          454    i.displayField      tetris.o
    0x08005100   0x08005100   0x00000030   Code   RO          455    i.displayNDeletedLines  tetris.o
    0x08005130   0x08005130   0x0000006c   Code   RO          456    i.displayPreviewTetrimino  tetris.o
    0x0800519c   0x0800519c   0x00000030   Code   RO          457    i.displayScore      tetris.o
    0x080051cc   0x080051cc   0x00000074   Code   RO          458    i.displayTetrimino  tetris.o
    0x08005240   0x08005240   0x00000030   Code   RO          459    i.eraseLine         tetris.o
    0x08005270   0x08005270   0x00000016   Code   RO          460    i.erasePreviewTetrimino  tetris.o
    0x08005286   0x08005286   0x00000002   PAD
    0x08005288   0x08005288   0x0000006c   Code   RO          461    i.eraseTetrimino    tetris.o
    0x080052f4   0x080052f4   0x00000018   Code   RO          587    i.fputc             main.o
    0x0800530c   0x0800530c   0x0000004c   Code   RO           51    i.init_table        mcufriend_kbv.o
    0x08005358   0x08005358   0x0000002e   Code   RO           52    i.init_table16      mcufriend_kbv.o
    0x08005386   0x08005386   0x00000002   PAD
    0x08005388   0x08005388   0x00000044   Code   RO          462    i.initializeField   tetris.o
    0x080053cc   0x080053cc   0x00000324   Code   RO          589    i.main              main.o
    0x080056f0   0x080056f0   0x00000044   Code   RO          464    i.resetTetrimino    tetris.o
    0x08005734   0x08005734   0x00000036   Code   RO          465    i.rotateTetrimino   tetris.o
    0x0800576a   0x0800576a   0x00000002   PAD
    0x0800576c   0x0800576c   0x000000ec   Code   RO          466    i.updateField       tetris.o
    0x08005858   0x08005858   0x000001e8   Code   RO           55    i.writecmddata      mcufriend_kbv.o
    0x08005a40   0x08005a40   0x00000999   Data   RO           57    .constdata          mcufriend_kbv.o
    0x080063d9   0x080063d9   0x00000003   PAD
    0x080063dc   0x080063dc   0x00000020   Data   RO          468    .constdata          tetris.o
    0x080063fc   0x080063fc   0x00000008   Data   RO         1782    .constdata          stm32f4xx_hal_dma.o
    0x08006404   0x08006404   0x00000010   Data   RO         3796    .constdata          system_stm32f4xx.o
    0x08006414   0x08006414   0x00000008   Data   RO         3797    .constdata          system_stm32f4xx.o
    0x0800641c   0x0800641c   0x000000c1   Data   RO          593    .conststring        main.o
    0x080064dd   0x080064dd   0x00000003   PAD
    0x080064e0   0x080064e0   0x00000020   Data   RO         4169    Region$$Table       anon$$obj.o


    Execution Region RW_IRAM1 (Exec base: 0x20000000, Load base: 0x08006500, Size: 0x00000a08, Max: 0x00018000, ABSOLUTE, COMPRESSED[0x0000006c])

    Exec Addr    Load Addr    Size         Type   Attr      Idx    E Section Name        Object

    0x20000000   COMPRESSED   0x00000030   Data   RW           58    .data               mcufriend_kbv.o
    0x20000030   COMPRESSED   0x000001c0   Data   RW          437    .data               shapes.o
    0x200001f0   COMPRESSED   0x00000014   Data   RW          472    .data               tetris.o
    0x20000204   COMPRESSED   0x00000030   Data   RW          595    .data               main.o
    0x20000234   COMPRESSED   0x0000000c   Data   RW         2233    .data               stm32f4xx_hal.o
    0x20000240   COMPRESSED   0x00000004   Data   RW         3798    .data               system_stm32f4xx.o
    0x20000244   COMPRESSED   0x00000004   Data   RW         3847    .data               mc_w.l(rand.o)
    0x20000248   COMPRESSED   0x00000004   Data   RW         4138    .data               mc_w.l(stdout.o)
    0x2000024c        -       0x00000100   Zero   RW           56    .bss                mcufriend_kbv.o
    0x2000034c        -       0x000000d8   Zero   RW          467    .bss                tetris.o
    0x20000424        -       0x00000020   Zero   RW          592    .bss                main.o
    0x20000444        -       0x000000a8   Zero   RW          729    .bss                adc.o
    0x200004ec        -       0x000000d8   Zero   RW          798    .bss                tim.o
    0x200005c4        -       0x00000044   Zero   RW          855    .bss                usart.o
    0x20000608        -       0x00000400   Zero   RW            1    STACK               startup_stm32f401xe.o


==============================================================================

Image component sizes


      Code (inc. data)   RO Data    RW Data    ZI Data      Debug   Object Name

       256         30          0          0        168       1987   adc.o
        44          4          0          0          0        874   dma.o
       220         14          0          0          0       1103   gpio.o
      1384         94        193         48         32      24057   main.o
      7492        204       2457         48        256     442282   mcufriend_kbv.o
         0          0          0        448          0        613   shapes.o
        36          8        404          0       1024        884   startup_stm32f401xe.o
       180         28          0         12          0       9665   stm32f4xx_hal.o
       712         28          0          0          0       3075   stm32f4xx_hal_adc.o
       206         14          0          0          0      34832   stm32f4xx_hal_cortex.o
       752         16          8          0          0       4352   stm32f4xx_hal_dma.o
       430         32          0          0          0       2420   stm32f4xx_hal_gpio.o
        52          4          0          0          0        966   stm32f4xx_hal_msp.o
      1324         72          0          0          0       5680   stm32f4xx_hal_rcc.o
      2598        112          0          0          0      23313   stm32f4xx_hal_tim.o
       128         20          0          0          0       2741   stm32f4xx_hal_tim_ex.o
       660         10          0          0          0       4420   stm32f4xx_hal_uart.o
        54         12          0          0          0       5714   stm32f4xx_it.o
        16          4         24          4          0       1279   system_stm32f4xx.o
      1386        108         32         20        216      14389   tetris.o
       672         52          0          0        216       4370   tim.o
       160         22          0          0         68       1914   usart.o

    ----------------------------------------------------------------------
     18796        888       3156        580       1980     590930   Object Totals
         0          0         32          0          0          0   (incl. Generated)
        34          0          6          0          0          0   (incl. Padding)

    ----------------------------------------------------------------------

      Code (inc. data)   RO Data    RW Data    ZI Data      Debug   Library Member Name

        86          0          0          0          0          0   __dczerorl2.o
         0          0          0          0          0          0   entry.o
         0          0          0          0          0          0   entry10a.o
         0          0          0          0          0          0   entry11a.o
         4          0          0          0          0          0   entry12b.o
         8          4          0          0          0          0   entry2.o
         4          0          0          0          0          0   entry5.o
         0          0          0          0          0          0   entry7b.o
         0          0          0          0          0          0   entry8b.o
         8          4          0          0          0          0   entry9a.o
        30          0          0          0          0          0   handlers.o
        36          8          0          0          0         68   init.o
         0          0          0          0          0          0   iusefp.o
        30          0          0          0          0         68   llshl.o
        36          0          0          0          0         68   llsshr.o
        32          0          0          0          0         68   llushr.o
        36          0          0          0          0        108   memseta.o
      2304        102          0          0          0        696   printfa.o
        36         10          0          4          0        136   rand.o
         0          0          0          4          0          0   stdout.o
        44          0          0          0          0         80   uidiv.o
        98          0          0          0          0         92   uldiv.o
        48          0          0          0          0         68   cdrcmple.o
       334          0          0          0          0        148   dadd.o
       222          0          0          0          0        100   ddiv.o
       186          0          0          0          0        176   depilogue.o
        48          0          0          0          0         68   dfixul.o
       228          0          0          0          0         96   dmul.o
        38          0          0          0          0         68   f2d.o

    ----------------------------------------------------------------------
      3904        128          0          8          0       2108   Library Totals
         8          0          0          0          0          0   (incl. Padding)

    ----------------------------------------------------------------------

      Code (inc. data)   RO Data    RW Data    ZI Data      Debug   Library Name

      2792        128          0          8          0       1384   mc_w.l
      1104          0          0          0          0        724   mf_w.l

    ----------------------------------------------------------------------
      3904        128          0          8          0       2108   Library Totals

    ----------------------------------------------------------------------

==============================================================================


      Code (inc. data)   RO Data    RW Data    ZI Data      Debug   

     22700       1016       3156        588       1980     579882   Grand Totals
     22700       1016       3156        108       1980     579882   ELF Image Totals (compressed)
     22700       1016       3156        108          0          0   ROM Totals

==============================================================================

    Total RO  Size (Code + RO Data)                25856 (  25.25kB)
    Total RW  Size (RW Data + ZI Data)              2568 (   2.51kB)
    Total ROM Size (Code + RO Data + RW Data)      25964 (  25.36kB)

==============================================================================

