<html>
<body>
<pre>
<h1>µVision Build Log</h1>
<h2>Tool Versions:</h2>
IDE-Version: µVision V5.35.0.0
Copyright (C) 2021 ARM Ltd and ARM Germany GmbH. All rights reserved.
License Information: Bouh Abdillahi École Polytechnique de Montréal Flex license: MDK Professional 5.35 (Flex) (mdk_pro) Operation stops: 4 Aug 2024
 
Tool Versions:
Toolchain:       MDK Professional 5.35 (Flex)  Version: 5.35.0.2
Toolchain Path:  C:\Keil_v5\ARM\ARMCC\Bin
C Compiler:      Armcc.exe V5.06 update 7 (build 960)
Assembler:       Armasm.exe V5.06 update 7 (build 960)
Linker/Locator:  ArmLink.exe V5.06 update 7 (build 960)
Library Manager: ArmAr.exe V5.06 update 7 (build 960)
Hex Converter:   FromElf.exe V5.06 update 7 (build 960)
CPU DLL:         SARMCM3.DLL V5.35.0.2
Dialog DLL:      DCM.DLL V1.17.3.0
Target DLL:      STLink\ST-LINKIII-KEIL_SWO.dll V3.0.9.0
Dialog DLL:      TCM.DLL V1.53.0.0
 
<h2>Project:</h2>
C:\Users\Bouh\Documents\Automne 2021\ELE3312\Projet\Projet\MyTestUnfailedUltimateSSGSS\MDK-ARM\MyTestUnfailedUltimateSSGSS.uvprojx
Project File Date:  12/01/2021

<h2>Output:</h2>
*** Using Compiler 'V5.06 update 7 (build 960)', folder: 'C:\Keil_v5\ARM\ARMCC\Bin'
Build target 'MyTestUnfailedUltimateSSGSS'
compiling main.c...
../Core/Inc/tetris.h(238): warning:  #1295-D: Deprecated declaration erasePreviewTetrimino - give arg types
  void erasePreviewTetrimino();
../Core/Inc/tetris.h(243): warning:  #1295-D: Deprecated declaration displayPreviewTetrimino - give arg types
  void displayPreviewTetrimino();
../Core/Src/main.c(551): warning:  #167-D: argument of type "volatile uint8_t *" is incompatible with parameter of type "uint8_t *"
  	HAL_UART_Receive_IT(&huart6, &Rx_data, sizeof(Rx_data));
../Core/Src/main.c(917): warning:  #167-D: argument of type "volatile uint8_t *" is incompatible with parameter of type "uint8_t *"
    HAL_UART_Receive_IT(&huart6, &Rx_data, sizeof(Rx_data)); 
../Core/Src/main.c(964): warning:  #1035-D: single-precision operand implicitly converted to double-precision
  						DistanceX = DifferenceX/58.0;
../Core/Src/main.c(999): warning:  #1035-D: single-precision operand implicitly converted to double-precision
  						DistanceY = DifferenceY/58.0;
../Core/Src/main.c(1007): warning:  #1035-D: single-precision operand implicitly converted to double-precision
  		FromGaucheToDroite = (tab_valueX[3] < tab_valueX[2]) && ((tab_valueX[2]-tab_valueX[3])> 1.5)
../Core/Src/main.c(1008): warning:  #1035-D: single-precision operand implicitly converted to double-precision
  															&& ((tab_valueX[2]-tab_valueX[3])< 15.0) && ((tab_valueX[3] < 80.0)&&(tab_valueX[2] < 80.0) );
../Core/Src/main.c(1008): warning:  #1035-D: single-precision operand implicitly converted to double-precision
  															&& ((tab_valueX[2]-tab_valueX[3])< 15.0) && ((tab_valueX[3] < 80.0)&&(tab_valueX[2] < 80.0) );
../Core/Src/main.c(1008): warning:  #1035-D: single-precision operand implicitly converted to double-precision
  															&& ((tab_valueX[2]-tab_valueX[3])< 15.0) && ((tab_valueX[3] < 80.0)&&(tab_valueX[2] < 80.0) );
../Core/Src/main.c(1009): warning:  #1035-D: single-precision operand implicitly converted to double-precision
  		FromGaucheToDroiteFast = (tab_valueX[3] < tab_valueX[2]) && ((tab_valueX[2]-tab_valueX[3])>= 15.0 )
../Core/Src/main.c(1010): warning:  #1035-D: single-precision operand implicitly converted to double-precision
  															&& ((tab_valueX[2]-tab_valueX[3])< 60.0) && ((tab_valueX[3] < 80.0)&&(tab_valueX[2] < 80.0));
../Core/Src/main.c(1010): warning:  #1035-D: single-precision operand implicitly converted to double-precision
  															&& ((tab_valueX[2]-tab_valueX[3])< 60.0) && ((tab_valueX[3] < 80.0)&&(tab_valueX[2] < 80.0));
../Core/Src/main.c(1010): warning:  #1035-D: single-precision operand implicitly converted to double-precision
  															&& ((tab_valueX[2]-tab_valueX[3])< 60.0) && ((tab_valueX[3] < 80.0)&&(tab_valueX[2] < 80.0));
../Core/Src/main.c(1011): warning:  #1035-D: single-precision operand implicitly converted to double-precision
  		FromDroiteToGauche = (tab_valueX[3] > tab_valueX[2]) && ((tab_valueX[3]-tab_valueX[2])> 1.5)
../Core/Src/main.c(1012): warning:  #1035-D: single-precision operand implicitly converted to double-precision
  															&& ((tab_valueX[3]-tab_valueX[2])< 15.0)  	&& ((tab_valueX[3] < 80.0)&&(tab_valueX[2] < 80.0)) ;
../Core/Src/main.c(1012): warning:  #1035-D: single-precision operand implicitly converted to double-precision
  															&& ((tab_valueX[3]-tab_valueX[2])< 15.0)  	&& ((tab_valueX[3] < 80.0)&&(tab_valueX[2] < 80.0)) ;
../Core/Src/main.c(1012): warning:  #1035-D: single-precision operand implicitly converted to double-precision
  															&& ((tab_valueX[3]-tab_valueX[2])< 15.0)  	&& ((tab_valueX[3] < 80.0)&&(tab_valueX[2] < 80.0)) ;
../Core/Src/main.c(1013): warning:  #1035-D: single-precision operand implicitly converted to double-precision
  		FromDroiteToGaucheFast = (tab_valueX[3] > tab_valueX[2]) && ((tab_valueX[3]-tab_valueX[2])>= 15.0)
../Core/Src/main.c(1014): warning:  #1035-D: single-precision operand implicitly converted to double-precision
  															&& ((tab_valueX[3]-tab_valueX[2])< 60.0)  	&& ((tab_valueX[3] < 80.0)&&(tab_valueX[2] < 80.0)) ;
../Core/Src/main.c(1014): warning:  #1035-D: single-precision operand implicitly converted to double-precision
  															&& ((tab_valueX[3]-tab_valueX[2])< 60.0)  	&& ((tab_valueX[3] < 80.0)&&(tab_valueX[2] < 80.0)) ;
../Core/Src/main.c(1014): warning:  #1035-D: single-precision operand implicitly converted to double-precision
  															&& ((tab_valueX[3]-tab_valueX[2])< 60.0)  	&& ((tab_valueX[3] < 80.0)&&(tab_valueX[2] < 80.0)) ;
../Core/Src/main.c(1019): warning:  #1035-D: single-precision operand implicitly converted to double-precision
  		versLeBas = (tab_valueY[3] < tab_valueY[2]) && (tab_valueY[2]-tab_valueY[3] < 50.0 ) 
../Core/Src/main.c(1020): warning:  #1035-D: single-precision operand implicitly converted to double-precision
  											&& (tab_valueY[2]-tab_valueY[3] > 5.0 ) && (DistanceY > 0.0) && (tab_valueY[3] < 100.0) && (tab_valueY[2] < 100.0);
../Core/Src/main.c(1020): warning:  #1035-D: single-precision operand implicitly converted to double-precision
  											&& (tab_valueY[2]-tab_valueY[3] > 5.0 ) && (DistanceY > 0.0) && (tab_valueY[3] < 100.0) && (tab_valueY[2] < 100.0);
../Core/Src/main.c(1020): warning:  #1035-D: single-precision operand implicitly converted to double-precision
  											&& (tab_valueY[2]-tab_valueY[3] > 5.0 ) && (DistanceY > 0.0) && (tab_valueY[3] < 100.0) && (tab_valueY[2] < 100.0);
../Core/Src/main.c(1020): warning:  #1035-D: single-precision operand implicitly converted to double-precision
  											&& (tab_valueY[2]-tab_valueY[3] > 5.0 ) && (DistanceY > 0.0) && (tab_valueY[3] < 100.0) && (tab_valueY[2] < 100.0);
../Core/Src/main.c(1021): warning:  #1035-D: single-precision operand implicitly converted to double-precision
  		isRotating =  (tab_valueY[3]-tab_valueY[2] > 50.0)	&& (DistanceY > 0.0) 	&& (tab_valueY[2] !=0.0);
../Core/Src/main.c(1021): warning:  #1035-D: single-precision operand implicitly converted to double-precision
  		isRotating =  (tab_valueY[3]-tab_valueY[2] > 50.0)	&& (DistanceY > 0.0) 	&& (tab_valueY[2] !=0.0);
../Core/Src/main.c(1021): warning:  #1035-D: single-precision operand implicitly converted to double-precision
  		isRotating =  (tab_valueY[3]-tab_valueY[2] > 50.0)	&& (DistanceY > 0.0) 	&& (tab_valueY[2] !=0.0);
../Core/Src/main.c: 30 warnings, 0 errors
linking...
Program Size: Code=36168 RO-data=3524 RW-data=692 ZI-data=66412  
FromELF: creating hex file...
"MyTestUnfailedUltimateSSGSS\MyTestUnfailedUltimateSSGSS.axf" - 0 Error(s), 30 Warning(s).

<h2>Software Packages used:</h2>

Package Vendor: ARM
                http://www.keil.com/pack/ARM.CMSIS.5.7.0.pack
                ARM.CMSIS.5.7.0
                CMSIS (Cortex Microcontroller Software Interface Standard)
   * Component: CORE Version: 5.4.0
   * Component: DSP Variant: Library Version: 1.8.0

Package Vendor: Keil
                http://www.keil.com/pack/Keil.STM32F4xx_DFP.2.15.0.pack
                Keil.STM32F4xx_DFP.2.15.0
                STMicroelectronics STM32F4 Series Device Support, Drivers and Examples

<h2>Collection of Component include folders:</h2>
  .\RTE\_MyTestUnfailedUltimateSSGSS
  C:\Users\Bouh\AppData\Local\Arm\Packs\ARM\CMSIS\5.7.0\CMSIS\Core\Include
  C:\Users\Bouh\AppData\Local\Arm\Packs\ARM\CMSIS\5.7.0\CMSIS\DSP\Include
  C:\Users\Bouh\AppData\Local\Arm\Packs\Keil\STM32F4xx_DFP\2.15.0\Drivers\CMSIS\Device\ST\STM32F4xx\Include

<h2>Collection of Component Files used:</h2>

   * Component: ARM::CMSIS:CORE:5.4.0

   * Component: ARM::CMSIS:DSP:Library:1.8.0
      Library file:  CMSIS\DSP\Lib\ARM\arm_cortexM4lf_math.lib
      Include file:  CMSIS\DSP\Include\arm_math.h
Build Time Elapsed:  00:00:03
</pre>
</body>
</html>
