Component: ARM Compiler 5.06 update 7 (build 960) Tool: armlink [4d3601]

==============================================================================

Section Cross References

    startup_stm32f401xe.o(RESET) refers to startup_stm32f401xe.o(STACK) for __initial_sp
    startup_stm32f401xe.o(RESET) refers to startup_stm32f401xe.o(.text) for Reset_Handler
    startup_stm32f401xe.o(RESET) refers to stm32f4xx_it.o(i.NMI_Handler) for NMI_Handler
    startup_stm32f401xe.o(RESET) refers to stm32f4xx_it.o(i.HardFault_Handler) for HardFault_Handler
    startup_stm32f401xe.o(RESET) refers to stm32f4xx_it.o(i.MemManage_Handler) for MemManage_Handler
    startup_stm32f401xe.o(RESET) refers to stm32f4xx_it.o(i.BusFault_Handler) for BusFault_Handler
    startup_stm32f401xe.o(RESET) refers to stm32f4xx_it.o(i.UsageFault_Handler) for UsageFault_Handler
    startup_stm32f401xe.o(RESET) refers to stm32f4xx_it.o(i.SVC_Handler) for SVC_Handler
    startup_stm32f401xe.o(RESET) refers to stm32f4xx_it.o(i.DebugMon_Handler) for DebugMon_Handler
    startup_stm32f401xe.o(RESET) refers to stm32f4xx_it.o(i.PendSV_Handler) for PendSV_Handler
    startup_stm32f401xe.o(RESET) refers to stm32f4xx_it.o(i.SysTick_Handler) for SysTick_Handler
    startup_stm32f401xe.o(RESET) refers to stm32f4xx_it.o(i.DMA1_Stream3_IRQHandler) for DMA1_Stream3_IRQHandler
    startup_stm32f401xe.o(RESET) refers to stm32f4xx_it.o(i.TIM1_UP_TIM10_IRQHandler) for TIM1_UP_TIM10_IRQHandler
    startup_stm32f401xe.o(RESET) refers to stm32f4xx_it.o(i.TIM3_IRQHandler) for TIM3_IRQHandler
    startup_stm32f401xe.o(RESET) refers to stm32f4xx_it.o(i.DMA2_Stream0_IRQHandler) for DMA2_Stream0_IRQHandler
    startup_stm32f401xe.o(RESET) refers to stm32f4xx_it.o(i.DMA2_Stream6_IRQHandler) for DMA2_Stream6_IRQHandler
    startup_stm32f401xe.o(RESET) refers to stm32f4xx_it.o(i.USART6_IRQHandler) for USART6_IRQHandler
    startup_stm32f401xe.o(.text) refers to system_stm32f4xx.o(i.SystemInit) for SystemInit
    startup_stm32f401xe.o(.text) refers to entry.o(.ARM.Collect$$$$00000000) for __main
    mcufriend_kbv.o(i.LCD_Begin) refers to mcufriend_kbv.o(i.LCD_ReadID) for LCD_ReadID
    mcufriend_kbv.o(i.LCD_Begin) refers to mcufriend_kbv.o(i.LCD_Reset) for LCD_Reset
    mcufriend_kbv.o(i.LCD_Begin) refers to mcufriend_kbv.o(i.init_table16) for init_table16
    mcufriend_kbv.o(i.LCD_Begin) refers to mcufriend_kbv.o(i.init_table) for init_table
    mcufriend_kbv.o(i.LCD_Begin) refers to mcufriend_kbv.o(i.LCD_SetRotation) for LCD_SetRotation
    mcufriend_kbv.o(i.LCD_Begin) refers to mcufriend_kbv.o(i.LCD_InvertDisplay) for LCD_InvertDisplay
    mcufriend_kbv.o(i.LCD_Begin) refers to mcufriend_kbv.o(i.LCD_DrawPixel) for LCD_DrawPixel
    mcufriend_kbv.o(i.LCD_Begin) refers to mcufriend_kbv.o(i.LCD_ReadPixel) for LCD_ReadPixel
    mcufriend_kbv.o(i.LCD_Begin) refers to mcufriend_kbv.o(i.LCD_PushCommand) for LCD_PushCommand
    mcufriend_kbv.o(i.LCD_Begin) refers to mcufriend_kbv.o(.data) for .data
    mcufriend_kbv.o(i.LCD_Begin) refers to mcufriend_kbv.o(.constdata) for .constdata
    mcufriend_kbv.o(i.LCD_DrawChar) refers to mcufriend_kbv.o(i.LCD_FillRect) for LCD_FillRect
    mcufriend_kbv.o(i.LCD_DrawChar) refers to mcufriend_kbv.o(i.LCD_DrawPixel) for LCD_DrawPixel
    mcufriend_kbv.o(i.LCD_DrawChar) refers to mcufriend_kbv.o(.constdata) for .constdata
    mcufriend_kbv.o(i.LCD_DrawCircle) refers to mcufriend_kbv.o(i.LCD_DrawPixel) for LCD_DrawPixel
    mcufriend_kbv.o(i.LCD_DrawCircleHelper) refers to mcufriend_kbv.o(i.LCD_DrawPixel) for LCD_DrawPixel
    mcufriend_kbv.o(i.LCD_DrawFastHLine) refers to mcufriend_kbv.o(i.LCD_FillRect) for LCD_FillRect
    mcufriend_kbv.o(i.LCD_DrawFastVLine) refers to mcufriend_kbv.o(i.LCD_FillRect) for LCD_FillRect
    mcufriend_kbv.o(i.LCD_DrawLine) refers to mcufriend_kbv.o(i.LCD_DrawPixel) for LCD_DrawPixel
    mcufriend_kbv.o(i.LCD_DrawPixel) refers to mcufriend_kbv.o(i.color565_to_555) for color565_to_555
    mcufriend_kbv.o(i.LCD_DrawPixel) refers to mcufriend_kbv.o(i.LCD_SetAddrWindow) for LCD_SetAddrWindow
    mcufriend_kbv.o(i.LCD_DrawPixel) refers to mcufriend_kbv.o(i.LCD_WriteCmdData) for LCD_WriteCmdData
    mcufriend_kbv.o(i.LCD_DrawPixel) refers to mcufriend_kbv.o(.data) for .data
    mcufriend_kbv.o(i.LCD_DrawRect) refers to mcufriend_kbv.o(i.LCD_DrawFastHLine) for LCD_DrawFastHLine
    mcufriend_kbv.o(i.LCD_DrawRect) refers to mcufriend_kbv.o(i.LCD_DrawFastVLine) for LCD_DrawFastVLine
    mcufriend_kbv.o(i.LCD_FillCircle) refers to mcufriend_kbv.o(i.LCD_DrawFastVLine) for LCD_DrawFastVLine
    mcufriend_kbv.o(i.LCD_FillCircle) refers to mcufriend_kbv.o(i.LCD_FillCircleHelper) for LCD_FillCircleHelper
    mcufriend_kbv.o(i.LCD_FillCircleHelper) refers to mcufriend_kbv.o(i.LCD_DrawFastVLine) for LCD_DrawFastVLine
    mcufriend_kbv.o(i.LCD_FillRect) refers to mcufriend_kbv.o(i.color565_to_555) for color565_to_555
    mcufriend_kbv.o(i.LCD_FillRect) refers to mcufriend_kbv.o(i.LCD_SetAddrWindow) for LCD_SetAddrWindow
[...]
    i._printf_pre_padding                    0x08007f68   Section        0  printfa.o(i._printf_pre_padding)
    _printf_pre_padding                      0x08007f69   Thumb Code    46  printfa.o(i._printf_pre_padding)
    i._sputc                                 0x08007f96   Section        0  printfa.o(i._sputc)
    _sputc                                   0x08007f97   Thumb Code    10  printfa.o(i._sputc)
    i.color565_to_555                        0x08007fa0   Section        0  mcufriend_kbv.o(i.color565_to_555)
    color565_to_555                          0x08007fa1   Thumb Code    20  mcufriend_kbv.o(i.color565_to_555)
    i.copy                                   0x08007fb4   Section        0  main.o(i.copy)
    i.copyTetrimino                          0x08007fdc   Section        0  tetris.o(i.copyTetrimino)
    i.delay                                  0x08007fee   Section        0  mcufriend_kbv.o(i.delay)
    i.detectBlockCollision                   0x0800800c   Section        0  tetris.o(i.detectBlockCollision)
    i.detectCollision                        0x08008088   Section        0  tetris.o(i.detectCollision)
    i.detectWallCollision                    0x080080a0   Section        0  tetris.o(i.detectWallCollision)
    i.displaceTetrimino                      0x08008110   Section        0  tetris.o(i.displaceTetrimino)
    i.displayField                           0x0800815c   Section        0  tetris.o(i.displayField)
    i.displayNDeletedLines                   0x080081c8   Section        0  tetris.o(i.displayNDeletedLines)
    i.displayPreviewTetrimino                0x080081f8   Section        0  tetris.o(i.displayPreviewTetrimino)
    i.displayScore                           0x08008264   Section        0  tetris.o(i.displayScore)
    i.displayTetrimino                       0x08008294   Section        0  tetris.o(i.displayTetrimino)
    i.eraseLine                              0x08008308   Section        0  tetris.o(i.eraseLine)
    i.erasePreviewTetrimino                  0x08008338   Section        0  tetris.o(i.erasePreviewTetrimino)
    i.eraseTetrimino                         0x08008350   Section        0  tetris.o(i.eraseTetrimino)
    i.fabs                                   0x080083bc   Section        0  fabs.o(i.fabs)
    i.fputc                                  0x080083d4   Section        0  main.o(i.fputc)
    i.init_table                             0x080083ec   Section        0  mcufriend_kbv.o(i.init_table)
    init_table                               0x080083ed   Thumb Code    76  mcufriend_kbv.o(i.init_table)
    i.init_table16                           0x08008438   Section        0  mcufriend_kbv.o(i.init_table16)
    init_table16                             0x08008439   Thumb Code    46  mcufriend_kbv.o(i.init_table16)
    i.initializeField                        0x08008468   Section        0  tetris.o(i.initializeField)
    i.main                                   0x080084ac   Section        0  main.o(i.main)
    i.paste                                  0x0800892c   Section        0  main.o(i.paste)
    i.read16bits                             0x0800894c   Section        0  mcufriend_kbv.o(i.read16bits)
    read16bits                               0x0800894d   Thumb Code   238  mcufriend_kbv.o(i.read16bits)
    i.resetTetrimino                         0x08008a48   Section        0  tetris.o(i.resetTetrimino)
    i.rotateTetrimino                        0x08008a8c   Section        0  tetris.o(i.rotateTetrimino)
    i.sqrt                                   0x08008ac2   Section        0  sqrt.o(i.sqrt)
    i.updateField                            0x08008b30   Section        0  main.o(i.updateField)
    i.writecmddata                           0x08008cf4   Section        0  mcufriend_kbv.o(i.writecmddata)
    writecmddata                             0x08008cf5   Thumb Code   474  mcufriend_kbv.o(i.writecmddata)
    .constdata                               0x08008edc   Section     2345  mcufriend_kbv.o(.constdata)
    NT35310_regValues                        0x08008edc   Data           2  mcufriend_kbv.o(.constdata)
    HX8357C_regValues                        0x08008ede   Data           2  mcufriend_kbv.o(.constdata)
    R61511_regValues                         0x08008ee0   Data           3  mcufriend_kbv.o(.constdata)
    RM68140_regValues_max                    0x08008ee3   Data           3  mcufriend_kbv.o(.constdata)
    ILI9329_regValues                        0x08008ee6   Data           3  mcufriend_kbv.o(.constdata)
    R61520_regValues                         0x08008ee9   Data           6  mcufriend_kbv.o(.constdata)
    wake_on                                  0x08008eef   Data           6  mcufriend_kbv.o(.constdata)
    font                                     0x08008ef5   Data         640  mcufriend_kbv.o(.constdata)
    S6D0154_regValues                        0x08009176   Data         156  mcufriend_kbv.o(.constdata)
    R61526_regValues                         0x08009212   Data          12  mcufriend_kbv.o(.constdata)
    LGDP4535_regValues                       0x0800921e   Data         156  mcufriend_kbv.o(.constdata)
    ST7781_regValues                         0x080092ba   Data         144  mcufriend_kbv.o(.constdata)
    ST7789_regValues                         0x0800934a   Data          65  mcufriend_kbv.o(.constdata)
    FK8031_regValues                         0x0800938b   Data          18  mcufriend_kbv.o(.constdata)
    HX8357_99_regValues                      0x0800939d   Data          29  mcufriend_kbv.o(.constdata)
    ILI9327_regValues                        0x080093ba   Data          30  mcufriend_kbv.o(.constdata)
    ILI9341_regValues_2_4                    0x080093d8   Data         101  mcufriend_kbv.o(.constdata)
    ILI9486_regValues                        0x0800943d   Data          59  mcufriend_kbv.o(.constdata)
    R61505V_regValues                        0x08009478   Data         176  mcufriend_kbv.o(.constdata)
    R61509V_regValues                        0x08009528   Data         192  mcufriend_kbv.o(.constdata)
    ILI9320_regValues                        0x080095e8   Data         216  mcufriend_kbv.o(.constdata)
    ILI9325_regValues                        0x080096c0   Data         204  mcufriend_kbv.o(.constdata)
    ILI9481_regValues                        0x0800978c   Data          69  mcufriend_kbv.o(.constdata)
    ILI9488_regValues_max                    0x080097d1   Data          43  mcufriend_kbv.o(.constdata)
    reset_off                                0x080097fc   Data           9  mcufriend_kbv.o(.constdata)
    .constdata                               0x08009806   Section       14  tetris.o(.constdata)
    .constdata                               0x08009814   Section       16  tetris.o(.constdata)
    .constdata                               0x08009824   Section        8  stm32f4xx_hal_dma.o(.constdata)
    flagBitshiftOffset                       0x08009824   Data           8  stm32f4xx_hal_dma.o(.constdata)
    .constdata                               0x0800982c   Section       16  system_stm32f4xx.o(.constdata)
    .constdata                               0x0800983c   Section        8  system_stm32f4xx.o(.constdata)
    .constdata                               0x08009848   Section      136  pow.o(.constdata)
    bp                                       0x08009848   Data          16  pow.o(.constdata)
    dp_h                                     0x08009858   Data          16  pow.o(.constdata)
    dp_l                                     0x08009868   Data          16  pow.o(.constdata)
    L                                        0x08009878   Data          48  pow.o(.constdata)
    P                                        0x080098a8   Data          40  pow.o(.constdata)
    .constdata                               0x080098d0   Section       48  cos_i.o(.constdata)
    C                                        0x080098d0   Data          48  cos_i.o(.constdata)
    .constdata                               0x08009900   Section        8  qnan.o(.constdata)
    .constdata                               0x08009908   Section      200  rred.o(.constdata)
    pio2s                                    0x08009908   Data          48  rred.o(.constdata)
    twooverpi                                0x08009938   Data         152  rred.o(.constdata)
    .constdata                               0x080099d0   Section       40  sin_i.o(.constdata)
    S                                        0x080099d0   Data          40  sin_i.o(.constdata)
    .conststring                             0x080099f8   Section      243  main.o(.conststring)
    .data                                    0x20000000   Section       48  mcufriend_kbv.o(.data)
    done_reset                               0x20000004   Data           1  mcufriend_kbv.o(.data)
    is8347                                   0x20000005   Data           1  mcufriend_kbv.o(.data)
    is555                                    0x20000006   Data           1  mcufriend_kbv.o(.data)
    .data                                    0x20000030   Section      448  shapes.o(.data)
    .data                                    0x200001f0   Section       20  tetris.o(.data)
    .data                                    0x20000208   Section      144  main.o(.data)
    y                                        0x20000268   Data           4  main.o(.data)
    .data                                    0x20000298   Section       12  stm32f4xx_hal.o(.data)
    .data                                    0x200002a4   Section        4  system_stm32f4xx.o(.data)
    .data                                    0x200002a8   Section        4  rand.o(.data)
    _rand_state                              0x200002a8   Data           4  rand.o(.data)
    .data                                    0x200002ac   Section        4  stdout.o(.data)
    .data                                    0x200002b0   Section        4  errno.o(.data)
    _errno                                   0x200002b0   Data           4  errno.o(.data)
    .bss                                     0x200002b4   Section      256  mcufriend_kbv.o(.bss)
    buf                                      0x200002b4   Data         256  mcufriend_kbv.o(.bss)
    .bss                                     0x200003b4   Section      216  tetris.o(.bss)
    .bss                                     0x2000048c   Section    64058  main.o(.bss)
    .bss                                     0x2000fec8   Section      168  adc.o(.bss)
    .bss                                     0x2000ff70   Section      456  tim.o(.bss)
    .bss                                     0x20010138   Section      232  usart.o(.bss)
    STACK                                    0x20010220   Section     1024  startup_stm32f401xe.o(STACK)

    Global Symbols

    Symbol Name                              Value     Ov Type        Size  Object(Section)

    BuildAttributes$$THM_ISAv4$E$P$D$K$B$S$7EM$VFPi3$EXTD16$VFPS$VFMA$PE$A:L22UL41UL21$X:L11$S22US41US21$IEEE1$IW$USESV6$~STKCKD$USESV7$~SHL$OTIME$ROPI$IEEEX$EBA8$MICROLIB$REQ8$PRES8$EABIv2 0x00000000   Number         0  anon$$obj.o ABSOLUTE
    __ARM_use_no_argv                        0x00000000   Number         0  main.o ABSOLUTE
    _printf_a                                0x00000000   Number         0  stubs.o ABSOLUTE
    _printf_c                                0x00000000   Number         0  stubs.o ABSOLUTE
    _printf_charcount                        0x00000000   Number         0  stubs.o ABSOLUTE
    _printf_d                                0x00000000   Number         0  stubs.o ABSOLUTE
    _printf_e                                0x00000000   Number         0  stubs.o ABSOLUTE
    _printf_f                                0x00000000   Number         0  stubs.o ABSOLUTE
    _printf_flags                            0x00000000   Number         0  stubs.o ABSOLUTE
    _printf_fp_dec                           0x00000000   Number         0  stubs.o ABSOLUTE
    _printf_fp_hex                           0x00000000   Number         0  stubs.o ABSOLUTE
    _printf_g                                0x00000000   Number         0  stubs.o ABSOLUTE
    _printf_i                                0x00000000   Number         0  stubs.o ABSOLUTE
    _printf_int_dec                          0x00000000   Number         0  stubs.o ABSOLUTE
    _printf_l                                0x00000000   Number         0  stubs.o ABSOLUTE
    _printf_lc                               0x00000000   Number         0  stubs.o ABSOLUTE
    _printf_ll                               0x00000000   Number         0  stubs.o ABSOLUTE
    _printf_lld                              0x00000000   Number         0  stubs.o ABSOLUTE
    _printf_lli                              0x00000000   Number         0  stubs.o ABSOLUTE
    _printf_llo                              0x00000000   Number         0  stubs.o ABSOLUTE
    _printf_llu                              0x00000000   Number         0  stubs.o ABSOLUTE
    _printf_llx                              0x00000000   Number         0  stubs.o ABSOLUTE
    _printf_longlong_dec                     0x00000000   Number         0  stubs.o ABSOLUTE
    _printf_longlong_hex                     0x00000000   Number         0  stubs.o ABSOLUTE
    _printf_longlong_oct                     0x00000000   Number         0  stubs.o ABSOLUTE
    _printf_ls                               0x00000000   Number         0  stubs.o ABSOLUTE
    _printf_mbtowc                           0x00000000   Number         0  stubs.o ABSOLUTE
    _printf_n                                0x00000000   Number         0  stubs.o ABSOLUTE
    _printf_o                                0x00000000   Number         0  stubs.o ABSOLUTE
    _printf_p                                0x00000000   Number         0  stubs.o ABSOLUTE
    _printf_percent                          0x00000000   Number         0  stubs.o ABSOLUTE
    _printf_pre_padding                      0x00000000   Number         0  stubs.o ABSOLUTE
    _printf_return_value                     0x00000000   Number         0  stubs.o ABSOLUTE
    _printf_s                                0x00000000   Number         0  stubs.o ABSOLUTE
    _printf_sizespec                         0x00000000   Number         0  stubs.o ABSOLUTE
    _printf_str                              0x00000000   Number         0  stubs.o ABSOLUTE
    _printf_truncate_signed                  0x00000000   Number         0  stubs.o ABSOLUTE
    _printf_truncate_unsigned                0x00000000   Number         0  stubs.o ABSOLUTE
    _printf_u                                0x00000000   Number         0  stubs.o ABSOLUTE
    _printf_wc                               0x00000000   Number         0  stubs.o ABSOLUTE
    _printf_wctomb                           0x00000000   Number         0  stubs.o ABSOLUTE
    _printf_widthprec                        0x00000000   Number         0  stubs.o ABSOLUTE
    _printf_x                                0x00000000   Number         0  stubs.o ABSOLUTE
    __arm_fini_                               - Undefined Weak Reference
    __cpp_initialize__aeabi_                  - Undefined Weak Reference
    __cxa_finalize                            - Undefined Weak Reference
    _clock_init                               - Undefined Weak Reference
    _microlib_exit                            - Undefined Weak Reference
    __Vectors_Size                           0x00000194   Number         0  startup_stm32f401xe.o ABSOLUTE
    __Vectors                                0x08000000   Data           4  startup_stm32f401xe.o(RESET)
    __Vectors_End                            0x08000194   Data           0  startup_stm32f401xe.o(RESET)
    __main                                   0x08000195   Thumb Code     0  entry.o(.ARM.Collect$$$$00000000)
    _main_stk                                0x08000195   Thumb Code     0  entry2.o(.ARM.Collect$$$$00000001)
    _main_scatterload                        0x08000199   Thumb Code     0  entry5.o(.ARM.Collect$$$$00000004)
    __main_after_scatterload                 0x0800019d   Thumb Code     0  entry5.o(.ARM.Collect$$$$00000004)
    _main_clock                              0x0800019d   Thumb Code     0  entry7b.o(.ARM.Collect$$$$00000008)
    _main_cpp_init                           0x0800019d   Thumb Code     0  entry8b.o(.ARM.Collect$$$$0000000A)
    _main_init                               0x0800019d   Thumb Code     0  entry9a.o(.ARM.Collect$$$$0000000B)
    __rt_lib_shutdown_fini                   0x080001a5   Thumb Code     0  entry12b.o(.ARM.Collect$$$$0000000E)
    __rt_final_cpp                           0x080001a9   Thumb Code     0  entry10a.o(.ARM.Collect$$$$0000000F)
    __rt_final_exit                          0x080001a9   Thumb Code     0  entry11a.o(.ARM.Collect$$$$00000011)
    Reset_Handler                            0x080001ad   Thumb Code     8  startup_stm32f401xe.o(.text)
    ADC_IRQHandler                           0x080001c7   Thumb Code     0  startup_stm32f401xe.o(.text)
    DMA1_Stream0_IRQHandler                  0x080001c7   Thumb Code     0  startup_stm32f401xe.o(.text)
    DMA1_Stream1_IRQHandler                  0x080001c7   Thumb Code     0  startup_stm32f401xe.o(.text)
    DMA1_Stream2_IRQHandler                  0x080001c7   Thumb Code     0  startup_stm32f401xe.o(.text)
    DMA1_Stream4_IRQHandler                  0x080001c7   Thumb Code     0  startup_stm32f401xe.o(.text)
    DMA1_Stream5_IRQHandler                  0x080001c7   Thumb Code     0  startup_stm32f401xe.o(.text)
    DMA1_Stream6_IRQHandler                  0x080001c7   Thumb Code     0  startup_stm32f401xe.o(.text)
    DMA1_Stream7_IRQHandler                  0x080001c7   Thumb Code     0  startup_stm32f401xe.o(.text)
    DMA2_Stream1_IRQHandler                  0x080001c7   Thumb Code     0  startup_stm32f401xe.o(.text)
    DMA2_Stream2_IRQHandler                  0x080001c7   Thumb Code     0  startup_stm32f401xe.o(.text)
    DMA2_Stream3_IRQHandler                  0x080001c7   Thumb Code     0  startup_stm32f401xe.o(.text)
    DMA2_Stream4_IRQHandler                  0x080001c7   Thumb Code     0  startup_stm32f401xe.o(.text)
    DMA2_Stream5_IRQHandler                  0x080001c7   Thumb Code     0  startup_stm32f401xe.o(.text)
    DMA2_Stream7_IRQHandler                  0x080001c7   Thumb Code     0  startup_stm32f401xe.o(.text)
    EXTI0_IRQHandler                         0x080001c7   Thumb Code     0  startup_stm32f401xe.o(.text)
    EXTI15_10_IRQHandler                     0x080001c7   Thumb Code     0  startup_stm32f401xe.o(.text)
    EXTI1_IRQHandler                         0x080001c7   Thumb Code     0  startup_stm32f401xe.o(.text)
    EXTI2_IRQHandler                         0x080001c7   Thumb Code     0  startup_stm32f401xe.o(.text)
    EXTI3_IRQHandler                         0x080001c7   Thumb Code     0  startup_stm32f401xe.o(.text)
    EXTI4_IRQHandler                         0x080001c7   Thumb Code     0  startup_stm32f401xe.o(.text)
    EXTI9_5_IRQHandler                       0x080001c7   Thumb Code     0  startup_stm32f401xe.o(.text)
    FLASH_IRQHandler                         0x080001c7   Thumb Code     0  startup_stm32f401xe.o(.text)
    FPU_IRQHandler                           0x080001c7   Thumb Code     0  startup_stm32f401xe.o(.text)
    I2C1_ER_IRQHandler                       0x080001c7   Thumb Code     0  startup_stm32f401xe.o(.text)
    I2C1_EV_IRQHandler                       0x080001c7   Thumb Code     0  startup_stm32f401xe.o(.text)
    I2C2_ER_IRQHandler                       0x080001c7   Thumb Code     0  startup_stm32f401xe.o(.text)
    I2C2_EV_IRQHandler                       0x080001c7   Thumb Code     0  startup_stm32f401xe.o(.text)
    I2C3_ER_IRQHandler                       0x080001c7   Thumb Code     0  startup_stm32f401xe.o(.text)
    I2C3_EV_IRQHandler                       0x080001c7   Thumb Code     0  startup_stm32f401xe.o(.text)
    OTG_FS_IRQHandler                        0x080001c7   Thumb Code     0  startup_stm32f401xe.o(.text)
    OTG_FS_WKUP_IRQHandler                   0x080001c7   Thumb Code     0  startup_stm32f401xe.o(.text)
    PVD_IRQHandler                           0x080001c7   Thumb Code     0  startup_stm32f401xe.o(.text)
    RCC_IRQHandler                           0x080001c7   Thumb Code     0  startup_stm32f401xe.o(.text)
    RTC_Alarm_IRQHandler                     0x080001c7   Thumb Code     0  startup_stm32f401xe.o(.text)
    RTC_WKUP_IRQHandler                      0x080001c7   Thumb Code     0  startup_stm32f401xe.o(.text)
    SDIO_IRQHandler                          0x080001c7   Thumb Code     0  startup_stm32f401xe.o(.text)
    SPI1_IRQHandler                          0x080001c7   Thumb Code     0  startup_stm32f401xe.o(.text)
    SPI2_IRQHandler                          0x080001c7   Thumb Code     0  startup_stm32f401xe.o(.text)
    SPI3_IRQHandler                          0x080001c7   Thumb Code     0  startup_stm32f401xe.o(.text)
    SPI4_IRQHandler                          0x080001c7   Thumb Code     0  startup_stm32f401xe.o(.text)
    TAMP_STAMP_IRQHandler                    0x080001c7   Thumb Code     0  startup_stm32f401xe.o(.text)
    TIM1_BRK_TIM9_IRQHandler                 0x080001c7   Thumb Code     0  startup_stm32f401xe.o(.text)
    TIM1_CC_IRQHandler                       0x080001c7   Thumb Code     0  startup_stm32f401xe.o(.text)
    TIM1_TRG_COM_TIM11_IRQHandler            0x080001c7   Thumb Code     0  startup_stm32f401xe.o(.text)
    TIM2_IRQHandler                          0x080001c7   Thumb Code     0  startup_stm32f401xe.o(.text)
    TIM4_IRQHandler                          0x080001c7   Thumb Code     0  startup_stm32f401xe.o(.text)
    TIM5_IRQHandler                          0x080001c7   Thumb Code     0  startup_stm32f401xe.o(.text)
    USART1_IRQHandler                        0x080001c7   Thumb Code     0  startup_stm32f401xe.o(.text)
    USART2_IRQHandler                        0x080001c7   Thumb Code     0  startup_stm32f401xe.o(.text)
    WWDG_IRQHandler                          0x080001c7   Thumb Code     0  startup_stm32f401xe.o(.text)
    __aeabi_uldivmod                         0x080001d1   Thumb Code    98  uldiv.o(.text)
    rand                                     0x08000235   Thumb Code    20  rand.o(.text)
    srand                                    0x08000249   Thumb Code     6  rand.o(.text)
    __aeabi_memset                           0x08000259   Thumb Code    14  memseta.o(.text)
    __aeabi_memset4                          0x08000259   Thumb Code     0  memseta.o(.text)
    __aeabi_memset8                          0x08000259   Thumb Code     0  memseta.o(.text)
    __aeabi_memclr                           0x08000267   Thumb Code     4  memseta.o(.text)
    __aeabi_memclr4                          0x08000267   Thumb Code     0  memseta.o(.text)
    __aeabi_memclr8                          0x08000267   Thumb Code     0  memseta.o(.text)
    _memset$wrapper                          0x0800026b   Thumb Code    18  memseta.o(.text)
    __aeabi_dadd                             0x0800027d   Thumb Code   322  dadd.o(.text)
    __aeabi_dsub                             0x080003bf   Thumb Code     6  dadd.o(.text)
    __aeabi_drsub                            0x080003c5   Thumb Code     6  dadd.o(.text)
    __aeabi_dmul                             0x080003cb   Thumb Code   228  dmul.o(.text)
    __aeabi_ddiv                             0x080004af   Thumb Code   222  ddiv.o(.text)
    __aeabi_i2d                              0x0800058d   Thumb Code    34  dflti.o(.text)
    __aeabi_d2iz                             0x080005af   Thumb Code    62  dfixi.o(.text)
    __aeabi_f2d                              0x080005ed   Thumb Code    38  f2d.o(.text)
    __aeabi_cdrcmple                         0x08000615   Thumb Code    48  cdrcmple.o(.text)
    __aeabi_d2f                              0x08000645   Thumb Code    56  d2f.o(.text)
    __aeabi_uidiv                            0x0800067d   Thumb Code     0  uidiv.o(.text)
    __aeabi_uidivmod                         0x0800067d   Thumb Code    44  uidiv.o(.text)
    __aeabi_llsl                             0x080006a9   Thumb Code    30  llshl.o(.text)
    _ll_shift_l                              0x080006a9   Thumb Code     0  llshl.o(.text)
    __aeabi_llsr                             0x080006c7   Thumb Code    32  llushr.o(.text)
    _ll_ushift_r                             0x080006c7   Thumb Code     0  llushr.o(.text)
    __aeabi_lasr                             0x080006e7   Thumb Code    36  llsshr.o(.text)
    _ll_sshift_r                             0x080006e7   Thumb Code     0  llsshr.o(.text)
    __I$use$fp                               0x0800070b   Thumb Code     0  iusefp.o(.text)
    _float_round                             0x0800070b   Thumb Code    18  fepilogue.o(.text)
    _float_epilogue                          0x0800071d   Thumb Code    92  fepilogue.o(.text)
    _double_round                            0x08000779   Thumb Code    30  depilogue.o(.text)
    _double_epilogue                         0x08000797   Thumb Code   156  depilogue.o(.text)
    __ARM_scalbn                             0x08000833   Thumb Code    46  dscalb.o(.text)
    scalbn                                   0x08000833   Thumb Code     0  dscalb.o(.text)
    _dsqrt                                   0x08000861   Thumb Code   162  dsqrt.o(.text)
    __aeabi_d2ulz                            0x08000903   Thumb Code    48  dfixul.o(.text)
    __scatterload                            0x08000935   Thumb Code    28  init.o(.text)
    __scatterload_rt2                        0x08000935   Thumb Code     0  init.o(.text)
    __aeabi_ui2d                             0x08000959   Thumb Code    26  dfltui.o(.text)
    __decompress                             0x08000973   Thumb Code     0  __dczerorl2.o(.text)
    __decompress1                            0x08000973   Thumb Code    86  __dczerorl2.o(.text)
    BusFault_Handler                         0x08000af1   Thumb Code     2  stm32f4xx_it.o(i.BusFault_Handler)
    DMA1_Stream3_IRQHandler                  0x08000af5   Thumb Code     6  stm32f4xx_it.o(i.DMA1_Stream3_IRQHandler)
    DMA2_Stream0_IRQHandler                  0x08000b01   Thumb Code     6  stm32f4xx_it.o(i.DMA2_Stream0_IRQHandler)
    DMA2_Stream6_IRQHandler                  0x08000b0d   Thumb Code     6  stm32f4xx_it.o(i.DMA2_Stream6_IRQHandler)
    DMA_sound_Classic                        0x08000bbd   Thumb Code   370  main.o(i.DMA_sound_Classic)
    DMA_sound_Extended                       0x08000d69   Thumb Code   362  main.o(i.DMA_sound_Extended)
    DebugMon_Handler                         0x08000f0d   Thumb Code     2  stm32f4xx_it.o(i.DebugMon_Handler)
    Error_Handler                            0x08000f0f   Thumb Code     4  main.o(i.Error_Handler)
    HAL_ADC_ConfigChannel                    0x08000f15   Thumb Code   316  stm32f4xx_hal_adc.o(i.HAL_ADC_ConfigChannel)
    HAL_ADC_Init                             0x08001061   Thumb Code    84  stm32f4xx_hal_adc.o(i.HAL_ADC_Init)
    HAL_ADC_MspInit                          0x080010b5   Thumb Code   134  adc.o(i.HAL_ADC_MspInit)
    HAL_DMA_Abort                            0x08001151   Thumb Code   146  stm32f4xx_hal_dma.o(i.HAL_DMA_Abort)
    HAL_DMA_Abort_IT                         0x080011e3   Thumb Code    36  stm32f4xx_hal_dma.o(i.HAL_DMA_Abort_IT)
    HAL_DMA_IRQHandler                       0x08001209   Thumb Code   412  stm32f4xx_hal_dma.o(i.HAL_DMA_IRQHandler)
    HAL_DMA_Init                             0x080013a9   Thumb Code   206  stm32f4xx_hal_dma.o(i.HAL_DMA_Init)
    HAL_DMA_Start_IT                         0x0800147d   Thumb Code   110  stm32f4xx_hal_dma.o(i.HAL_DMA_Start_IT)
    HAL_Delay                                0x080014ed   Thumb Code    32  stm32f4xx_hal.o(i.HAL_Delay)
    HAL_GPIO_Init                            0x08001511   Thumb Code   388  stm32f4xx_hal_gpio.o(i.HAL_GPIO_Init)
    HAL_GPIO_WritePin                        0x080016b5   Thumb Code    10  stm32f4xx_hal_gpio.o(i.HAL_GPIO_WritePin)
    HAL_GetTick                              0x080016c1   Thumb Code     6  stm32f4xx_hal.o(i.HAL_GetTick)
    HAL_IncTick                              0x080016cd   Thumb Code    12  stm32f4xx_hal.o(i.HAL_IncTick)
    HAL_Init                                 0x080016dd   Thumb Code    48  stm32f4xx_hal.o(i.HAL_Init)
    HAL_InitTick                             0x08001711   Thumb Code    54  stm32f4xx_hal.o(i.HAL_InitTick)
    HAL_MspInit                              0x08001751   Thumb Code    48  stm32f4xx_hal_msp.o(i.HAL_MspInit)
    HAL_NVIC_EnableIRQ                       0x08001785   Thumb Code    26  stm32f4xx_hal_cortex.o(i.HAL_NVIC_EnableIRQ)
    HAL_NVIC_SetPriority                     0x080017a1   Thumb Code    60  stm32f4xx_hal_cortex.o(i.HAL_NVIC_SetPriority)
    HAL_NVIC_SetPriorityGrouping             0x080017e1   Thumb Code    26  stm32f4xx_hal_cortex.o(i.HAL_NVIC_SetPriorityGrouping)
    HAL_RCC_ClockConfig                      0x08001805   Thumb Code   288  stm32f4xx_hal_rcc.o(i.HAL_RCC_ClockConfig)
    HAL_RCC_GetPCLK1Freq                     0x08001939   Thumb Code    20  stm32f4xx_hal_rcc.o(i.HAL_RCC_GetPCLK1Freq)
    HAL_RCC_GetPCLK2Freq                     0x08001959   Thumb Code    20  stm32f4xx_hal_rcc.o(i.HAL_RCC_GetPCLK2Freq)
    HAL_RCC_GetSysClockFreq                  0x08001979   Thumb Code    88  stm32f4xx_hal_rcc.o(i.HAL_RCC_GetSysClockFreq)
    HAL_RCC_OscConfig                        0x080019d9   Thumb Code   836  stm32f4xx_hal_rcc.o(i.HAL_RCC_OscConfig)
    HAL_SYSTICK_Callback                     0x08001d31   Thumb Code    54  main.o(i.HAL_SYSTICK_Callback)
    HAL_SYSTICK_Config                       0x08001d6d   Thumb Code    40  stm32f4xx_hal_cortex.o(i.HAL_SYSTICK_Config)
    HAL_SYSTICK_IRQHandler                   0x08001d95   Thumb Code     8  stm32f4xx_hal_cortex.o(i.HAL_SYSTICK_IRQHandler)
    HAL_TIMEx_BreakCallback                  0x08001d9d   Thumb Code     2  stm32f4xx_hal_tim_ex.o(i.HAL_TIMEx_BreakCallback)
    HAL_TIMEx_CommutCallback                 0x08001d9f   Thumb Code     2  stm32f4xx_hal_tim_ex.o(i.HAL_TIMEx_CommutCallback)
    HAL_TIMEx_ConfigBreakDeadTime            0x08001da1   Thumb Code    84  stm32f4xx_hal_tim_ex.o(i.HAL_TIMEx_ConfigBreakDeadTime)
    HAL_TIMEx_MasterConfigSynchronization    0x08001df5   Thumb Code   104  stm32f4xx_hal_tim_ex.o(i.HAL_TIMEx_MasterConfigSynchronization)
    HAL_TIMEx_PWMN_Start                     0x08001e71   Thumb Code   156  stm32f4xx_hal_tim_ex.o(i.HAL_TIMEx_PWMN_Start)
    HAL_TIMEx_PWMN_Stop                      0x08001f21   Thumb Code   104  stm32f4xx_hal_tim_ex.o(i.HAL_TIMEx_PWMN_Stop)
    HAL_TIM_Base_Init                        0x08001f89   Thumb Code    90  stm32f4xx_hal_tim.o(i.HAL_TIM_Base_Init)
    HAL_TIM_Base_MspInit                     0x08001fe5   Thumb Code   286  tim.o(i.HAL_TIM_Base_MspInit)
    HAL_TIM_ConfigClockSource                0x08002125   Thumb Code   220  stm32f4xx_hal_tim.o(i.HAL_TIM_ConfigClockSource)
    HAL_TIM_ErrorCallback                    0x08002201   Thumb Code     2  stm32f4xx_hal_tim.o(i.HAL_TIM_ErrorCallback)
    HAL_TIM_IC_CaptureCallback               0x08002205   Thumb Code   928  main.o(i.HAL_TIM_IC_CaptureCallback)
    HAL_TIM_IC_ConfigChannel                 0x080025d9   Thumb Code   288  stm32f4xx_hal_tim.o(i.HAL_TIM_IC_ConfigChannel)
    HAL_TIM_IC_Init                          0x080026f9   Thumb Code    90  stm32f4xx_hal_tim.o(i.HAL_TIM_IC_Init)
    HAL_TIM_IC_MspInit                       0x08002753   Thumb Code     2  stm32f4xx_hal_tim.o(i.HAL_TIM_IC_MspInit)
    HAL_TIM_IC_Start_IT                      0x08002755   Thumb Code   260  stm32f4xx_hal_tim.o(i.HAL_TIM_IC_Start_IT)
    HAL_TIM_IRQHandler                       0x0800286d   Thumb Code   358  stm32f4xx_hal_tim.o(i.HAL_TIM_IRQHandler)
    HAL_TIM_MspPostInit                      0x080029d5   Thumb Code   146  tim.o(i.HAL_TIM_MspPostInit)
    HAL_TIM_OC_DelayElapsedCallback          0x08002a7d   Thumb Code     2  stm32f4xx_hal_tim.o(i.HAL_TIM_OC_DelayElapsedCallback)
    HAL_TIM_PWM_ConfigChannel                0x08002a7f   Thumb Code   204  stm32f4xx_hal_tim.o(i.HAL_TIM_PWM_ConfigChannel)
    HAL_TIM_PWM_Init                         0x08002b4b   Thumb Code    90  stm32f4xx_hal_tim.o(i.HAL_TIM_PWM_Init)
    HAL_TIM_PWM_MspInit                      0x08002ba5   Thumb Code    50  tim.o(i.HAL_TIM_PWM_MspInit)
    HAL_TIM_PWM_PulseFinishedCallback        0x08002be1   Thumb Code    38  main.o(i.HAL_TIM_PWM_PulseFinishedCallback)
    HAL_TIM_PWM_PulseFinishedHalfCpltCallback 0x08002c15   Thumb Code     2  stm32f4xx_hal_tim.o(i.HAL_TIM_PWM_PulseFinishedHalfCpltCallback)
    HAL_TIM_PWM_Start                        0x08002c19   Thumb Code   162  stm32f4xx_hal_tim.o(i.HAL_TIM_PWM_Start)
    HAL_TIM_PWM_Start_DMA                    0x08002cd1   Thumb Code   410  stm32f4xx_hal_tim.o(i.HAL_TIM_PWM_Start_DMA)
    HAL_TIM_PWM_Stop_DMA                     0x08002e8d   Thumb Code   190  stm32f4xx_hal_tim.o(i.HAL_TIM_PWM_Stop_DMA)
    HAL_TIM_PeriodElapsedCallback            0x08002f51   Thumb Code     2  stm32f4xx_hal_tim.o(i.HAL_TIM_PeriodElapsedCallback)
    HAL_TIM_TriggerCallback                  0x08002f53   Thumb Code     2  stm32f4xx_hal_tim.o(i.HAL_TIM_TriggerCallback)
    HAL_UARTEx_RxEventCallback               0x08002f55   Thumb Code     2  stm32f4xx_hal_uart.o(i.HAL_UARTEx_RxEventCallback)
    HAL_UART_ErrorCallback                   0x08002f57   Thumb Code     2  stm32f4xx_hal_uart.o(i.HAL_UART_ErrorCallback)
    HAL_UART_IRQHandler                      0x08002f59   Thumb Code   610  stm32f4xx_hal_uart.o(i.HAL_UART_IRQHandler)
    HAL_UART_Init                            0x080031c1   Thumb Code    98  stm32f4xx_hal_uart.o(i.HAL_UART_Init)
    HAL_UART_MspInit                         0x08003225   Thumb Code   226  usart.o(i.HAL_UART_MspInit)
    HAL_UART_Receive_IT                      0x08003321   Thumb Code    42  stm32f4xx_hal_uart.o(i.HAL_UART_Receive_IT)
    HAL_UART_RxCpltCallback                  0x0800334d   Thumb Code    84  main.o(i.HAL_UART_RxCpltCallback)
    HAL_UART_Transmit                        0x080033ad   Thumb Code   176  stm32f4xx_hal_uart.o(i.HAL_UART_Transmit)
    HAL_UART_Transmit_DMA                    0x0800345d   Thumb Code   128  stm32f4xx_hal_uart.o(i.HAL_UART_Transmit_DMA)
    HAL_UART_TxCpltCallback                  0x080034e9   Thumb Code     2  stm32f4xx_hal_uart.o(i.HAL_UART_TxCpltCallback)
    HAL_UART_TxHalfCpltCallback              0x080034eb   Thumb Code     2  stm32f4xx_hal_uart.o(i.HAL_UART_TxHalfCpltCallback)
    HardFault_Handler                        0x080034ed   Thumb Code     2  stm32f4xx_it.o(i.HardFault_Handler)
    LCD_Begin                                0x080034f1   Thumb Code   878  mcufriend_kbv.o(i.LCD_Begin)
    LCD_Color565                             0x0800387d   Thumb Code    20  mcufriend_kbv.o(i.LCD_Color565)
    LCD_DrawChar                             0x08003891   Thumb Code   174  mcufriend_kbv.o(i.LCD_DrawChar)
    LCD_DrawFastHLine                        0x08003945   Thumb Code    12  mcufriend_kbv.o(i.LCD_DrawFastHLine)
    LCD_DrawFastVLine                        0x08003951   Thumb Code    14  mcufriend_kbv.o(i.LCD_DrawFastVLine)
    LCD_DrawPixel                            0x08003961   Thumb Code    74  mcufriend_kbv.o(i.LCD_DrawPixel)
    LCD_DrawRect                             0x080039b1   Thumb Code    70  mcufriend_kbv.o(i.LCD_DrawRect)
    LCD_FillRect                             0x080039f9   Thumb Code   754  mcufriend_kbv.o(i.LCD_FillRect)
    LCD_FillScreen                           0x08003cfd   Thumb Code    24  mcufriend_kbv.o(i.LCD_FillScreen)
    LCD_InvertDisplay                        0x08003d19   Thumb Code   180  mcufriend_kbv.o(i.LCD_InvertDisplay)
    LCD_Printf                               0x08003dd1   Thumb Code   112  mcufriend_kbv.o(i.LCD_Printf)
    LCD_PushCommand                          0x08003e49   Thumb Code    10  mcufriend_kbv.o(i.LCD_PushCommand)
    LCD_ReadGRAM                             0x08003e55   Thumb Code  1802  mcufriend_kbv.o(i.LCD_ReadGRAM)
    LCD_ReadID                               0x08004579   Thumb Code   374  mcufriend_kbv.o(i.LCD_ReadID)
    LCD_ReadPixel                            0x080046f5   Thumb Code    20  mcufriend_kbv.o(i.LCD_ReadPixel)
    LCD_ReadReg                              0x08004709   Thumb Code   394  mcufriend_kbv.o(i.LCD_ReadReg)
    LCD_ReadReg32                            0x080048ad   Thumb Code    26  mcufriend_kbv.o(i.LCD_ReadReg32)
    LCD_ReadReg40                            0x080048c7   Thumb Code    42  mcufriend_kbv.o(i.LCD_ReadReg40)
    LCD_Reset                                0x080048f1   Thumb Code   170  mcufriend_kbv.o(i.LCD_Reset)
    LCD_SetAddrWindow                        0x080049b5   Thumb Code   320  mcufriend_kbv.o(i.LCD_SetAddrWindow)
    LCD_SetCursor                            0x08004af9   Thumb Code     8  mcufriend_kbv.o(i.LCD_SetCursor)
    LCD_SetRotation                          0x08004b05   Thumb Code   798  mcufriend_kbv.o(i.LCD_SetRotation)
    LCD_SetTextColor                         0x08004e29   Thumb Code     8  mcufriend_kbv.o(i.LCD_SetTextColor)
    LCD_VertScroll                           0x08004e35   Thumb Code   374  mcufriend_kbv.o(i.LCD_VertScroll)
    LCD_WriteCmdData                         0x08004fb1   Thumb Code     4  mcufriend_kbv.o(i.LCD_WriteCmdData)
    MX_ADC1_Init                             0x08004fb5   Thumb Code    92  adc.o(i.MX_ADC1_Init)
    MX_DMA_Init                              0x08005019   Thumb Code    88  dma.o(i.MX_DMA_Init)
    MX_GPIO_Init                             0x08005075   Thumb Code   206  gpio.o(i.MX_GPIO_Init)
    MX_TIM10_Init                            0x08005151   Thumb Code    88  tim.o(i.MX_TIM10_Init)
    MX_TIM1_Init                             0x080051b1   Thumb Code   150  tim.o(i.MX_TIM1_Init)
    MX_TIM2_Init                             0x08005251   Thumb Code   146  tim.o(i.MX_TIM2_Init)
    MX_TIM3_Init                             0x080052ed   Thumb Code   158  tim.o(i.MX_TIM3_Init)
    MX_TIM4_Init                             0x08005395   Thumb Code   144  tim.o(i.MX_TIM4_Init)
    MX_USART2_UART_Init                      0x0800542d   Thumb Code    48  usart.o(i.MX_USART2_UART_Init)
    MX_USART6_UART_Init                      0x08005465   Thumb Code    48  usart.o(i.MX_USART6_UART_Init)
    MemManage_Handler                        0x0800549d   Thumb Code     2  stm32f4xx_it.o(i.MemManage_Handler)
    NMI_Handler                              0x0800549f   Thumb Code     2  stm32f4xx_it.o(i.NMI_Handler)
    PendSV_Handler                           0x080054a1   Thumb Code     2  stm32f4xx_it.o(i.PendSV_Handler)
    SVC_Handler                              0x080054a3   Thumb Code     2  stm32f4xx_it.o(i.SVC_Handler)
    SysTick_Handler                          0x080054a5   Thumb Code    14  stm32f4xx_it.o(i.SysTick_Handler)
    SystemClock_Config                       0x080054b5   Thumb Code   142  main.o(i.SystemClock_Config)
    SystemInit                               0x0800554d   Thumb Code    12  system_stm32f4xx.o(i.SystemInit)
    TIM1_UP_TIM10_IRQHandler                 0x0800555d   Thumb Code    18  stm32f4xx_it.o(i.TIM1_UP_TIM10_IRQHandler)
    TIM3_IRQHandler                          0x08005579   Thumb Code     6  stm32f4xx_it.o(i.TIM3_IRQHandler)
    TIM_Base_SetConfig                       0x08005585   Thumb Code   122  stm32f4xx_hal_tim.o(i.TIM_Base_SetConfig)
    TIM_CCxChannelCmd                        0x0800561d   Thumb Code    26  stm32f4xx_hal_tim.o(i.TIM_CCxChannelCmd)
    TIM_DMADelayPulseHalfCplt                0x080056af   Thumb Code    56  stm32f4xx_hal_tim.o(i.TIM_DMADelayPulseHalfCplt)
    TIM_DMAError                             0x080056e7   Thumb Code    84  stm32f4xx_hal_tim.o(i.TIM_DMAError)
    TIM_ETR_SetConfig                        0x0800573b   Thumb Code    20  stm32f4xx_hal_tim.o(i.TIM_ETR_SetConfig)
    TIM_OC2_SetConfig                        0x080057b9   Thumb Code    86  stm32f4xx_hal_tim.o(i.TIM_OC2_SetConfig)
    TIM_TI1_SetConfig                        0x080058d5   Thumb Code    88  stm32f4xx_hal_tim.o(i.TIM_TI1_SetConfig)
    UART_Start_Receive_IT                    0x08005c79   Thumb Code    54  stm32f4xx_hal_uart.o(i.UART_Start_Receive_IT)
    USART6_IRQHandler                        0x08005d25   Thumb Code     6  stm32f4xx_it.o(i.USART6_IRQHandler)
    UsageFault_Handler                       0x08005d31   Thumb Code     2  stm32f4xx_it.o(i.UsageFault_Handler)
    __0printf                                0x08006081   Thumb Code    22  printfa.o(i.__0printf)
    __1printf                                0x08006081   Thumb Code     0  printfa.o(i.__0printf)
    __2printf                                0x08006081   Thumb Code     0  printfa.o(i.__0printf)
    __c89printf                              0x08006081   Thumb Code     0  printfa.o(i.__0printf)
    printf                                   0x08006081   Thumb Code     0  printfa.o(i.__0printf)
    __0sprintf                               0x080060a1   Thumb Code    34  printfa.o(i.__0sprintf)
    __1sprintf                               0x080060a1   Thumb Code     0  printfa.o(i.__0sprintf)
    __2sprintf                               0x080060a1   Thumb Code     0  printfa.o(i.__0sprintf)
    __c89sprintf                             0x080060a1   Thumb Code     0  printfa.o(i.__0sprintf)
    sprintf                                  0x080060a1   Thumb Code     0  printfa.o(i.__0sprintf)
    __0vsprintf                              0x080060c9   Thumb Code    30  printfa.o(i.__0vsprintf)
    __1vsprintf                              0x080060c9   Thumb Code     0  printfa.o(i.__0vsprintf)
    __2vsprintf                              0x080060c9   Thumb Code     0  printfa.o(i.__0vsprintf)
    __c89vsprintf                            0x080060c9   Thumb Code     0  printfa.o(i.__0vsprintf)
    vsprintf                                 0x080060c9   Thumb Code     0  printfa.o(i.__0vsprintf)
    __ARM_fpclassify                         0x080060ed   Thumb Code    48  fpclassify.o(i.__ARM_fpclassify)
    __hardfp_pow                             0x08006141   Thumb Code  3072  pow.o(i.__hardfp_pow)
    __hardfp_sin                             0x08006d91   Thumb Code   180  sin.o(i.__hardfp_sin)
    __ieee754_rem_pio2                       0x08006e59   Thumb Code   938  rred.o(i.__ieee754_rem_pio2)
    __kernel_cos                             0x08007291   Thumb Code   322  cos_i.o(i.__kernel_cos)
    __kernel_poly                            0x08007401   Thumb Code   248  poly.o(i.__kernel_poly)
    __kernel_sin                             0x080074f9   Thumb Code   280  sin_i.o(i.__kernel_sin)
    __mathlib_dbl_divzero                    0x08007629   Thumb Code    28  dunder.o(i.__mathlib_dbl_divzero)
    __mathlib_dbl_infnan                     0x08007659   Thumb Code    20  dunder.o(i.__mathlib_dbl_infnan)
    __mathlib_dbl_infnan2                    0x0800766d   Thumb Code    20  dunder.o(i.__mathlib_dbl_infnan2)
    __mathlib_dbl_invalid                    0x08007681   Thumb Code    24  dunder.o(i.__mathlib_dbl_invalid)
    __mathlib_dbl_overflow                   0x080076a1   Thumb Code    24  dunder.o(i.__mathlib_dbl_overflow)
    __mathlib_dbl_underflow                  0x080076c1   Thumb Code    24  dunder.o(i.__mathlib_dbl_underflow)
    __scatterload_copy                       0x080076e1   Thumb Code    14  handlers.o(i.__scatterload_copy)
    __scatterload_null                       0x080076ef   Thumb Code     2  handlers.o(i.__scatterload_null)
    __scatterload_zeroinit                   0x080076f1   Thumb Code    14  handlers.o(i.__scatterload_zeroinit)
    __set_errno                              0x08007701   Thumb Code     6  errno.o(i.__set_errno)
    copy                                     0x08007fb5   Thumb Code    36  main.o(i.copy)
    copyTetrimino                            0x08007fdd   Thumb Code    18  tetris.o(i.copyTetrimino)
    delay                                    0x08007fef   Thumb Code    30  mcufriend_kbv.o(i.delay)
    detectBlockCollision                     0x0800800d   Thumb Code   110  tetris.o(i.detectBlockCollision)
    detectCollision                          0x08008089   Thumb Code    24  tetris.o(i.detectCollision)
    detectWallCollision                      0x080080a1   Thumb Code   106  tetris.o(i.detectWallCollision)
    displaceTetrimino                        0x08008111   Thumb Code    76  tetris.o(i.displaceTetrimino)
    displayField                             0x0800815d   Thumb Code   100  tetris.o(i.displayField)
    displayNDeletedLines                     0x080081c9   Thumb Code    40  tetris.o(i.displayNDeletedLines)
    displayPreviewTetrimino                  0x080081f9   Thumb Code    94  tetris.o(i.displayPreviewTetrimino)
    displayScore                             0x08008265   Thumb Code    40  tetris.o(i.displayScore)
    displayTetrimino                         0x08008295   Thumb Code   106  tetris.o(i.displayTetrimino)
    eraseLine                                0x08008309   Thumb Code    44  tetris.o(i.eraseLine)
    erasePreviewTetrimino                    0x08008339   Thumb Code    22  tetris.o(i.erasePreviewTetrimino)
    eraseTetrimino                           0x08008351   Thumb Code   102  tetris.o(i.eraseTetrimino)
    fabs                                     0x080083bd   Thumb Code    24  fabs.o(i.fabs)
    fputc                                    0x080083d5   Thumb Code    20  main.o(i.fputc)
    initializeField                          0x08008469   Thumb Code    60  tetris.o(i.initializeField)
    main                                     0x080084ad   Thumb Code   994  main.o(i.main)
    paste                                    0x0800892d   Thumb Code    26  main.o(i.paste)
    resetTetrimino                           0x08008a49   Thumb Code    64  tetris.o(i.resetTetrimino)
    rotateTetrimino                          0x08008a8d   Thumb Code    54  tetris.o(i.rotateTetrimino)
    sqrt                                     0x08008ac3   Thumb Code   110  sqrt.o(i.sqrt)
    updateField                              0x08008b31   Thumb Code   414  main.o(i.updateField)
    TETRIMINO_COLORS                         0x08009806   Data          14  tetris.o(.constdata)
    linePoints                               0x08009814   Data          16  tetris.o(.constdata)
    AHBPrescTable                            0x0800982c   Data          16  system_stm32f4xx.o(.constdata)
    APBPrescTable                            0x0800983c   Data           8  system_stm32f4xx.o(.constdata)
    __mathlib_zero                           0x08009900   Data           8  qnan.o(.constdata)
    Region$$Table$$Base                      0x08009aec   Number         0  anon$$obj.o(Region$$Table)
    Region$$Table$$Limit                     0x08009b0c   Number         0  anon$$obj.o(Region$$Table)
    textsize_x                               0x20000000   Data           1  mcufriend_kbv.o(.data)
    textsize_y                               0x20000001   Data           1  mcufriend_kbv.o(.data)
    rotation                                 0x20000002   Data           1  mcufriend_kbv.o(.data)
    wrap                                     0x20000003   Data           1  mcufriend_kbv.o(.data)
    WIDTH                                    0x20000008   Data           2  mcufriend_kbv.o(.data)
    HEIGHT                                   0x2000000a   Data           2  mcufriend_kbv.o(.data)
    _width                                   0x2000000c   Data           2  mcufriend_kbv.o(.data)
    _height                                  0x2000000e   Data           2  mcufriend_kbv.o(.data)
    cursor_x                                 0x20000010   Data           2  mcufriend_kbv.o(.data)
    cursor_y                                 0x20000012   Data           2  mcufriend_kbv.o(.data)
    textcolor                                0x20000014   Data           2  mcufriend_kbv.o(.data)
    textbgcolor                              0x20000016   Data           2  mcufriend_kbv.o(.data)
    _lcd_xor                                 0x20000018   Data           2  mcufriend_kbv.o(.data)
    _lcd_capable                             0x2000001a   Data           2  mcufriend_kbv.o(.data)
    _lcd_ID                                  0x2000001c   Data           2  mcufriend_kbv.o(.data)
    _lcd_rev                                 0x2000001e   Data           2  mcufriend_kbv.o(.data)
    _lcd_madctl                              0x20000020   Data           2  mcufriend_kbv.o(.data)
    _MC                                      0x20000022   Data           2  mcufriend_kbv.o(.data)
    _MP                                      0x20000024   Data           2  mcufriend_kbv.o(.data)
    _MW                                      0x20000026   Data           2  mcufriend_kbv.o(.data)
    _SC                                      0x20000028   Data           2  mcufriend_kbv.o(.data)
    _EC                                      0x2000002a   Data           2  mcufriend_kbv.o(.data)
    _SP                                      0x2000002c   Data           2  mcufriend_kbv.o(.data)
    _EP                                      0x2000002e   Data           2  mcufriend_kbv.o(.data)
    TETRIMINOS                               0x20000030   Data         448  shapes.o(.data)
    score                                    0x200001f0   Data           4  tetris.o(.data)
    nDeletedLines                            0x200001f4   Data           4  tetris.o(.data)
    tetrimino                                0x200001f8   Data           6  tetris.o(.data)
    previewTetrimino                         0x200001fe   Data           6  tetris.o(.data)
    FromGaucheToDroite                       0x20000208   Data           1  main.o(.data)
    FromGaucheToDroiteFast                   0x20000209   Data           1  main.o(.data)
    FromDroiteToGauche                       0x2000020a   Data           1  main.o(.data)
    FromDroiteToGaucheFast                   0x2000020b   Data           1  main.o(.data)
    versLeBas                                0x2000020c   Data           1  main.o(.data)
    isRotating                               0x2000020d   Data           1  main.o(.data)
    Rx_data                                  0x2000020e   Data           1  main.o(.data)
    tab                                      0x20000210   Data           4  main.o(.data)
    flag_done_DMA                            0x20000214   Data           4  main.o(.data)
    A                                        0x20000218   Data           4  main.o(.data)
    k                                        0x2000021c   Data           4  main.o(.data)
    a_DMA                                    0x20000220   Data           4  main.o(.data)
    zz                                       0x20000224   Data           4  main.o(.data)
    token25                                  0x20000228   Data           4  main.o(.data)
    local_time                               0x2000022c   Data           4  main.o(.data)
    DifferenceX                              0x20000230   Data           4  main.o(.data)
    IC_Val1                                  0x20000234   Data           4  main.o(.data)
    IC_Val2                                  0x20000238   Data           4  main.o(.data)
    Is_First_CapturedX                       0x2000023c   Data           4  main.o(.data)
    DistanceX                                0x20000240   Data           4  main.o(.data)
    DifferenceY                              0x20000244   Data           4  main.o(.data)
    IC_Val3                                  0x20000248   Data           4  main.o(.data)
    IC_Val4                                  0x2000024c   Data           4  main.o(.data)
    Is_First_CapturedY                       0x20000250   Data           4  main.o(.data)
    DistanceY                                0x20000254   Data           4  main.o(.data)
    compteur                                 0x20000258   Data           4  main.o(.data)
    compteur_end                             0x2000025c   Data           4  main.o(.data)
    flag_send                                0x20000260   Data           4  main.o(.data)
    flag_done                                0x20000264   Data           4  main.o(.data)
    current_state                            0x2000026c   Data           4  main.o(.data)
    changement                               0x20000270   Data           4  main.o(.data)
    indexLine                                0x20000274   Data           4  main.o(.data)
    indexEmpty                               0x20000278   Data           4  main.o(.data)
    level                                    0x2000027c   Data           4  main.o(.data)
    i_DMA                                    0x20000280   Data           4  main.o(.data)
    periode                                  0x20000288   Data           8  main.o(.data)
    constante                                0x20000290   Data           8  main.o(.data)
    uwTickFreq                               0x20000298   Data           1  stm32f4xx_hal.o(.data)
    uwTickPrio                               0x2000029c   Data           4  stm32f4xx_hal.o(.data)
    uwTick                                   0x200002a0   Data           4  stm32f4xx_hal.o(.data)
    SystemCoreClock                          0x200002a4   Data           4  system_stm32f4xx.o(.data)
    __stdout                                 0x200002ac   Data           4  stdout.o(.data)
    Field                                    0x200003b4   Data         216  tetris.o(.bss)
    tab_value1                               0x2000048c   Data       32000  main.o(.bss)
    tab_value2                               0x2000818c   Data       32000  main.o(.bss)
    tab_valueX                               0x2000fe8c   Data          16  main.o(.bss)
    tab_valueY                               0x2000fe9c   Data          16  main.o(.bss)
    data                                     0x2000feac   Data          14  main.o(.bss)
    Rx_buffer                                0x2000feba   Data          12  main.o(.bss)
    hadc1                                    0x2000fec8   Data          72  adc.o(.bss)
    hdma_adc1                                0x2000ff10   Data          96  adc.o(.bss)
    htim1                                    0x2000ff70   Data          72  tim.o(.bss)
    htim2                                    0x2000ffb8   Data          72  tim.o(.bss)
    htim3                                    0x20010000   Data          72  tim.o(.bss)
    htim4                                    0x20010048   Data          72  tim.o(.bss)
    htim10                                   0x20010090   Data          72  tim.o(.bss)
    hdma_tim4_ch2                            0x200100d8   Data          96  tim.o(.bss)
    huart2                                   0x20010138   Data          68  usart.o(.bss)
    huart6                                   0x2001017c   Data          68  usart.o(.bss)
    hdma_usart6_tx                           0x200101c0   Data          96  usart.o(.bss)
    __initial_sp                             0x20010620   Data           0  startup_stm32f401xe.o(STACK)



==============================================================================

Memory Map of the image

  Image Entry point : 0x08000195

  Load Region LR_IROM1 (Base: 0x08000000, Size: 0x00009dc0, Max: 0x00080000, ABSOLUTE, COMPRESSED[0x00009b48])

    Execution Region ER_IROM1 (Exec base: 0x08000000, Load base: 0x08000000, Size: 0x00009b0c, Max: 0x00080000, ABSOLUTE)

    Exec Addr    Load Addr    Size         Type   Attr      Idx    E Section Name        Object

    0x08000000   0x08000000   0x00000194   Data   RO            3    RESET               startup_stm32f401xe.o
    0x08000194   0x08000194   0x00000000   Code   RO         3976  * .ARM.Collect$$$$00000000  mc_w.l(entry.o)
    0x08000194   0x08000194   0x00000004   Code   RO         4302    .ARM.Collect$$$$00000001  mc_w.l(entry2.o)
    0x08000198   0x08000198   0x00000004   Code   RO         4305    .ARM.Collect$$$$00000004  mc_w.l(entry5.o)
    0x0800019c   0x0800019c   0x00000000   Code   RO         4307    .ARM.Collect$$$$00000008  mc_w.l(entry7b.o)
    0x0800019c   0x0800019c   0x00000000   Code   RO         4309    .ARM.Collect$$$$0000000A  mc_w.l(entry8b.o)
    0x0800019c   0x0800019c   0x00000008   Code   RO         4310    .ARM.Collect$$$$0000000B  mc_w.l(entry9a.o)
    0x080001a4   0x080001a4   0x00000004   Code   RO         4317    .ARM.Collect$$$$0000000E  mc_w.l(entry12b.o)
    0x080001a8   0x080001a8   0x00000000   Code   RO         4312    .ARM.Collect$$$$0000000F  mc_w.l(entry10a.o)
    0x080001a8   0x080001a8   0x00000000   Code   RO         4314    .ARM.Collect$$$$00000011  mc_w.l(entry11a.o)
    0x080001a8   0x080001a8   0x00000004   Code   RO         4303    .ARM.Collect$$$$00002712  mc_w.l(entry2.o)
    0x080001ac   0x080001ac   0x00000024   Code   RO            4    .text               startup_stm32f401xe.o
    0x080001d0   0x080001d0   0x00000062   Code   RO         3979    .text               mc_w.l(uldiv.o)
    0x08000232   0x08000232   0x00000002   PAD
    0x08000234   0x08000234   0x00000024   Code   RO         3981    .text               mc_w.l(rand.o)
    0x08000258   0x08000258   0x00000024   Code   RO         3984    .text               mc_w.l(memseta.o)
    0x0800027c   0x0800027c   0x0000014e   Code   RO         4247    .text               mf_w.l(dadd.o)
    0x080003ca   0x080003ca   0x000000e4   Code   RO         4249    .text               mf_w.l(dmul.o)
    0x080004ae   0x080004ae   0x000000de   Code   RO         4251    .text               mf_w.l(ddiv.o)
    0x0800058c   0x0800058c   0x00000022   Code   RO         4253    .text               mf_w.l(dflti.o)
    0x080005ae   0x080005ae   0x0000003e   Code   RO         4255    .text               mf_w.l(dfixi.o)
    0x080005ec   0x080005ec   0x00000026   Code   RO         4257    .text               mf_w.l(f2d.o)
    0x08000612   0x08000612   0x00000002   PAD
    0x08000614   0x08000614   0x00000030   Code   RO         4259    .text               mf_w.l(cdrcmple.o)
    0x08000644   0x08000644   0x00000038   Code   RO         4261    .text               mf_w.l(d2f.o)
    0x0800067c   0x0800067c   0x0000002c   Code   RO         4319    .text               mc_w.l(uidiv.o)
    0x080006a8   0x080006a8   0x0000001e   Code   RO         4321    .text               mc_w.l(llshl.o)
    0x080006c6   0x080006c6   0x00000020   Code   RO         4323    .text               mc_w.l(llushr.o)
    0x080006e6   0x080006e6   0x00000024   Code   RO         4325    .text               mc_w.l(llsshr.o)
    0x0800070a   0x0800070a   0x00000000   Code   RO         4334    .text               mc_w.l(iusefp.o)
    0x0800070a   0x0800070a   0x0000006e   Code   RO         4335    .text               mf_w.l(fepilogue.o)
    0x08000778   0x08000778   0x000000ba   Code   RO         4337    .text               mf_w.l(depilogue.o)
    0x08000832   0x08000832   0x0000002e   Code   RO         4341    .text               mf_w.l(dscalb.o)
    0x08000860   0x08000860   0x000000a2   Code   RO         4343    .text               mf_w.l(dsqrt.o)
    0x08000902   0x08000902   0x00000030   Code   RO         4345    .text               mf_w.l(dfixul.o)
    0x08000932   0x08000932   0x00000002   PAD
    0x08000934   0x08000934   0x00000024   Code   RO         4349    .text               mc_w.l(init.o)
    0x08000958   0x08000958   0x0000001a   Code   RO         4351    .text               mf_w.l(dfltui.o)
    0x08000972   0x08000972   0x00000056   Code   RO         4361    .text               mc_w.l(__dczerorl2.o)
    0x080009c8   0x080009c8   0x00000128   Code   RO         1118    i.ADC_Init          stm32f4xx_hal_adc.o
    0x08000af0   0x08000af0   0x00000002   Code   RO          979    i.BusFault_Handler  stm32f4xx_it.o
    0x08000af2   0x08000af2   0x00000002   PAD
    0x08000af4   0x08000af4   0x0000000c   Code   RO          980    i.DMA1_Stream3_IRQHandler  stm32f4xx_it.o
    0x08000b00   0x08000b00   0x0000000c   Code   RO          981    i.DMA2_Stream0_IRQHandler  stm32f4xx_it.o
    0x08000b0c   0x08000b0c   0x0000000c   Code   RO          982    i.DMA2_Stream6_IRQHandler  stm32f4xx_it.o
    0x08000b18   0x08000b18   0x00000028   Code   RO         1876    i.DMA_CalcBaseAndBitshift  stm32f4xx_hal_dma.o
    0x08000b40   0x08000b40   0x00000054   Code   RO         1877    i.DMA_CheckFifoParam  stm32f4xx_hal_dma.o
    0x08000b94   0x08000b94   0x00000028   Code   RO         1878    i.DMA_SetConfig     stm32f4xx_hal_dma.o
    0x08000bbc   0x08000bbc   0x000001ac   Code   RO          585    i.DMA_sound_Classic  main.o
    0x08000d68   0x08000d68   0x000001a4   Code   RO          586    i.DMA_sound_Extended  main.o
    0x08000f0c   0x08000f0c   0x00000002   Code   RO          983    i.DebugMon_Handler  stm32f4xx_it.o
    0x08000f0e   0x08000f0e   0x00000004   Code   RO          587    i.Error_Handler     main.o
    0x08000f12   0x08000f12   0x00000002   PAD
    0x08000f14   0x08000f14   0x0000014c   Code   RO         1120    i.HAL_ADC_ConfigChannel  stm32f4xx_hal_adc.o
    0x08001060   0x08001060   0x00000054   Code   RO         1129    i.HAL_ADC_Init      stm32f4xx_hal_adc.o
    0x080010b4   0x080010b4   0x0000009c   Code   RO          782    i.HAL_ADC_MspInit   adc.o
    0x08001150   0x08001150   0x00000092   Code   RO         1879    i.HAL_DMA_Abort     stm32f4xx_hal_dma.o
    0x080011e2   0x080011e2   0x00000024   Code   RO         1880    i.HAL_DMA_Abort_IT  stm32f4xx_hal_dma.o
    0x08001206   0x08001206   0x00000002   PAD
    0x08001208   0x08001208   0x000001a0   Code   RO         1884    i.HAL_DMA_IRQHandler  stm32f4xx_hal_dma.o
    0x080013a8   0x080013a8   0x000000d4   Code   RO         1885    i.HAL_DMA_Init      stm32f4xx_hal_dma.o
    0x0800147c   0x0800147c   0x0000006e   Code   RO         1889    i.HAL_DMA_Start_IT  stm32f4xx_hal_dma.o
    0x080014ea   0x080014ea   0x00000002   PAD
    0x080014ec   0x080014ec   0x00000024   Code   RO         2322    i.HAL_Delay         stm32f4xx_hal.o
    0x08001510   0x08001510   0x000001a4   Code   RO         1772    i.HAL_GPIO_Init     stm32f4xx_hal_gpio.o
    0x080016b4   0x080016b4   0x0000000a   Code   RO         1776    i.HAL_GPIO_WritePin  stm32f4xx_hal_gpio.o
    0x080016be   0x080016be   0x00000002   PAD
    0x080016c0   0x080016c0   0x0000000c   Code   RO         2328    i.HAL_GetTick       stm32f4xx_hal.o
    0x080016cc   0x080016cc   0x00000010   Code   RO         2334    i.HAL_IncTick       stm32f4xx_hal.o
    0x080016dc   0x080016dc   0x00000034   Code   RO         2335    i.HAL_Init          stm32f4xx_hal.o
    0x08001710   0x08001710   0x00000040   Code   RO         2336    i.HAL_InitTick      stm32f4xx_hal.o
    0x08001750   0x08001750   0x00000034   Code   RO         1091    i.HAL_MspInit       stm32f4xx_hal_msp.o
    0x08001784   0x08001784   0x0000001a   Code   RO         2185    i.HAL_NVIC_EnableIRQ  stm32f4xx_hal_cortex.o
    0x0800179e   0x0800179e   0x00000002   PAD
    0x080017a0   0x080017a0   0x00000040   Code   RO         2191    i.HAL_NVIC_SetPriority  stm32f4xx_hal_cortex.o
    0x080017e0   0x080017e0   0x00000024   Code   RO         2192    i.HAL_NVIC_SetPriorityGrouping  stm32f4xx_hal_cortex.o
    0x08001804   0x08001804   0x00000134   Code   RO         1394    i.HAL_RCC_ClockConfig  stm32f4xx_hal_rcc.o
    0x08001938   0x08001938   0x00000020   Code   RO         1401    i.HAL_RCC_GetPCLK1Freq  stm32f4xx_hal_rcc.o
    0x08001958   0x08001958   0x00000020   Code   RO         1402    i.HAL_RCC_GetPCLK2Freq  stm32f4xx_hal_rcc.o
    0x08001978   0x08001978   0x00000060   Code   RO         1403    i.HAL_RCC_GetSysClockFreq  stm32f4xx_hal_rcc.o
    0x080019d8   0x080019d8   0x00000358   Code   RO         1406    i.HAL_RCC_OscConfig  stm32f4xx_hal_rcc.o
    0x08001d30   0x08001d30   0x0000003c   Code   RO          588    i.HAL_SYSTICK_Callback  main.o
    0x08001d6c   0x08001d6c   0x00000028   Code   RO         2196    i.HAL_SYSTICK_Config  stm32f4xx_hal_cortex.o
    0x08001d94   0x08001d94   0x00000008   Code   RO         2197    i.HAL_SYSTICK_IRQHandler  stm32f4xx_hal_cortex.o
    0x08001d9c   0x08001d9c   0x00000002   Code   RO         3279    i.HAL_TIMEx_BreakCallback  stm32f4xx_hal_tim_ex.o
    0x08001d9e   0x08001d9e   0x00000002   Code   RO         3280    i.HAL_TIMEx_CommutCallback  stm32f4xx_hal_tim_ex.o
    0x08001da0   0x08001da0   0x00000054   Code   RO         3282    i.HAL_TIMEx_ConfigBreakDeadTime  stm32f4xx_hal_tim_ex.o
    0x08001df4   0x08001df4   0x0000007c   Code   RO         3298    i.HAL_TIMEx_MasterConfigSynchronization  stm32f4xx_hal_tim_ex.o
    0x08001e70   0x08001e70   0x000000b0   Code   RO         3309    i.HAL_TIMEx_PWMN_Start  stm32f4xx_hal_tim_ex.o
    0x08001f20   0x08001f20   0x00000068   Code   RO         3312    i.HAL_TIMEx_PWMN_Stop  stm32f4xx_hal_tim_ex.o
    0x08001f88   0x08001f88   0x0000005a   Code   RO         2575    i.HAL_TIM_Base_Init  stm32f4xx_hal_tim.o
    0x08001fe2   0x08001fe2   0x00000002   PAD
    0x08001fe4   0x08001fe4   0x00000140   Code   RO          848    i.HAL_TIM_Base_MspInit  tim.o
    0x08002124   0x08002124   0x000000dc   Code   RO         2584    i.HAL_TIM_ConfigClockSource  stm32f4xx_hal_tim.o
    0x08002200   0x08002200   0x00000002   Code   RO         2605    i.HAL_TIM_ErrorCallback  stm32f4xx_hal_tim.o
    0x08002202   0x08002202   0x00000002   PAD
    0x08002204   0x08002204   0x000003d4   Code   RO          589    i.HAL_TIM_IC_CaptureCallback  main.o
    0x080025d8   0x080025d8   0x00000120   Code   RO         2611    i.HAL_TIM_IC_ConfigChannel  stm32f4xx_hal_tim.o
    0x080026f8   0x080026f8   0x0000005a   Code   RO         2614    i.HAL_TIM_IC_Init   stm32f4xx_hal_tim.o
    0x08002752   0x08002752   0x00000002   Code   RO         2616    i.HAL_TIM_IC_MspInit  stm32f4xx_hal_tim.o
    0x08002754   0x08002754   0x00000118   Code   RO         2619    i.HAL_TIM_IC_Start_IT  stm32f4xx_hal_tim.o
    0x0800286c   0x0800286c   0x00000166   Code   RO         2623    i.HAL_TIM_IRQHandler  stm32f4xx_hal_tim.o
    0x080029d2   0x080029d2   0x00000002   PAD
    0x080029d4   0x080029d4   0x000000a8   Code   RO          849    i.HAL_TIM_MspPostInit  tim.o
    0x08002a7c   0x08002a7c   0x00000002   Code   RO         2626    i.HAL_TIM_OC_DelayElapsedCallback  stm32f4xx_hal_tim.o
    0x08002a7e   0x08002a7e   0x000000cc   Code   RO         2647    i.HAL_TIM_PWM_ConfigChannel  stm32f4xx_hal_tim.o
    0x08002b4a   0x08002b4a   0x0000005a   Code   RO         2650    i.HAL_TIM_PWM_Init  stm32f4xx_hal_tim.o
    0x08002ba4   0x08002ba4   0x0000003c   Code   RO          851    i.HAL_TIM_PWM_MspInit  tim.o
    0x08002be0   0x08002be0   0x00000034   Code   RO          590    i.HAL_TIM_PWM_PulseFinishedCallback  main.o
    0x08002c14   0x08002c14   0x00000002   Code   RO         2654    i.HAL_TIM_PWM_PulseFinishedHalfCpltCallback  stm32f4xx_hal_tim.o
    0x08002c16   0x08002c16   0x00000002   PAD
    0x08002c18   0x08002c18   0x000000b8   Code   RO         2655    i.HAL_TIM_PWM_Start  stm32f4xx_hal_tim.o
    0x08002cd0   0x08002cd0   0x000001bc   Code   RO         2656    i.HAL_TIM_PWM_Start_DMA  stm32f4xx_hal_tim.o
    0x08002e8c   0x08002e8c   0x000000c4   Code   RO         2659    i.HAL_TIM_PWM_Stop_DMA  stm32f4xx_hal_tim.o
    0x08002f50   0x08002f50   0x00000002   Code   RO         2661    i.HAL_TIM_PeriodElapsedCallback  stm32f4xx_hal_tim.o
    0x08002f52   0x08002f52   0x00000002   Code   RO         2666    i.HAL_TIM_TriggerCallback  stm32f4xx_hal_tim.o
    0x08002f54   0x08002f54   0x00000002   Code   RO         3557    i.HAL_UARTEx_RxEventCallback  stm32f4xx_hal_uart.o
    0x08002f56   0x08002f56   0x00000002   Code   RO         3571    i.HAL_UART_ErrorCallback  stm32f4xx_hal_uart.o
    0x08002f58   0x08002f58   0x00000268   Code   RO         3574    i.HAL_UART_IRQHandler  stm32f4xx_hal_uart.o
    0x080031c0   0x080031c0   0x00000062   Code   RO         3575    i.HAL_UART_Init     stm32f4xx_hal_uart.o
    0x08003222   0x08003222   0x00000002   PAD
    0x08003224   0x08003224   0x000000fc   Code   RO          932    i.HAL_UART_MspInit  usart.o
    0x08003320   0x08003320   0x0000002a   Code   RO         3580    i.HAL_UART_Receive_IT  stm32f4xx_hal_uart.o
    0x0800334a   0x0800334a   0x00000002   PAD
    0x0800334c   0x0800334c   0x00000060   Code   RO          591    i.HAL_UART_RxCpltCallback  main.o
    0x080033ac   0x080033ac   0x000000b0   Code   RO         3583    i.HAL_UART_Transmit  stm32f4xx_hal_uart.o
    0x0800345c   0x0800345c   0x0000008c   Code   RO         3584    i.HAL_UART_Transmit_DMA  stm32f4xx_hal_uart.o
    0x080034e8   0x080034e8   0x00000002   Code   RO         3586    i.HAL_UART_TxCpltCallback  stm32f4xx_hal_uart.o
    0x080034ea   0x080034ea   0x00000002   Code   RO         3587    i.HAL_UART_TxHalfCpltCallback  stm32f4xx_hal_uart.o
    0x080034ec   0x080034ec   0x00000002   Code   RO          984    i.HardFault_Handler  stm32f4xx_it.o
    0x080034ee   0x080034ee   0x00000002   PAD
    0x080034f0   0x080034f0   0x0000038c   Code   RO           13    i.LCD_Begin         mcufriend_kbv.o
    0x0800387c   0x0800387c   0x00000014   Code   RO           14    i.LCD_Color565      mcufriend_kbv.o
    0x08003890   0x08003890   0x000000b4   Code   RO           15    i.LCD_DrawChar      mcufriend_kbv.o
    0x08003944   0x08003944   0x0000000c   Code   RO           18    i.LCD_DrawFastHLine  mcufriend_kbv.o
    0x08003950   0x08003950   0x0000000e   Code   RO           19    i.LCD_DrawFastVLine  mcufriend_kbv.o
    0x0800395e   0x0800395e   0x00000002   PAD
    0x08003960   0x08003960   0x00000050   Code   RO           21    i.LCD_DrawPixel     mcufriend_kbv.o
    0x080039b0   0x080039b0   0x00000046   Code   RO           22    i.LCD_DrawRect      mcufriend_kbv.o
    0x080039f6   0x080039f6   0x00000002   PAD
    0x080039f8   0x080039f8   0x00000304   Code   RO           25    i.LCD_FillRect      mcufriend_kbv.o
    0x08003cfc   0x08003cfc   0x0000001c   Code   RO           26    i.LCD_FillScreen    mcufriend_kbv.o
    0x08003d18   0x08003d18   0x000000b8   Code   RO           27    i.LCD_InvertDisplay  mcufriend_kbv.o
    0x08003dd0   0x08003dd0   0x00000078   Code   RO           28    i.LCD_Printf        mcufriend_kbv.o
    0x08003e48   0x08003e48   0x0000000a   Code   RO           32    i.LCD_PushCommand   mcufriend_kbv.o
    0x08003e52   0x08003e52   0x00000002   PAD
    0x08003e54   0x08003e54   0x00000724   Code   RO           33    i.LCD_ReadGRAM      mcufriend_kbv.o
    0x08004578   0x08004578   0x0000017c   Code   RO           34    i.LCD_ReadID        mcufriend_kbv.o
    0x080046f4   0x080046f4   0x00000014   Code   RO           35    i.LCD_ReadPixel     mcufriend_kbv.o
    0x08004708   0x08004708   0x000001a4   Code   RO           36    i.LCD_ReadReg       mcufriend_kbv.o
    0x080048ac   0x080048ac   0x0000001a   Code   RO           37    i.LCD_ReadReg32     mcufriend_kbv.o
    0x080048c6   0x080048c6   0x0000002a   Code   RO           38    i.LCD_ReadReg40     mcufriend_kbv.o
    0x080048f0   0x080048f0   0x000000c4   Code   RO           39    i.LCD_Reset         mcufriend_kbv.o
    0x080049b4   0x080049b4   0x00000144   Code   RO           40    i.LCD_SetAddrWindow  mcufriend_kbv.o
    0x08004af8   0x08004af8   0x0000000c   Code   RO           41    i.LCD_SetCursor     mcufriend_kbv.o
    0x08004b04   0x08004b04   0x00000324   Code   RO           42    i.LCD_SetRotation   mcufriend_kbv.o
    0x08004e28   0x08004e28   0x0000000c   Code   RO           43    i.LCD_SetTextColor  mcufriend_kbv.o
    0x08004e34   0x08004e34   0x0000017c   Code   RO           45    i.LCD_VertScroll    mcufriend_kbv.o
    0x08004fb0   0x08004fb0   0x00000004   Code   RO           46    i.LCD_WriteCmdData  mcufriend_kbv.o
    0x08004fb4   0x08004fb4   0x00000064   Code   RO          783    i.MX_ADC1_Init      adc.o
    0x08005018   0x08005018   0x0000005c   Code   RO          823    i.MX_DMA_Init       dma.o
    0x08005074   0x08005074   0x000000dc   Code   RO          757    i.MX_GPIO_Init      gpio.o
    0x08005150   0x08005150   0x00000060   Code   RO          852    i.MX_TIM10_Init     tim.o
    0x080051b0   0x080051b0   0x000000a0   Code   RO          853    i.MX_TIM1_Init      tim.o
    0x08005250   0x08005250   0x0000009c   Code   RO          854    i.MX_TIM2_Init      tim.o
    0x080052ec   0x080052ec   0x000000a8   Code   RO          855    i.MX_TIM3_Init      tim.o
    0x08005394   0x08005394   0x00000098   Code   RO          856    i.MX_TIM4_Init      tim.o
    0x0800542c   0x0800542c   0x00000038   Code   RO          933    i.MX_USART2_UART_Init  usart.o
    0x08005464   0x08005464   0x00000038   Code   RO          934    i.MX_USART6_UART_Init  usart.o
    0x0800549c   0x0800549c   0x00000002   Code   RO          985    i.MemManage_Handler  stm32f4xx_it.o
    0x0800549e   0x0800549e   0x00000002   Code   RO          986    i.NMI_Handler       stm32f4xx_it.o
    0x080054a0   0x080054a0   0x00000002   Code   RO          987    i.PendSV_Handler    stm32f4xx_it.o
    0x080054a2   0x080054a2   0x00000002   Code   RO          988    i.SVC_Handler       stm32f4xx_it.o
    0x080054a4   0x080054a4   0x0000000e   Code   RO          989    i.SysTick_Handler   stm32f4xx_it.o
    0x080054b2   0x080054b2   0x00000002   PAD
    0x080054b4   0x080054b4   0x00000098   Code   RO          592    i.SystemClock_Config  main.o
    0x0800554c   0x0800554c   0x00000010   Code   RO         3904    i.SystemInit        system_stm32f4xx.o
    0x0800555c   0x0800555c   0x0000001c   Code   RO          990    i.TIM1_UP_TIM10_IRQHandler  stm32f4xx_it.o
    0x08005578   0x08005578   0x0000000c   Code   RO          991    i.TIM3_IRQHandler   stm32f4xx_it.o
    0x08005584   0x08005584   0x00000098   Code   RO         2668    i.TIM_Base_SetConfig  stm32f4xx_hal_tim.o
    0x0800561c   0x0800561c   0x0000001a   Code   RO         2669    i.TIM_CCxChannelCmd  stm32f4xx_hal_tim.o
    0x08005636   0x08005636   0x0000001a   Code   RO         3318    i.TIM_CCxNChannelCmd  stm32f4xx_hal_tim_ex.o
    0x08005650   0x08005650   0x0000005e   Code   RO         2672    i.TIM_DMADelayPulseCplt  stm32f4xx_hal_tim.o
    0x080056ae   0x080056ae   0x00000038   Code   RO         2673    i.TIM_DMADelayPulseHalfCplt  stm32f4xx_hal_tim.o
    0x080056e6   0x080056e6   0x00000054   Code   RO         2674    i.TIM_DMAError      stm32f4xx_hal_tim.o
    0x0800573a   0x0800573a   0x00000014   Code   RO         2679    i.TIM_ETR_SetConfig  stm32f4xx_hal_tim.o
    0x0800574e   0x0800574e   0x00000010   Code   RO         2680    i.TIM_ITRx_SetConfig  stm32f4xx_hal_tim.o
    0x0800575e   0x0800575e   0x00000002   PAD
    0x08005760   0x08005760   0x00000058   Code   RO         2681    i.TIM_OC1_SetConfig  stm32f4xx_hal_tim.o
    0x080057b8   0x080057b8   0x0000005c   Code   RO         2682    i.TIM_OC2_SetConfig  stm32f4xx_hal_tim.o
    0x08005814   0x08005814   0x00000058   Code   RO         2683    i.TIM_OC3_SetConfig  stm32f4xx_hal_tim.o
    0x0800586c   0x0800586c   0x00000044   Code   RO         2684    i.TIM_OC4_SetConfig  stm32f4xx_hal_tim.o
    0x080058b0   0x080058b0   0x00000022   Code   RO         2686    i.TIM_TI1_ConfigInputStage  stm32f4xx_hal_tim.o
    0x080058d2   0x080058d2   0x00000002   PAD
    0x080058d4   0x080058d4   0x0000006c   Code   RO         2687    i.TIM_TI1_SetConfig  stm32f4xx_hal_tim.o
    0x08005940   0x08005940   0x00000024   Code   RO         2688    i.TIM_TI2_ConfigInputStage  stm32f4xx_hal_tim.o
    0x08005964   0x08005964   0x00000036   Code   RO         2689    i.TIM_TI2_SetConfig  stm32f4xx_hal_tim.o
    0x0800599a   0x0800599a   0x00000010   Code   RO         3588    i.UART_DMAAbortOnError  stm32f4xx_hal_uart.o
    0x080059aa   0x080059aa   0x0000004a   Code   RO         3589    i.UART_DMAError     stm32f4xx_hal_uart.o
    0x080059f4   0x080059f4   0x00000042   Code   RO         3594    i.UART_DMATransmitCplt  stm32f4xx_hal_uart.o
    0x08005a36   0x08005a36   0x0000000a   Code   RO         3596    i.UART_DMATxHalfCplt  stm32f4xx_hal_uart.o
    0x08005a40   0x08005a40   0x0000004e   Code   RO         3598    i.UART_EndRxTransfer  stm32f4xx_hal_uart.o
    0x08005a8e   0x08005a8e   0x0000001c   Code   RO         3599    i.UART_EndTxTransfer  stm32f4xx_hal_uart.o
    0x08005aaa   0x08005aaa   0x000000c0   Code   RO         3600    i.UART_Receive_IT   stm32f4xx_hal_uart.o
    0x08005b6a   0x08005b6a   0x00000002   PAD
    0x08005b6c   0x08005b6c   0x0000010c   Code   RO         3601    i.UART_SetConfig    stm32f4xx_hal_uart.o
    0x08005c78   0x08005c78   0x00000036   Code   RO         3603    i.UART_Start_Receive_IT  stm32f4xx_hal_uart.o
    0x08005cae   0x08005cae   0x00000076   Code   RO         3604    i.UART_WaitOnFlagUntilTimeout  stm32f4xx_hal_uart.o
    0x08005d24   0x08005d24   0x0000000c   Code   RO          992    i.USART6_IRQHandler  stm32f4xx_it.o
    0x08005d30   0x08005d30   0x00000002   Code   RO          993    i.UsageFault_Handler  stm32f4xx_it.o
    0x08005d32   0x08005d32   0x0000001e   Code   RO           47    i.WriteCmdParam4    mcufriend_kbv.o
    0x08005d50   0x08005d50   0x00000330   Code   RO           48    i.WriteCmdParamN    mcufriend_kbv.o
    0x08006080   0x08006080   0x00000020   Code   RO         4219    i.__0printf         mc_w.l(printfa.o)
    0x080060a0   0x080060a0   0x00000028   Code   RO         4221    i.__0sprintf        mc_w.l(printfa.o)
    0x080060c8   0x080060c8   0x00000024   Code   RO         4225    i.__0vsprintf       mc_w.l(printfa.o)
    0x080060ec   0x080060ec   0x00000030   Code   RO         4286    i.__ARM_fpclassify  m_wm.l(fpclassify.o)
    0x0800611c   0x0800611c   0x00000020   Code   RO         2198    i.__NVIC_SetPriority  stm32f4xx_hal_cortex.o
    0x0800613c   0x0800613c   0x00000004   PAD
    0x08006140   0x08006140   0x00000c50   Code   RO         3938    i.__hardfp_pow      m_wm.l(pow.o)
    0x08006d90   0x08006d90   0x000000c8   Code   RO         3952    i.__hardfp_sin      m_wm.l(sin.o)
    0x08006e58   0x08006e58   0x00000438   Code   RO         4291    i.__ieee754_rem_pio2  m_wm.l(rred.o)
    0x08007290   0x08007290   0x00000170   Code   RO         4263    i.__kernel_cos      m_wm.l(cos_i.o)
    0x08007400   0x08007400   0x000000f8   Code   RO         4288    i.__kernel_poly     m_wm.l(poly.o)
    0x080074f8   0x080074f8   0x00000130   Code   RO         4296    i.__kernel_sin      m_wm.l(sin_i.o)
    0x08007628   0x08007628   0x00000030   Code   RO         4266    i.__mathlib_dbl_divzero  m_wm.l(dunder.o)
    0x08007658   0x08007658   0x00000014   Code   RO         4267    i.__mathlib_dbl_infnan  m_wm.l(dunder.o)
    0x0800766c   0x0800766c   0x00000014   Code   RO         4268    i.__mathlib_dbl_infnan2  m_wm.l(dunder.o)
    0x08007680   0x08007680   0x00000020   Code   RO         4269    i.__mathlib_dbl_invalid  m_wm.l(dunder.o)
    0x080076a0   0x080076a0   0x00000020   Code   RO         4270    i.__mathlib_dbl_overflow  m_wm.l(dunder.o)
    0x080076c0   0x080076c0   0x00000020   Code   RO         4272    i.__mathlib_dbl_underflow  m_wm.l(dunder.o)
    0x080076e0   0x080076e0   0x0000000e   Code   RO         4355    i.__scatterload_copy  mc_w.l(handlers.o)
    0x080076ee   0x080076ee   0x00000002   Code   RO         4356    i.__scatterload_null  mc_w.l(handlers.o)
    0x080076f0   0x080076f0   0x0000000e   Code   RO         4357    i.__scatterload_zeroinit  mc_w.l(handlers.o)
    0x080076fe   0x080076fe   0x00000002   PAD
    0x08007700   0x08007700   0x0000000c   Code   RO         4329    i.__set_errno       mc_w.l(errno.o)
    0x0800770c   0x0800770c   0x00000184   Code   RO         4226    i._fp_digits        mc_w.l(printfa.o)
    0x08007890   0x08007890   0x000006b4   Code   RO         4227    i._printf_core      mc_w.l(printfa.o)
    0x08007f44   0x08007f44   0x00000024   Code   RO         4228    i._printf_post_padding  mc_w.l(printfa.o)
    0x08007f68   0x08007f68   0x0000002e   Code   RO         4229    i._printf_pre_padding  mc_w.l(printfa.o)
    0x08007f96   0x08007f96   0x0000000a   Code   RO         4231    i._sputc            mc_w.l(printfa.o)
    0x08007fa0   0x08007fa0   0x00000014   Code   RO           49    i.color565_to_555   mcufriend_kbv.o
    0x08007fb4   0x08007fb4   0x00000028   Code   RO          593    i.copy              main.o
    0x08007fdc   0x08007fdc   0x00000012   Code   RO          450    i.copyTetrimino     tetris.o
    0x08007fee   0x08007fee   0x0000001e   Code   RO           50    i.delay             mcufriend_kbv.o
    0x0800800c   0x0800800c   0x0000007c   Code   RO          451    i.detectBlockCollision  tetris.o
    0x08008088   0x08008088   0x00000018   Code   RO          452    i.detectCollision   tetris.o
    0x080080a0   0x080080a0   0x00000070   Code   RO          453    i.detectWallCollision  tetris.o
    0x08008110   0x08008110   0x0000004c   Code   RO          454    i.displaceTetrimino  tetris.o
    0x0800815c   0x0800815c   0x0000006c   Code   RO          455    i.displayField      tetris.o
    0x080081c8   0x080081c8   0x00000030   Code   RO          456    i.displayNDeletedLines  tetris.o
    0x080081f8   0x080081f8   0x0000006c   Code   RO          457    i.displayPreviewTetrimino  tetris.o
    0x08008264   0x08008264   0x00000030   Code   RO          458    i.displayScore      tetris.o
    0x08008294   0x08008294   0x00000074   Code   RO          459    i.displayTetrimino  tetris.o
    0x08008308   0x08008308   0x00000030   Code   RO          460    i.eraseLine         tetris.o
    0x08008338   0x08008338   0x00000016   Code   RO          461    i.erasePreviewTetrimino  tetris.o
    0x0800834e   0x0800834e   0x00000002   PAD
    0x08008350   0x08008350   0x0000006c   Code   RO          462    i.eraseTetrimino    tetris.o
    0x080083bc   0x080083bc   0x00000018   Code   RO         4282    i.fabs              m_wm.l(fabs.o)
    0x080083d4   0x080083d4   0x00000018   Code   RO          594    i.fputc             main.o
    0x080083ec   0x080083ec   0x0000004c   Code   RO           51    i.init_table        mcufriend_kbv.o
    0x08008438   0x08008438   0x0000002e   Code   RO           52    i.init_table16      mcufriend_kbv.o
    0x08008466   0x08008466   0x00000002   PAD
    0x08008468   0x08008468   0x00000044   Code   RO          463    i.initializeField   tetris.o
    0x080084ac   0x080084ac   0x00000480   Code   RO          596    i.main              main.o
    0x0800892c   0x0800892c   0x00000020   Code   RO          597    i.paste             main.o
    0x0800894c   0x0800894c   0x000000fc   Code   RO           54    i.read16bits        mcufriend_kbv.o
    0x08008a48   0x08008a48   0x00000044   Code   RO          465    i.resetTetrimino    tetris.o
    0x08008a8c   0x08008a8c   0x00000036   Code   RO          466    i.rotateTetrimino   tetris.o
    0x08008ac2   0x08008ac2   0x0000006e   Code   RO         3966    i.sqrt              m_wm.l(sqrt.o)
    0x08008b30   0x08008b30   0x000001c4   Code   RO          601    i.updateField       main.o
    0x08008cf4   0x08008cf4   0x000001e8   Code   RO           55    i.writecmddata      mcufriend_kbv.o
    0x08008edc   0x08008edc   0x00000929   Data   RO           57    .constdata          mcufriend_kbv.o
    0x08009805   0x08009805   0x00000001   PAD
    0x08009806   0x08009806   0x0000000e   Data   RO          468    .constdata          tetris.o
    0x08009814   0x08009814   0x00000010   Data   RO          472    .constdata          tetris.o
    0x08009824   0x08009824   0x00000008   Data   RO         1891    .constdata          stm32f4xx_hal_dma.o
    0x0800982c   0x0800982c   0x00000010   Data   RO         3905    .constdata          system_stm32f4xx.o
    0x0800983c   0x0800983c   0x00000008   Data   RO         3906    .constdata          system_stm32f4xx.o
    0x08009844   0x08009844   0x00000004   PAD
    0x08009848   0x08009848   0x00000088   Data   RO         3941    .constdata          m_wm.l(pow.o)
    0x080098d0   0x080098d0   0x00000030   Data   RO         4264    .constdata          m_wm.l(cos_i.o)
    0x08009900   0x08009900   0x00000008   Data   RO         4290    .constdata          m_wm.l(qnan.o)
    0x08009908   0x08009908   0x000000c8   Data   RO         4293    .constdata          m_wm.l(rred.o)
    0x080099d0   0x080099d0   0x00000028   Data   RO         4297    .constdata          m_wm.l(sin_i.o)
    0x080099f8   0x080099f8   0x000000f3   Data   RO          604    .conststring        main.o
    0x08009aeb   0x08009aeb   0x00000001   PAD
    0x08009aec   0x08009aec   0x00000020   Data   RO         4353    Region$$Table       anon$$obj.o


    Execution Region RW_IRAM1 (Exec base: 0x20000000, Load base: 0x08009b0c, Size: 0x00010620, Max: 0x00018000, ABSOLUTE, COMPRESSED[0x0000003c])

    Exec Addr    Load Addr    Size         Type   Attr      Idx    E Section Name        Object

    0x20000000   COMPRESSED   0x00000030   Data   RW           58    .data               mcufriend_kbv.o
    0x20000030   COMPRESSED   0x000001c0   Data   RW          437    .data               shapes.o
    0x200001f0   COMPRESSED   0x00000014   Data   RW          473    .data               tetris.o
    0x20000204   COMPRESSED   0x00000004   PAD
    0x20000208   COMPRESSED   0x00000090   Data   RW          605    .data               main.o
    0x20000298   COMPRESSED   0x0000000c   Data   RW         2342    .data               stm32f4xx_hal.o
    0x200002a4   COMPRESSED   0x00000004   Data   RW         3907    .data               system_stm32f4xx.o
    0x200002a8   COMPRESSED   0x00000004   Data   RW         3982    .data               mc_w.l(rand.o)
    0x200002ac   COMPRESSED   0x00000004   Data   RW         4318    .data               mc_w.l(stdout.o)
    0x200002b0   COMPRESSED   0x00000004   Data   RW         4330    .data               mc_w.l(errno.o)
    0x200002b4        -       0x00000100   Zero   RW           56    .bss                mcufriend_kbv.o
    0x200003b4        -       0x000000d8   Zero   RW          467    .bss                tetris.o
    0x2000048c        -       0x0000fa3a   Zero   RW          602    .bss                main.o
    0x2000fec6   COMPRESSED   0x00000002   PAD
    0x2000fec8        -       0x000000a8   Zero   RW          784    .bss                adc.o
    0x2000ff70        -       0x000001c8   Zero   RW          857    .bss                tim.o
    0x20010138        -       0x000000e8   Zero   RW          935    .bss                usart.o
    0x20010220        -       0x00000400   Zero   RW            1    STACK               startup_stm32f401xe.o


==============================================================================

Image component sizes


      Code (inc. data)   RO Data    RW Data    ZI Data      Debug   Object Name

       256         30          0          0        168       1987   adc.o
        92          4          0          0          0        926   dma.o
       220         14          0          0          0       1103   gpio.o
      3892        420        243        144      64058      32059   main.o
      8604        248       2345         48        256     448084   mcufriend_kbv.o
         0          0          0        448          0        613   shapes.o
        36          8        404          0       1024        884   startup_stm32f401xe.o
       180         28          0         12          0       9665   stm32f4xx_hal.o
       712         28          0          0          0       3075   stm32f4xx_hal_adc.o
       206         14          0          0          0      34832   stm32f4xx_hal_cortex.o
      1084         16          8          0          0       7822   stm32f4xx_hal_dma.o
       430         32          0          0          0       2420   stm32f4xx_hal_gpio.o
        52          4          0          0          0        966   stm32f4xx_hal_msp.o
      1324         72          0          0          0       5680   stm32f4xx_hal_rcc.o
      3472        152          0          0          0      27889   stm32f4xx_hal_tim.o
       518         40          0          0          0       5990   stm32f4xx_hal_tim_ex.o
      1984         28          0          0          0      16374   stm32f4xx_hal_uart.o
       118         40          0          0          0       7865   stm32f4xx_it.o
        16          4         24          4          0       1279   system_stm32f4xx.o
      1150         90         30         20        216      13143   tetris.o
      1280        112          0          0        456       6834   tim.o
       364         42          0          0        232       2766   usart.o

    ----------------------------------------------------------------------
     26038       1426       3092        680      66412     632256   Object Totals
         0          0         32          0          0          0   (incl. Generated)
        48          0          6          4          2          0   (incl. Padding)

    ----------------------------------------------------------------------

      Code (inc. data)   RO Data    RW Data    ZI Data      Debug   Library Member Name

       368         46         48          0          0        200   cos_i.o
       184         44          0          0          0        744   dunder.o
        24          0          0          0          0        124   fabs.o
        48          0          0          0          0        124   fpclassify.o
       248          0          0          0          0        152   poly.o
      3152        296        136          0          0        352   pow.o
         0          0          8          0          0          0   qnan.o
      1080        142        200          0          0        188   rred.o
       200         20          0          0          0        164   sin.o
       304         24         40          0          0        208   sin_i.o
       110          0          0          0          0        148   sqrt.o
        86          0          0          0          0          0   __dczerorl2.o
         0          0          0          0          0          0   entry.o
         0          0          0          0          0          0   entry10a.o
         0          0          0          0          0          0   entry11a.o
         4          0          0          0          0          0   entry12b.o
         8          4          0          0          0          0   entry2.o
         4          0          0          0          0          0   entry5.o
         0          0          0          0          0          0   entry7b.o
         0          0          0          0          0          0   entry8b.o
         8          4          0          0          0          0   entry9a.o
        12          6          0          4          0         68   errno.o
        30          0          0          0          0          0   handlers.o
        36          8          0          0          0         68   init.o
         0          0          0          0          0          0   iusefp.o
        30          0          0          0          0         68   llshl.o
        36          0          0          0          0         68   llsshr.o
        32          0          0          0          0         68   llushr.o
        36          0          0          0          0        108   memseta.o
      2304        102          0          0          0        696   printfa.o
        36         10          0          4          0        136   rand.o
         0          0          0          4          0          0   stdout.o
        44          0          0          0          0         80   uidiv.o
        98          0          0          0          0         92   uldiv.o
        48          0          0          0          0         68   cdrcmple.o
        56          0          0          0          0         88   d2f.o
       334          0          0          0          0        148   dadd.o
       222          0          0          0          0        100   ddiv.o
       186          0          0          0          0        176   depilogue.o
        62          0          0          0          0         80   dfixi.o
        48          0          0          0          0         68   dfixul.o
        34          0          0          0          0         76   dflti.o
        26          0          0          0          0         76   dfltui.o
       228          0          0          0          0         96   dmul.o
        46          0          0          0          0         80   dscalb.o
       162          0          0          0          0        100   dsqrt.o
        38          0          0          0          0         68   f2d.o
       110          0          0          0          0        168   fepilogue.o

    ----------------------------------------------------------------------
     10130        706        432         12          0       5248   Library Totals
         8          0          0          0          0          0   (incl. Padding)

    ----------------------------------------------------------------------

      Code (inc. data)   RO Data    RW Data    ZI Data      Debug   Library Name

      5718        572        432          0          0       2404   m_wm.l
      2804        134          0         12          0       1452   mc_w.l
      1600          0          0          0          0       1392   mf_w.l

    ----------------------------------------------------------------------
     10130        706        432         12          0       5248   Library Totals

    ----------------------------------------------------------------------

==============================================================================


      Code (inc. data)   RO Data    RW Data    ZI Data      Debug   

     36168       2132       3524        692      66412     617280   Grand Totals
     36168       2132       3524         60      66412     617280   ELF Image Totals (compressed)
     36168       2132       3524         60          0          0   ROM Totals

==============================================================================

    Total RO  Size (Code + RO Data)                39692 (  38.76kB)
    Total RW  Size (RW Data + ZI Data)             67104 (  65.53kB)
    Total ROM Size (Code + RO Data + RW Data)      39752 (  38.82kB)

==============================================================================

