<html>
<body>
<pre>
<h1>µVision Build Log</h1>
<h2>Tool Versions:</h2>
IDE-Version: µVision V5.35.0.0
Copyright (C) 2021 ARM Ltd and ARM Germany GmbH. All rights reserved.
License Information: Bouh Abdillahi École Polytechnique de Montréal Flex license: MDK Professional 5.35 (Flex) (mdk_pro) Operation stops: 4 Aug 2024
 
Tool Versions:
Toolchain:       MDK Professional 5.35 (Flex)  Version: 5.35.0.2
Toolchain Path:  C:\Keil_v5\ARM\ARMCC\Bin
C Compiler:      Armcc.exe V5.06 update 7 (build 960)
Assembler:       Armasm.exe V5.06 update 7 (build 960)
Linker/Locator:  ArmLink.exe V5.06 update 7 (build 960)
Library Manager: ArmAr.exe V5.06 update 7 (build 960)
Hex Converter:   FromElf.exe V5.06 update 7 (build 960)
CPU DLL:         SARMCM3.DLL V5.35.0.2
Dialog DLL:      DCM.DLL V1.17.3.0
Target DLL:      STLink\ST-LINKIII-KEIL_SWO.dll V3.0.9.0
Dialog DLL:      TCM.DLL V1.53.0.0
 
<h2>Project:</h2>
C:\Users\Bouh\Documents\Automne 2021\ELE3312\Projet\Projet\MyTestUnfailedUltimateSSGSS\MDK-ARM\MyTestUnfailedUltimateSSGSS.uvprojx
Project File Date:  11/11/2021

<h2>Output:</h2>
*** Using Compiler 'V5.06 update 7 (build 960)', folder: 'C:\Keil_v5\ARM\ARMCC\Bin'
Build target 'MyTestUnfailedUltimateSSGSS'
compiling main.c...
../Core/Inc/tetris.h(223): warning:  #1295-D: Deprecated declaration erasePreviewTetrimino - give arg types
  void erasePreviewTetrimino();
../Core/Inc/tetris.h(228): warning:  #1295-D: Deprecated declaration displayPreviewTetrimino - give arg types
  void displayPreviewTetrimino();
../Core/Src/main.c(374): warning:  #1035-D: single-precision operand implicitly converted to double-precision
  					Distance = Difference/58.0;
../Core/Src/main.c: 3 warnings, 0 errors
linking...
Program Size: Code=21144 RO-data=2960 RW-data=560 ZI-data=1880  
FromELF: creating hex file...
"MyTestUnfailedUltimateSSGSS\MyTestUnfailedUltimateSSGSS.axf" - 0 Error(s), 3 Warning(s).

<h2>Software Packages used:</h2>

Package Vendor: ARM
                http://www.keil.com/pack/ARM.CMSIS.5.7.0.pack
                ARM.CMSIS.5.7.0
                CMSIS (Cortex Microcontroller Software Interface Standard)
   * Component: CORE Version: 5.4.0
   * Component: DSP Variant: Library Version: 1.8.0

Package Vendor: Keil
                http://www.keil.com/pack/Keil.STM32F4xx_DFP.2.15.0.pack
                Keil.STM32F4xx_DFP.2.15.0
                STMicroelectronics STM32F4 Series Device Support, Drivers and Examples

<h2>Collection of Component include folders:</h2>
  .\RTE\_MyTestUnfailedUltimateSSGSS
  C:\Users\Bouh\AppData\Local\Arm\Packs\ARM\CMSIS\5.7.0\CMSIS\Core\Include
  C:\Users\Bouh\AppData\Local\Arm\Packs\ARM\CMSIS\5.7.0\CMSIS\DSP\Include
  C:\Users\Bouh\AppData\Local\Arm\Packs\Keil\STM32F4xx_DFP\2.15.0\Drivers\CMSIS\Device\ST\STM32F4xx\Include

<h2>Collection of Component Files used:</h2>

   * Component: ARM::CMSIS:CORE:5.4.0

   * Component: ARM::CMSIS:DSP:Library:1.8.0
      Library file:  CMSIS\DSP\Lib\ARM\arm_cortexM4lf_math.lib
      Include file:  CMSIS\DSP\Include\arm_math.h
Build Time Elapsed:  00:00:04
</pre>
</body>
</html>
